Archive member included to satisfy reference by file (symbol)

../../libtock/build/cortex-m4/libtock.a(crt0.o)
                              (_start)
../../libtock/build/cortex-m4/libtock.a(tock.o)
                              ../../libtock/build/cortex-m4/libtock.a(crt0.o) (yield)
../../libtock/build/cortex-m/libc.a(lib_a-exit.o)
                              ../../libtock/build/cortex-m4/libtock.a(tock.o) (exit)
../../libtock/build/cortex-m/libc.a(lib_a-impure.o)
                              ../../libtock/build/cortex-m/libc.a(lib_a-exit.o) (_global_impure_ptr)
../../libtock/build/cortex-m/libc.a(lib_a-memcpy-stub.o)
                              ../../libtock/build/cortex-m4/libtock.a(crt0.o) (memcpy)
../../libtock/build/cortex-m/libc.a(lib_a-memset.o)
                              ../../libtock/build/cortex-m4/libtock.a(crt0.o) (memset)
../../libtock/build/cortex-m/libc.a(lib_a-printf.o)
                              ../../libtock/build/cortex-m4/libtock.a(tock.o) (printf)
../../libtock/build/cortex-m/libc.a(lib_a-puts.o)
                              build/cortex-m0/main.o (puts)
../../libtock/build/cortex-m/libc.a(lib_a-wbuf.o)
                              ../../libtock/build/cortex-m/libc.a(lib_a-puts.o) (__swbuf_r)
../../libtock/build/cortex-m/libc.a(lib_a-wsetup.o)
                              ../../libtock/build/cortex-m/libc.a(lib_a-puts.o) (__swsetup_r)
../../libtock/build/cortex-m/libc.a(lib_a-fflush.o)
                              ../../libtock/build/cortex-m/libc.a(lib_a-wbuf.o) (_fflush_r)
../../libtock/build/cortex-m/libc.a(lib_a-findfp.o)
                              ../../libtock/build/cortex-m/libc.a(lib_a-printf.o) (__sinit)
../../libtock/build/cortex-m/libc.a(lib_a-fwalk.o)
                              ../../libtock/build/cortex-m/libc.a(lib_a-findfp.o) (_fwalk)
../../libtock/build/cortex-m/libc.a(lib_a-makebuf.o)
                              ../../libtock/build/cortex-m/libc.a(lib_a-wsetup.o) (__smakebuf_r)
../../libtock/build/cortex-m/libc.a(lib_a-nano-freer.o)
                              ../../libtock/build/cortex-m/libc.a(lib_a-wsetup.o) (_free_r)
../../libtock/build/cortex-m/libc.a(lib_a-nano-mallocr.o)
                              ../../libtock/build/cortex-m/libc.a(lib_a-findfp.o) (_malloc_r)
../../libtock/build/cortex-m/libc.a(lib_a-nano-vfprintf.o)
                              ../../libtock/build/cortex-m/libc.a(lib_a-printf.o) (_vfprintf_r)
../../libtock/build/cortex-m/libc.a(lib_a-sbrkr.o)
                              ../../libtock/build/cortex-m/libc.a(lib_a-nano-mallocr.o) (_sbrk_r)
../../libtock/build/cortex-m/libc.a(lib_a-stdio.o)
                              ../../libtock/build/cortex-m/libc.a(lib_a-findfp.o) (__sread)
../../libtock/build/cortex-m/libc.a(lib_a-writer.o)
                              ../../libtock/build/cortex-m/libc.a(lib_a-stdio.o) (_write_r)
../../libtock/build/cortex-m/libc.a(lib_a-closer.o)
                              ../../libtock/build/cortex-m/libc.a(lib_a-stdio.o) (_close_r)
../../libtock/build/cortex-m/libc.a(lib_a-fstatr.o)
                              ../../libtock/build/cortex-m/libc.a(lib_a-makebuf.o) (_fstat_r)
../../libtock/build/cortex-m/libc.a(lib_a-fvwrite.o)
                              ../../libtock/build/cortex-m/libc.a(lib_a-nano-vfprintf.o) (__sfvwrite_r)
../../libtock/build/cortex-m/libc.a(lib_a-isattyr.o)
                              ../../libtock/build/cortex-m/libc.a(lib_a-makebuf.o) (_isatty_r)
../../libtock/build/cortex-m/libc.a(lib_a-lseekr.o)
                              ../../libtock/build/cortex-m/libc.a(lib_a-stdio.o) (_lseek_r)
../../libtock/build/cortex-m/libc.a(lib_a-memchr-stub.o)
                              ../../libtock/build/cortex-m/libc.a(lib_a-nano-vfprintf.o) (memchr)
../../libtock/build/cortex-m/libc.a(lib_a-memmove.o)
                              ../../libtock/build/cortex-m/libc.a(lib_a-fvwrite.o) (memmove)
../../libtock/build/cortex-m/libc.a(lib_a-mlock.o)
                              ../../libtock/build/cortex-m/libc.a(lib_a-nano-freer.o) (__malloc_lock)
../../libtock/build/cortex-m/libc.a(lib_a-nano-reallocr.o)
                              ../../libtock/build/cortex-m/libc.a(lib_a-fvwrite.o) (_realloc_r)
../../libtock/build/cortex-m/libc.a(lib_a-nano-vfprintf_i.o)
                              ../../libtock/build/cortex-m/libc.a(lib_a-nano-vfprintf.o) (_printf_i)
../../libtock/build/cortex-m/libc.a(lib_a-readr.o)
                              ../../libtock/build/cortex-m/libc.a(lib_a-stdio.o) (_read_r)
../../libtock/build/cortex-m/libc.a(lib_a-reent.o)
                              ../../libtock/build/cortex-m/libc.a(lib_a-sbrkr.o) (errno)
../../libtock/build/cortex-m/libc.a(lib_a-nano-msizer.o)
                              ../../libtock/build/cortex-m/libc.a(lib_a-nano-reallocr.o) (_malloc_usable_size_r)
../../libtock/build/cortex-m/libgcc.a(_udivsi3.o)
                              ../../libtock/build/cortex-m/libc.a(lib_a-nano-vfprintf_i.o) (__aeabi_uidiv)
../../libtock/build/cortex-m/libgcc.a(_divsi3.o)
                              ../../libtock/build/cortex-m/libc.a(lib_a-fvwrite.o) (__aeabi_idiv)
../../libtock/build/cortex-m/libgcc.a(_dvmd_tls.o)
                              ../../libtock/build/cortex-m/libgcc.a(_udivsi3.o) (__aeabi_idiv0)
../../libtock/build/cortex-m4/libtock.a(sys.o)
                              ../../libtock/build/cortex-m/libc.a(lib_a-isattyr.o) (_isatty)
../../libtock/build/cortex-m4/libtock.a(console.o)
                              ../../libtock/build/cortex-m4/libtock.a(sys.o) (putnstr)
../../libtock/build/cortex-m/libc.a(lib_a-errno.o)
                              ../../libtock/build/cortex-m4/libtock.a(sys.o) (__errno)
../../libtock/build/cortex-m/libc.a(lib_a-malloc.o)
                              ../../libtock/build/cortex-m4/libtock.a(console.o) (malloc)
../../libtock/build/cortex-m/libc.a(lib_a-strncpy.o)
                              ../../libtock/build/cortex-m4/libtock.a(console.o) (strncpy)

Allocating common symbols
Common symbol       size              file

errno               0x4               ../../libtock/build/cortex-m/libc.a(lib_a-reent.o)

Discarded input sections

 .text          0x0000000000000000        0x0 build/cortex-m0/main.o
 .group         0x0000000000000000        0xc build/cortex-m0/main.o
 .text          0x0000000000000000        0x0 build/cortex-m3/main.o
 .group         0x0000000000000000        0xc build/cortex-m3/main.o
 .text.main     0x0000000000000000       0x14 build/cortex-m3/main.o
 .ARM.exidx.text.main
                0x0000000000000000        0x8 build/cortex-m3/main.o
 .rodata.str1.1
                0x0000000000000000        0xe build/cortex-m3/main.o
 .comment       0x0000000000000000       0x14 build/cortex-m3/main.o
 .note.GNU-stack
                0x0000000000000000        0x0 build/cortex-m3/main.o
 .ARM.attributes
                0x0000000000000000       0x41 build/cortex-m3/main.o
 .text          0x0000000000000000        0x0 build/cortex-m4/main.o
 .group         0x0000000000000000        0xc build/cortex-m4/main.o
 .text.main     0x0000000000000000       0x14 build/cortex-m4/main.o
 .ARM.exidx.text.main
                0x0000000000000000        0x8 build/cortex-m4/main.o
 .rodata.str1.1
                0x0000000000000000        0xe build/cortex-m4/main.o
 .comment       0x0000000000000000       0x14 build/cortex-m4/main.o
 .note.GNU-stack
                0x0000000000000000        0x0 build/cortex-m4/main.o
 .ARM.attributes
                0x0000000000000000       0x47 build/cortex-m4/main.o
 .text          0x0000000000000000        0x0 ../../libtock/build/cortex-m4/libtock.a(crt0.o)
 .text._c_start_nopic
                0x0000000000000000       0x2a ../../libtock/build/cortex-m4/libtock.a(crt0.o)
 .text          0x0000000000000000        0x0 ../../libtock/build/cortex-m4/libtock.a(tock.o)
 .text.tock_enqueue
                0x0000000000000000       0x60 ../../libtock/build/cortex-m4/libtock.a(tock.o)
 .text.tock_app_memory_begins_at
                0x0000000000000000        0x8 ../../libtock/build/cortex-m4/libtock.a(tock.o)
 .text.tock_app_memory_ends_at
                0x0000000000000000        0x8 ../../libtock/build/cortex-m4/libtock.a(tock.o)
 .text.tock_app_flash_begins_at
                0x0000000000000000        0x8 ../../libtock/build/cortex-m4/libtock.a(tock.o)
 .text.tock_app_flash_ends_at
                0x0000000000000000        0x8 ../../libtock/build/cortex-m4/libtock.a(tock.o)
 .text.tock_app_grant_begins_at
                0x0000000000000000        0x8 ../../libtock/build/cortex-m4/libtock.a(tock.o)
 .text.tock_app_number_writeable_flash_regions
                0x0000000000000000        0x8 ../../libtock/build/cortex-m4/libtock.a(tock.o)
 .text.tock_app_writeable_flash_region_begins_at
                0x0000000000000000        0x8 ../../libtock/build/cortex-m4/libtock.a(tock.o)
 .text.tock_app_writeable_flash_region_ends_at
                0x0000000000000000        0x8 ../../libtock/build/cortex-m4/libtock.a(tock.o)
 .text.driver_exists
                0x0000000000000000       0x12 ../../libtock/build/cortex-m4/libtock.a(tock.o)
 .text.tock_strerror
                0x0000000000000000       0x94 ../../libtock/build/cortex-m4/libtock.a(tock.o)
 .text.tock_expect
                0x0000000000000000       0x5c ../../libtock/build/cortex-m4/libtock.a(tock.o)
 .rodata.tock_expect.str1.1
                0x0000000000000000       0x65 ../../libtock/build/cortex-m4/libtock.a(tock.o)
 .rodata.tock_strerror.str1.1
                0x0000000000000000      0x1aa ../../libtock/build/cortex-m4/libtock.a(tock.o)
 .text          0x0000000000000000        0x0 ../../libtock/build/cortex-m/libc.a(lib_a-exit.o)
 .text.exit     0x0000000000000000       0x38 ../../libtock/build/cortex-m/libc.a(lib_a-exit.o)
 .text          0x0000000000000000        0x0 ../../libtock/build/cortex-m/libc.a(lib_a-impure.o)
 .text          0x0000000000000000        0x0 ../../libtock/build/cortex-m/libc.a(lib_a-memcpy-stub.o)
 .text          0x0000000000000000        0x0 ../../libtock/build/cortex-m/libc.a(lib_a-memset.o)
 .text          0x0000000000000000        0x0 ../../libtock/build/cortex-m/libc.a(lib_a-printf.o)
 .text._printf_r
                0x0000000000000000       0x2c ../../libtock/build/cortex-m/libc.a(lib_a-printf.o)
 .text.printf   0x0000000000000000       0x44 ../../libtock/build/cortex-m/libc.a(lib_a-printf.o)
 .text          0x0000000000000000        0x0 ../../libtock/build/cortex-m/libc.a(lib_a-puts.o)
 .text          0x0000000000000000        0x0 ../../libtock/build/cortex-m/libc.a(lib_a-wbuf.o)
 .text.__swbuf  0x0000000000000000       0x20 ../../libtock/build/cortex-m/libc.a(lib_a-wbuf.o)
 .text          0x0000000000000000        0x0 ../../libtock/build/cortex-m/libc.a(lib_a-wsetup.o)
 .text          0x0000000000000000        0x0 ../../libtock/build/cortex-m/libc.a(lib_a-fflush.o)
 .text.fflush   0x0000000000000000       0x40 ../../libtock/build/cortex-m/libc.a(lib_a-fflush.o)
 .text          0x0000000000000000        0x0 ../../libtock/build/cortex-m/libc.a(lib_a-findfp.o)
 .text.__fp_unlock
                0x0000000000000000        0x4 ../../libtock/build/cortex-m/libc.a(lib_a-findfp.o)
 .text.__fp_lock
                0x0000000000000000        0x4 ../../libtock/build/cortex-m/libc.a(lib_a-findfp.o)
 .text._cleanup
                0x0000000000000000       0x18 ../../libtock/build/cortex-m/libc.a(lib_a-findfp.o)
 .text.__fp_lock_all
                0x0000000000000000       0x30 ../../libtock/build/cortex-m/libc.a(lib_a-findfp.o)
 .text.__fp_unlock_all
                0x0000000000000000       0x30 ../../libtock/build/cortex-m/libc.a(lib_a-findfp.o)
 .text          0x0000000000000000        0x0 ../../libtock/build/cortex-m/libc.a(lib_a-fwalk.o)
 .text._fwalk   0x0000000000000000       0x3a ../../libtock/build/cortex-m/libc.a(lib_a-fwalk.o)
 .text          0x0000000000000000        0x0 ../../libtock/build/cortex-m/libc.a(lib_a-makebuf.o)
 .text          0x0000000000000000        0x0 ../../libtock/build/cortex-m/libc.a(lib_a-nano-freer.o)
 .text          0x0000000000000000        0x0 ../../libtock/build/cortex-m/libc.a(lib_a-nano-mallocr.o)
 .text          0x0000000000000000        0x0 ../../libtock/build/cortex-m/libc.a(lib_a-nano-vfprintf.o)
 .text.__sfputc_r
                0x0000000000000000       0x2a ../../libtock/build/cortex-m/libc.a(lib_a-nano-vfprintf.o)
 .text.__sfputs_r
                0x0000000000000000       0x24 ../../libtock/build/cortex-m/libc.a(lib_a-nano-vfprintf.o)
 .text.__sprint_r
                0x0000000000000000       0x1c ../../libtock/build/cortex-m/libc.a(lib_a-nano-vfprintf.o)
 .text._vfprintf_r
                0x0000000000000000      0x288 ../../libtock/build/cortex-m/libc.a(lib_a-nano-vfprintf.o)
 .text.vfprintf
                0x0000000000000000       0x24 ../../libtock/build/cortex-m/libc.a(lib_a-nano-vfprintf.o)
 .rodata._vfprintf_r.str1.1
                0x0000000000000000       0x11 ../../libtock/build/cortex-m/libc.a(lib_a-nano-vfprintf.o)
 .text          0x0000000000000000        0x0 ../../libtock/build/cortex-m/libc.a(lib_a-sbrkr.o)
 .text          0x0000000000000000        0x0 ../../libtock/build/cortex-m/libc.a(lib_a-stdio.o)
 .text.__seofread
                0x0000000000000000        0x4 ../../libtock/build/cortex-m/libc.a(lib_a-stdio.o)
 .text          0x0000000000000000        0x0 ../../libtock/build/cortex-m/libc.a(lib_a-writer.o)
 .text          0x0000000000000000        0x0 ../../libtock/build/cortex-m/libc.a(lib_a-closer.o)
 .text          0x0000000000000000        0x0 ../../libtock/build/cortex-m/libc.a(lib_a-fstatr.o)
 .text          0x0000000000000000        0x0 ../../libtock/build/cortex-m/libc.a(lib_a-fvwrite.o)
 .text.__sfvwrite_r
                0x0000000000000000      0x2c4 ../../libtock/build/cortex-m/libc.a(lib_a-fvwrite.o)
 .text          0x0000000000000000        0x0 ../../libtock/build/cortex-m/libc.a(lib_a-isattyr.o)
 .text          0x0000000000000000        0x0 ../../libtock/build/cortex-m/libc.a(lib_a-lseekr.o)
 .text          0x0000000000000000        0x0 ../../libtock/build/cortex-m/libc.a(lib_a-memchr-stub.o)
 .text.memchr   0x0000000000000000       0x16 ../../libtock/build/cortex-m/libc.a(lib_a-memchr-stub.o)
 .text          0x0000000000000000        0x0 ../../libtock/build/cortex-m/libc.a(lib_a-memmove.o)
 .text.memmove  0x0000000000000000       0x24 ../../libtock/build/cortex-m/libc.a(lib_a-memmove.o)
 .text          0x0000000000000000        0x0 ../../libtock/build/cortex-m/libc.a(lib_a-mlock.o)
 .text          0x0000000000000000        0x0 ../../libtock/build/cortex-m/libc.a(lib_a-nano-reallocr.o)
 .text._realloc_r
                0x0000000000000000       0x4c ../../libtock/build/cortex-m/libc.a(lib_a-nano-reallocr.o)
 .text          0x0000000000000000        0x0 ../../libtock/build/cortex-m/libc.a(lib_a-nano-vfprintf_i.o)
 .text._printf_common
                0x0000000000000000       0xdc ../../libtock/build/cortex-m/libc.a(lib_a-nano-vfprintf_i.o)
 .text._printf_i
                0x0000000000000000      0x248 ../../libtock/build/cortex-m/libc.a(lib_a-nano-vfprintf_i.o)
 .rodata._printf_i.str1.1
                0x0000000000000000       0x22 ../../libtock/build/cortex-m/libc.a(lib_a-nano-vfprintf_i.o)
 .text          0x0000000000000000        0x0 ../../libtock/build/cortex-m/libc.a(lib_a-readr.o)
 .text          0x0000000000000000        0x0 ../../libtock/build/cortex-m/libc.a(lib_a-reent.o)
 .text.cleanup_glue
                0x0000000000000000       0x1a ../../libtock/build/cortex-m/libc.a(lib_a-reent.o)
 .text._reclaim_reent
                0x0000000000000000       0xd8 ../../libtock/build/cortex-m/libc.a(lib_a-reent.o)
 .text          0x0000000000000000        0x0 ../../libtock/build/cortex-m/libc.a(lib_a-nano-msizer.o)
 .text._malloc_usable_size_r
                0x0000000000000000       0x10 ../../libtock/build/cortex-m/libc.a(lib_a-nano-msizer.o)
 .text          0x0000000000000000       0x9c ../../libtock/build/cortex-m/libgcc.a(_udivsi3.o)
 .text          0x0000000000000000       0xc0 ../../libtock/build/cortex-m/libgcc.a(_divsi3.o)
 .text          0x0000000000000000        0x4 ../../libtock/build/cortex-m/libgcc.a(_dvmd_tls.o)
 .text          0x0000000000000000        0x0 ../../libtock/build/cortex-m4/libtock.a(sys.o)
 .text._unlink  0x0000000000000000        0x6 ../../libtock/build/cortex-m4/libtock.a(sys.o)
 .text._open    0x0000000000000000        0xa ../../libtock/build/cortex-m4/libtock.a(sys.o)
 .text._exit    0x0000000000000000        0x2 ../../libtock/build/cortex-m4/libtock.a(sys.o)
 .text._getpid  0x0000000000000000        0x4 ../../libtock/build/cortex-m4/libtock.a(sys.o)
 .text._kill    0x0000000000000000        0x6 ../../libtock/build/cortex-m4/libtock.a(sys.o)
 .text          0x0000000000000000        0x0 ../../libtock/build/cortex-m4/libtock.a(console.o)
 .text.getnstr_cb
                0x0000000000000000       0x14 ../../libtock/build/cortex-m4/libtock.a(console.o)
 .text.getnstr_async
                0x0000000000000000       0x3a ../../libtock/build/cortex-m4/libtock.a(console.o)
 .text.getnstr  0x0000000000000000       0x3c ../../libtock/build/cortex-m4/libtock.a(console.o)
 .text.getch    0x0000000000000000       0x1c ../../libtock/build/cortex-m4/libtock.a(console.o)
 .text.getnstr_abort
                0x0000000000000000        0xc ../../libtock/build/cortex-m4/libtock.a(console.o)
 .text          0x0000000000000000        0x0 ../../libtock/build/cortex-m/libc.a(lib_a-errno.o)
 .text          0x0000000000000000        0x0 ../../libtock/build/cortex-m/libc.a(lib_a-malloc.o)
 .text          0x0000000000000000        0x0 ../../libtock/build/cortex-m/libc.a(lib_a-strncpy.o)

Memory Configuration

Name             Origin             Length             Attributes
FLASH            0x0000000080000000 0x0000000000040000 xr
SRAM             0x0000000000000000 0x0000000000010000 xrw
*default*        0x0000000000000000 0xffffffffffffffff

Linker script and memory map

                0x0000000000000800                STACK_SIZE = 0x800
                0x0000000000000400                APP_HEAP_SIZE = 0x400
                0x0000000000000400                KERNEL_HEAP_SIZE = 0x400
START GROUP
LOAD build/cortex-m0/main.o
LOAD build/cortex-m3/main.o
LOAD build/cortex-m4/main.o
LOAD ../../libtock-d/build/cortex-m4/libtock-d.a
LOAD ../../libtock/build/cortex-m4/libtock.a
LOAD ../../libtock/build/cortex-m/libc.a
LOAD ../../libtock/build/cortex-m/libgcc.a
                0x0000000000040000                PROG_LENGTH = 0x40000
                0x0000000000010000                RAM_LENGTH = 0x10000

.crt0_header    0x0000000080000000       0x28
                0x0000000080000000        0x4 LONG 0xe98 (LOADADDR (.got) - ORIGIN (FLASH))
                0x0000000080000004        0x4 LONG 0x800 (_got - ORIGIN (SRAM))
                0x0000000080000008        0x4 LONG 0x5c SIZEOF (.got)
                0x000000008000000c        0x4 LONG 0xef4 (LOADADDR (.data) - ORIGIN (FLASH))
                0x0000000080000010        0x4 LONG 0x85c (_data - ORIGIN (SRAM))
                0x0000000080000014        0x4 LONG 0x70 SIZEOF (.data)
                0x0000000080000018        0x4 LONG 0x8cc (_bss - ORIGIN (SRAM))
                0x000000008000001c        0x4 LONG 0x160 SIZEOF (.bss)
                0x0000000080000020        0x4 LONG 0xf64 (LOADADDR (.endflash) - ORIGIN (FLASH))
                0x0000000080000024        0x4 LONG 0x800 STACK_SIZE

.wfr.app_state  0x0000000080000028        0x0
 *(.app_state)
                0x0000000080000028                . = ALIGN (0x4)

.text           0x0000000080000028      0xe70
                0x0000000080000028                . = ALIGN (0x4)
                0x0000000080000028                _text = .
 *(.start)
 .start         0x0000000080000028       0x42 ../../libtock/build/cortex-m4/libtock.a(crt0.o)
                0x0000000080000028                _start
 *(.text*)
 *fill*         0x000000008000006a        0x2 ff
 .text.main     0x000000008000006c       0x14 build/cortex-m0/main.o
                0x000000008000006c                main
 .text._c_start_pic
                0x0000000080000080       0x7e ../../libtock/build/cortex-m4/libtock.a(crt0.o)
                0x0000000080000080                _c_start_pic
 *fill*         0x00000000800000fe        0x2 ff
 .text.yield    0x0000000080000100       0x58 ../../libtock/build/cortex-m4/libtock.a(tock.o)
                0x0000000080000100                yield
 .text.yield_for
                0x0000000080000158       0x10 ../../libtock/build/cortex-m4/libtock.a(tock.o)
                0x0000000080000158                yield_for
 .text.subscribe
                0x0000000080000168        0x4 ../../libtock/build/cortex-m4/libtock.a(tock.o)
                0x0000000080000168                subscribe
 .text.command  0x000000008000016c        0x4 ../../libtock/build/cortex-m4/libtock.a(tock.o)
                0x000000008000016c                command
 .text.allow    0x0000000080000170        0x4 ../../libtock/build/cortex-m4/libtock.a(tock.o)
                0x0000000080000170                allow
 .text.memop    0x0000000080000174        0x4 ../../libtock/build/cortex-m4/libtock.a(tock.o)
                0x0000000080000174                memop
 .text.memcpy   0x0000000080000178       0x12 ../../libtock/build/cortex-m/libc.a(lib_a-memcpy-stub.o)
                0x0000000080000178                memcpy
 .text.memset   0x000000008000018a       0x10 ../../libtock/build/cortex-m/libc.a(lib_a-memset.o)
                0x000000008000018a                memset
 *fill*         0x000000008000019a        0x2 ff
 .text._puts_r  0x000000008000019c       0xdc ../../libtock/build/cortex-m/libc.a(lib_a-puts.o)
                0x000000008000019c                _puts_r
 .text.puts     0x0000000080000278       0x1c ../../libtock/build/cortex-m/libc.a(lib_a-puts.o)
                0x0000000080000278                puts
 .text.__swbuf_r
                0x0000000080000294       0xc8 ../../libtock/build/cortex-m/libc.a(lib_a-wbuf.o)
                0x0000000080000294                __swbuf_r
 .text.__swsetup_r
                0x000000008000035c      0x108 ../../libtock/build/cortex-m/libc.a(lib_a-wsetup.o)
                0x000000008000035c                __swsetup_r
 .text.__sflush_r
                0x0000000080000464      0x11c ../../libtock/build/cortex-m/libc.a(lib_a-fflush.o)
                0x0000000080000464                __sflush_r
 .text._fflush_r
                0x0000000080000580       0x74 ../../libtock/build/cortex-m/libc.a(lib_a-fflush.o)
                0x0000000080000580                _fflush_r
 .text._cleanup_r
                0x00000000800005f4       0x20 ../../libtock/build/cortex-m/libc.a(lib_a-findfp.o)
                0x00000000800005f4                _cleanup_r
 .text.std.isra.0
                0x0000000080000614       0x64 ../../libtock/build/cortex-m/libc.a(lib_a-findfp.o)
 .text.__sfmoreglue
                0x0000000080000678       0x2c ../../libtock/build/cortex-m/libc.a(lib_a-findfp.o)
                0x0000000080000678                __sfmoreglue
 .text.__sfp_lock_acquire
                0x00000000800006a4        0x2 ../../libtock/build/cortex-m/libc.a(lib_a-findfp.o)
                0x00000000800006a4                __sfp_lock_acquire
 .text.__sfp_lock_release
                0x00000000800006a6        0x2 ../../libtock/build/cortex-m/libc.a(lib_a-findfp.o)
                0x00000000800006a6                __sfp_lock_release
 .text.__sinit_lock_acquire
                0x00000000800006a8        0x2 ../../libtock/build/cortex-m/libc.a(lib_a-findfp.o)
                0x00000000800006a8                __sinit_lock_acquire
 .text.__sinit_lock_release
                0x00000000800006aa        0x2 ../../libtock/build/cortex-m/libc.a(lib_a-findfp.o)
                0x00000000800006aa                __sinit_lock_release
 .text.__sinit  0x00000000800006ac       0x84 ../../libtock/build/cortex-m/libc.a(lib_a-findfp.o)
                0x00000000800006ac                __sinit
 .text.__sfp    0x0000000080000730       0x94 ../../libtock/build/cortex-m/libc.a(lib_a-findfp.o)
                0x0000000080000730                __sfp
 .text._fwalk_reent
                0x00000000800007c4       0x44 ../../libtock/build/cortex-m/libc.a(lib_a-fwalk.o)
                0x00000000800007c4                _fwalk_reent
 .text.__swhatbuf_r
                0x0000000080000808       0x50 ../../libtock/build/cortex-m/libc.a(lib_a-makebuf.o)
                0x0000000080000808                __swhatbuf_r
 .text.__smakebuf_r
                0x0000000080000858       0x98 ../../libtock/build/cortex-m/libc.a(lib_a-makebuf.o)
                0x0000000080000858                __smakebuf_r
 .text._free_r  0x00000000800008f0       0xa0 ../../libtock/build/cortex-m/libc.a(lib_a-nano-freer.o)
                0x00000000800008f0                _free_r
 .text._malloc_r
                0x0000000080000990       0xcc ../../libtock/build/cortex-m/libc.a(lib_a-nano-mallocr.o)
                0x0000000080000990                _malloc_r
 .text._sbrk_r  0x0000000080000a5c       0x30 ../../libtock/build/cortex-m/libc.a(lib_a-sbrkr.o)
                0x0000000080000a5c                _sbrk_r
 .text.__sread  0x0000000080000a8c       0x28 ../../libtock/build/cortex-m/libc.a(lib_a-stdio.o)
                0x0000000080000a8c                __sread
 .text.__swrite
                0x0000000080000ab4       0x38 ../../libtock/build/cortex-m/libc.a(lib_a-stdio.o)
                0x0000000080000ab4                __swrite
 .text.__sseek  0x0000000080000aec       0x2c ../../libtock/build/cortex-m/libc.a(lib_a-stdio.o)
                0x0000000080000aec                __sseek
 .text.__sclose
                0x0000000080000b18        0xc ../../libtock/build/cortex-m/libc.a(lib_a-stdio.o)
                0x0000000080000b18                __sclose
 .text._write_r
                0x0000000080000b24       0x34 ../../libtock/build/cortex-m/libc.a(lib_a-writer.o)
                0x0000000080000b24                _write_r
 .text._close_r
                0x0000000080000b58       0x30 ../../libtock/build/cortex-m/libc.a(lib_a-closer.o)
                0x0000000080000b58                _close_r
 .text._fstat_r
                0x0000000080000b88       0x30 ../../libtock/build/cortex-m/libc.a(lib_a-fstatr.o)
                0x0000000080000b88                _fstat_r
 .text._isatty_r
                0x0000000080000bb8       0x30 ../../libtock/build/cortex-m/libc.a(lib_a-isattyr.o)
                0x0000000080000bb8                _isatty_r
 .text._lseek_r
                0x0000000080000be8       0x34 ../../libtock/build/cortex-m/libc.a(lib_a-lseekr.o)
                0x0000000080000be8                _lseek_r
 .text.__malloc_lock
                0x0000000080000c1c        0x2 ../../libtock/build/cortex-m/libc.a(lib_a-mlock.o)
                0x0000000080000c1c                __malloc_lock
 .text.__malloc_unlock
                0x0000000080000c1e        0x2 ../../libtock/build/cortex-m/libc.a(lib_a-mlock.o)
                0x0000000080000c1e                __malloc_unlock
 .text._read_r  0x0000000080000c20       0x34 ../../libtock/build/cortex-m/libc.a(lib_a-readr.o)
                0x0000000080000c20                _read_r
 .text._isatty  0x0000000080000c54        0x8 ../../libtock/build/cortex-m4/libtock.a(sys.o)
                0x0000000080000c54                _isatty
 .text._write   0x0000000080000c5c       0x10 ../../libtock/build/cortex-m4/libtock.a(sys.o)
                0x0000000080000c5c                _write
 .text._close   0x0000000080000c6c        0x6 ../../libtock/build/cortex-m4/libtock.a(sys.o)
                0x0000000080000c6c                _close
 .text._fstat   0x0000000080000c72        0xa ../../libtock/build/cortex-m4/libtock.a(sys.o)
                0x0000000080000c72                _fstat
 .text._lseek   0x0000000080000c7c        0x4 ../../libtock/build/cortex-m4/libtock.a(sys.o)
                0x0000000080000c7c                _lseek
 .text._read    0x0000000080000c80        0x4 ../../libtock/build/cortex-m4/libtock.a(sys.o)
                0x0000000080000c80                _read
 .text._sbrk    0x0000000080000c84       0x1e ../../libtock/build/cortex-m4/libtock.a(sys.o)
                0x0000000080000c84                _sbrk
 .text.putnstr_async
                0x0000000080000ca2       0x3a ../../libtock/build/cortex-m4/libtock.a(console.o)
                0x0000000080000ca2                putnstr_async
 .text.putnstr  0x0000000080000cdc       0x90 ../../libtock/build/cortex-m4/libtock.a(console.o)
                0x0000000080000cdc                putnstr
 .text.putstr_cb
                0x0000000080000d6c       0x44 ../../libtock/build/cortex-m4/libtock.a(console.o)
 .text.__errno  0x0000000080000db0       0x18 ../../libtock/build/cortex-m/libc.a(lib_a-errno.o)
                0x0000000080000db0                __errno
 .text.malloc   0x0000000080000dc8       0x1c ../../libtock/build/cortex-m/libc.a(lib_a-malloc.o)
                0x0000000080000dc8                malloc
 .text.free     0x0000000080000de4       0x1c ../../libtock/build/cortex-m/libc.a(lib_a-malloc.o)
                0x0000000080000de4                free
 .text.strncpy  0x0000000080000e00       0x2a ../../libtock/build/cortex-m/libc.a(lib_a-strncpy.o)
                0x0000000080000e00                strncpy
 *(.rodata*)
 .rodata.str1.1
                0x0000000080000e2a        0xe build/cortex-m0/main.o
 .rodata.__sf_fake_stderr
                0x0000000080000e38       0x20 ../../libtock/build/cortex-m/libc.a(lib_a-findfp.o)
                0x0000000080000e38                __sf_fake_stderr
 .rodata.__sf_fake_stdin
                0x0000000080000e58       0x20 ../../libtock/build/cortex-m/libc.a(lib_a-findfp.o)
                0x0000000080000e58                __sf_fake_stdin
 .rodata.__sf_fake_stdout
                0x0000000080000e78       0x20 ../../libtock/build/cortex-m/libc.a(lib_a-findfp.o)
                0x0000000080000e78                __sf_fake_stdout
 *(.syscalls)
                0x0000000080000e98                _etext = .
 *(.ARM.extab*)
                0x0000000080000e98                . = ALIGN (0x4)

.glue_7         0x0000000080000e98        0x0
 .glue_7        0x0000000080000e98        0x0 linker stubs

.glue_7t        0x0000000080000e98        0x0
 .glue_7t       0x0000000080000e98        0x0 linker stubs

.vfp11_veneer   0x0000000080000e98        0x0
 .vfp11_veneer  0x0000000080000e98        0x0 linker stubs

.v4_bx          0x0000000080000e98        0x0
 .v4_bx         0x0000000080000e98        0x0 linker stubs

.iplt           0x0000000080000e98        0x0
 .iplt          0x0000000080000e98        0x0 build/cortex-m0/main.o

.stack          0x0000000000000000      0x800
                0x0000000000000000                . = ALIGN (0x10)
                0x0000000000000000                _stack = .
                0x0000000000000800                . = (_stack + STACK_SIZE)
 *fill*         0x0000000000000000      0x800 
                0x0000000000000800                . = ALIGN (0x10)

.got            0x0000000000000800       0x5c load address 0x0000000080000e98
                0x0000000000000800                . = ALIGN (0x4)
                0x0000000000000800                _got = .
 *(.got*)
 .got           0x0000000000000800       0x50 build/cortex-m0/main.o
 .got.plt       0x0000000000000850        0xc build/cortex-m0/main.o
                0x0000000000000850                _GLOBAL_OFFSET_TABLE_
 *(.got.plt*)
                0x000000000000085c                . = ALIGN (0x4)

.data           0x000000000000085c       0x70 load address 0x0000000080000ef4
                0x000000000000085c                . = ALIGN (0x4)
                0x000000000000085c                _data = .
 *(.data*)
 .data          0x000000000000085c        0x0 ../../libtock/build/cortex-m4/libtock.a(crt0.o)
 .data          0x000000000000085c        0x0 ../../libtock/build/cortex-m4/libtock.a(tock.o)
 .data          0x000000000000085c        0x0 ../../libtock/build/cortex-m/libc.a(lib_a-exit.o)
 .data          0x000000000000085c        0x0 ../../libtock/build/cortex-m/libc.a(lib_a-impure.o)
 .data.rel.impure_data
                0x000000000000085c       0x60 ../../libtock/build/cortex-m/libc.a(lib_a-impure.o)
 .data.rel.local._impure_ptr
                0x00000000000008bc        0x4 ../../libtock/build/cortex-m/libc.a(lib_a-impure.o)
                0x00000000000008bc                _impure_ptr
 .data.rel.ro.local._global_impure_ptr
                0x00000000000008c0        0x4 ../../libtock/build/cortex-m/libc.a(lib_a-impure.o)
                0x00000000000008c0                _global_impure_ptr
 .data          0x00000000000008c4        0x0 ../../libtock/build/cortex-m/libc.a(lib_a-memcpy-stub.o)
 .data          0x00000000000008c4        0x0 ../../libtock/build/cortex-m/libc.a(lib_a-memset.o)
 .data          0x00000000000008c4        0x0 ../../libtock/build/cortex-m/libc.a(lib_a-printf.o)
 .data          0x00000000000008c4        0x0 ../../libtock/build/cortex-m/libc.a(lib_a-puts.o)
 .data          0x00000000000008c4        0x0 ../../libtock/build/cortex-m/libc.a(lib_a-wbuf.o)
 .data          0x00000000000008c4        0x0 ../../libtock/build/cortex-m/libc.a(lib_a-wsetup.o)
 .data          0x00000000000008c4        0x0 ../../libtock/build/cortex-m/libc.a(lib_a-fflush.o)
 .data          0x00000000000008c4        0x0 ../../libtock/build/cortex-m/libc.a(lib_a-findfp.o)
 .data          0x00000000000008c4        0x0 ../../libtock/build/cortex-m/libc.a(lib_a-fwalk.o)
 .data          0x00000000000008c4        0x0 ../../libtock/build/cortex-m/libc.a(lib_a-makebuf.o)
 .data          0x00000000000008c4        0x0 ../../libtock/build/cortex-m/libc.a(lib_a-nano-freer.o)
 .data          0x00000000000008c4        0x0 ../../libtock/build/cortex-m/libc.a(lib_a-nano-mallocr.o)
 .data          0x00000000000008c4        0x0 ../../libtock/build/cortex-m/libc.a(lib_a-nano-vfprintf.o)
 .data          0x00000000000008c4        0x0 ../../libtock/build/cortex-m/libc.a(lib_a-sbrkr.o)
 .data          0x00000000000008c4        0x0 ../../libtock/build/cortex-m/libc.a(lib_a-stdio.o)
 .data          0x00000000000008c4        0x0 ../../libtock/build/cortex-m/libc.a(lib_a-writer.o)
 .data          0x00000000000008c4        0x0 ../../libtock/build/cortex-m/libc.a(lib_a-closer.o)
 .data          0x00000000000008c4        0x0 ../../libtock/build/cortex-m/libc.a(lib_a-fstatr.o)
 .data          0x00000000000008c4        0x0 ../../libtock/build/cortex-m/libc.a(lib_a-fvwrite.o)
 .data          0x00000000000008c4        0x0 ../../libtock/build/cortex-m/libc.a(lib_a-isattyr.o)
 .data          0x00000000000008c4        0x0 ../../libtock/build/cortex-m/libc.a(lib_a-lseekr.o)
 .data          0x00000000000008c4        0x0 ../../libtock/build/cortex-m/libc.a(lib_a-memchr-stub.o)
 .data          0x00000000000008c4        0x0 ../../libtock/build/cortex-m/libc.a(lib_a-memmove.o)
 .data          0x00000000000008c4        0x0 ../../libtock/build/cortex-m/libc.a(lib_a-mlock.o)
 .data          0x00000000000008c4        0x0 ../../libtock/build/cortex-m/libc.a(lib_a-nano-reallocr.o)
 .data          0x00000000000008c4        0x0 ../../libtock/build/cortex-m/libc.a(lib_a-nano-vfprintf_i.o)
 .data          0x00000000000008c4        0x0 ../../libtock/build/cortex-m/libc.a(lib_a-readr.o)
 .data          0x00000000000008c4        0x0 ../../libtock/build/cortex-m/libc.a(lib_a-reent.o)
 .data          0x00000000000008c4        0x0 ../../libtock/build/cortex-m/libc.a(lib_a-nano-msizer.o)
 .data          0x00000000000008c4        0x0 ../../libtock/build/cortex-m/libgcc.a(_udivsi3.o)
 .data          0x00000000000008c4        0x0 ../../libtock/build/cortex-m/libgcc.a(_divsi3.o)
 .data          0x00000000000008c4        0x0 ../../libtock/build/cortex-m/libgcc.a(_dvmd_tls.o)
 .data          0x00000000000008c4        0x0 ../../libtock/build/cortex-m4/libtock.a(sys.o)
 .data          0x00000000000008c4        0x0 ../../libtock/build/cortex-m4/libtock.a(console.o)
 .data.getnstr_data
                0x00000000000008c4        0x8 ../../libtock/build/cortex-m4/libtock.a(console.o)
 .data          0x00000000000008cc        0x0 ../../libtock/build/cortex-m/libc.a(lib_a-errno.o)
 .data          0x00000000000008cc        0x0 ../../libtock/build/cortex-m/libc.a(lib_a-malloc.o)
 .data          0x00000000000008cc        0x0 ../../libtock/build/cortex-m/libc.a(lib_a-strncpy.o)
 *(.sdata*)
                0x00000000000008cc                . = ALIGN (0x4)

.igot.plt       0x00000000000008cc        0x0 load address 0x0000000080000f64
 .igot.plt      0x00000000000008cc        0x0 build/cortex-m0/main.o

.bss            0x00000000000008cc      0x160 load address 0x0000000080000f64
                0x00000000000008cc                . = ALIGN (0x4)
                0x00000000000008cc                _bss = .
 *(.bss*)
 .bss           0x00000000000008cc        0x0 ../../libtock/build/cortex-m4/libtock.a(crt0.o)
 .bss           0x00000000000008cc        0x0 ../../libtock/build/cortex-m4/libtock.a(tock.o)
 .bss.task_cur  0x00000000000008cc        0x4 ../../libtock/build/cortex-m4/libtock.a(tock.o)
 .bss.task_last
                0x00000000000008d0        0x4 ../../libtock/build/cortex-m4/libtock.a(tock.o)
 .bss.task_queue
                0x00000000000008d4      0x140 ../../libtock/build/cortex-m4/libtock.a(tock.o)
 .bss           0x0000000000000a14        0x0 ../../libtock/build/cortex-m/libc.a(lib_a-exit.o)
 .bss           0x0000000000000a14        0x0 ../../libtock/build/cortex-m/libc.a(lib_a-impure.o)
 .bss           0x0000000000000a14        0x0 ../../libtock/build/cortex-m/libc.a(lib_a-memcpy-stub.o)
 .bss           0x0000000000000a14        0x0 ../../libtock/build/cortex-m/libc.a(lib_a-memset.o)
 .bss           0x0000000000000a14        0x0 ../../libtock/build/cortex-m/libc.a(lib_a-printf.o)
 .bss           0x0000000000000a14        0x0 ../../libtock/build/cortex-m/libc.a(lib_a-puts.o)
 .bss           0x0000000000000a14        0x0 ../../libtock/build/cortex-m/libc.a(lib_a-wbuf.o)
 .bss           0x0000000000000a14        0x0 ../../libtock/build/cortex-m/libc.a(lib_a-wsetup.o)
 .bss           0x0000000000000a14        0x0 ../../libtock/build/cortex-m/libc.a(lib_a-fflush.o)
 .bss           0x0000000000000a14        0x0 ../../libtock/build/cortex-m/libc.a(lib_a-findfp.o)
 .bss           0x0000000000000a14        0x0 ../../libtock/build/cortex-m/libc.a(lib_a-fwalk.o)
 .bss           0x0000000000000a14        0x0 ../../libtock/build/cortex-m/libc.a(lib_a-makebuf.o)
 .bss           0x0000000000000a14        0x0 ../../libtock/build/cortex-m/libc.a(lib_a-nano-freer.o)
 .bss           0x0000000000000a14        0x0 ../../libtock/build/cortex-m/libc.a(lib_a-nano-mallocr.o)
 .bss.__malloc_free_list
                0x0000000000000a14        0x4 ../../libtock/build/cortex-m/libc.a(lib_a-nano-mallocr.o)
                0x0000000000000a14                __malloc_free_list
 .bss.__malloc_sbrk_start
                0x0000000000000a18        0x4 ../../libtock/build/cortex-m/libc.a(lib_a-nano-mallocr.o)
                0x0000000000000a18                __malloc_sbrk_start
 .bss           0x0000000000000a1c        0x0 ../../libtock/build/cortex-m/libc.a(lib_a-nano-vfprintf.o)
 .bss           0x0000000000000a1c        0x0 ../../libtock/build/cortex-m/libc.a(lib_a-sbrkr.o)
 .bss           0x0000000000000a1c        0x0 ../../libtock/build/cortex-m/libc.a(lib_a-stdio.o)
 .bss           0x0000000000000a1c        0x0 ../../libtock/build/cortex-m/libc.a(lib_a-writer.o)
 .bss           0x0000000000000a1c        0x0 ../../libtock/build/cortex-m/libc.a(lib_a-closer.o)
 .bss           0x0000000000000a1c        0x0 ../../libtock/build/cortex-m/libc.a(lib_a-fstatr.o)
 .bss           0x0000000000000a1c        0x0 ../../libtock/build/cortex-m/libc.a(lib_a-fvwrite.o)
 .bss           0x0000000000000a1c        0x0 ../../libtock/build/cortex-m/libc.a(lib_a-isattyr.o)
 .bss           0x0000000000000a1c        0x0 ../../libtock/build/cortex-m/libc.a(lib_a-lseekr.o)
 .bss           0x0000000000000a1c        0x0 ../../libtock/build/cortex-m/libc.a(lib_a-memchr-stub.o)
 .bss           0x0000000000000a1c        0x0 ../../libtock/build/cortex-m/libc.a(lib_a-memmove.o)
 .bss           0x0000000000000a1c        0x0 ../../libtock/build/cortex-m/libc.a(lib_a-mlock.o)
 .bss           0x0000000000000a1c        0x0 ../../libtock/build/cortex-m/libc.a(lib_a-nano-reallocr.o)
 .bss           0x0000000000000a1c        0x0 ../../libtock/build/cortex-m/libc.a(lib_a-nano-vfprintf_i.o)
 .bss           0x0000000000000a1c        0x0 ../../libtock/build/cortex-m/libc.a(lib_a-readr.o)
 .bss           0x0000000000000a1c        0x0 ../../libtock/build/cortex-m/libc.a(lib_a-reent.o)
 .bss           0x0000000000000a1c        0x0 ../../libtock/build/cortex-m/libc.a(lib_a-nano-msizer.o)
 .bss           0x0000000000000a1c        0x0 ../../libtock/build/cortex-m/libgcc.a(_udivsi3.o)
 .bss           0x0000000000000a1c        0x0 ../../libtock/build/cortex-m/libgcc.a(_divsi3.o)
 .bss           0x0000000000000a1c        0x0 ../../libtock/build/cortex-m/libgcc.a(_dvmd_tls.o)
 .bss           0x0000000000000a1c        0x0 ../../libtock/build/cortex-m4/libtock.a(sys.o)
 .bss.__dso_handle
                0x0000000000000a1c        0x4 ../../libtock/build/cortex-m4/libtock.a(sys.o)
                0x0000000000000a1c                __dso_handle
 .bss           0x0000000000000a20        0x0 ../../libtock/build/cortex-m4/libtock.a(console.o)
 .bss.putstr_head
                0x0000000000000a20        0x4 ../../libtock/build/cortex-m4/libtock.a(console.o)
 .bss.putstr_tail
                0x0000000000000a24        0x4 ../../libtock/build/cortex-m4/libtock.a(console.o)
 .bss           0x0000000000000a28        0x0 ../../libtock/build/cortex-m/libc.a(lib_a-errno.o)
 .bss           0x0000000000000a28        0x0 ../../libtock/build/cortex-m/libc.a(lib_a-malloc.o)
 .bss           0x0000000000000a28        0x0 ../../libtock/build/cortex-m/libc.a(lib_a-strncpy.o)
 *(COMMON)
 COMMON         0x0000000000000a28        0x4 ../../libtock/build/cortex-m/libc.a(lib_a-reent.o)
                0x0000000000000a28                errno
                0x0000000000000a2c                . = ALIGN (0x4)

.endflash       0x0000000080000f64        0x0
                [!provide]                        PROVIDE (__exidx_start, .)

.ARM.exidx      0x0000000080000f64        0x8
 *(.ARM.exidx* .gnu.linkonce.armexidx.*)
 .ARM.exidx.text.main
                0x0000000080000f64        0x8 build/cortex-m0/main.o
                [!provide]                        PROVIDE (__exidx_end, .)
                0x0000000000000001                ASSERT ((_got <= _bss), 
The GOT section must be before the BSS section for crt0 setup to be correct.)
                0x0000000000000001                ASSERT ((_data <= _bss), 
The data section must be before the BSS section for crt0 setup to be correct.)

.rel.dyn        0x0000000080000f6c        0x0
 .rel.iplt      0x0000000080000f6c        0x0 build/cortex-m0/main.o
 .rel.got       0x0000000080000f6c        0x0 build/cortex-m0/main.o

.comment        0x0000000000000000       0x6a
 .comment       0x0000000000000000       0x13 build/cortex-m0/main.o
                                         0x14 (size before relaxing)
 .comment       0x0000000000000013       0x31 ../../libtock/build/cortex-m4/libtock.a(crt0.o)
                                         0x32 (size before relaxing)
 .comment       0x0000000000000044       0x32 ../../libtock/build/cortex-m4/libtock.a(tock.o)
 .comment       0x0000000000000044       0x26 ../../libtock/build/cortex-m/libc.a(lib_a-exit.o)
                                         0x27 (size before relaxing)
 .comment       0x000000000000006a       0x27 ../../libtock/build/cortex-m/libc.a(lib_a-impure.o)
 .comment       0x000000000000006a       0x27 ../../libtock/build/cortex-m/libc.a(lib_a-memcpy-stub.o)
 .comment       0x000000000000006a       0x27 ../../libtock/build/cortex-m/libc.a(lib_a-memset.o)
 .comment       0x000000000000006a       0x27 ../../libtock/build/cortex-m/libc.a(lib_a-printf.o)
 .comment       0x000000000000006a       0x27 ../../libtock/build/cortex-m/libc.a(lib_a-puts.o)
 .comment       0x000000000000006a       0x27 ../../libtock/build/cortex-m/libc.a(lib_a-wbuf.o)
 .comment       0x000000000000006a       0x27 ../../libtock/build/cortex-m/libc.a(lib_a-wsetup.o)
 .comment       0x000000000000006a       0x27 ../../libtock/build/cortex-m/libc.a(lib_a-fflush.o)
 .comment       0x000000000000006a       0x27 ../../libtock/build/cortex-m/libc.a(lib_a-findfp.o)
 .comment       0x000000000000006a       0x27 ../../libtock/build/cortex-m/libc.a(lib_a-fwalk.o)
 .comment       0x000000000000006a       0x27 ../../libtock/build/cortex-m/libc.a(lib_a-makebuf.o)
 .comment       0x000000000000006a       0x27 ../../libtock/build/cortex-m/libc.a(lib_a-nano-freer.o)
 .comment       0x000000000000006a       0x27 ../../libtock/build/cortex-m/libc.a(lib_a-nano-mallocr.o)
 .comment       0x000000000000006a       0x27 ../../libtock/build/cortex-m/libc.a(lib_a-nano-vfprintf.o)
 .comment       0x000000000000006a       0x27 ../../libtock/build/cortex-m/libc.a(lib_a-sbrkr.o)
 .comment       0x000000000000006a       0x27 ../../libtock/build/cortex-m/libc.a(lib_a-stdio.o)
 .comment       0x000000000000006a       0x27 ../../libtock/build/cortex-m/libc.a(lib_a-writer.o)
 .comment       0x000000000000006a       0x27 ../../libtock/build/cortex-m/libc.a(lib_a-closer.o)
 .comment       0x000000000000006a       0x27 ../../libtock/build/cortex-m/libc.a(lib_a-fstatr.o)
 .comment       0x000000000000006a       0x27 ../../libtock/build/cortex-m/libc.a(lib_a-fvwrite.o)
 .comment       0x000000000000006a       0x27 ../../libtock/build/cortex-m/libc.a(lib_a-isattyr.o)
 .comment       0x000000000000006a       0x27 ../../libtock/build/cortex-m/libc.a(lib_a-lseekr.o)
 .comment       0x000000000000006a       0x27 ../../libtock/build/cortex-m/libc.a(lib_a-memchr-stub.o)
 .comment       0x000000000000006a       0x27 ../../libtock/build/cortex-m/libc.a(lib_a-memmove.o)
 .comment       0x000000000000006a       0x27 ../../libtock/build/cortex-m/libc.a(lib_a-mlock.o)
 .comment       0x000000000000006a       0x27 ../../libtock/build/cortex-m/libc.a(lib_a-nano-reallocr.o)
 .comment       0x000000000000006a       0x27 ../../libtock/build/cortex-m/libc.a(lib_a-nano-vfprintf_i.o)
 .comment       0x000000000000006a       0x27 ../../libtock/build/cortex-m/libc.a(lib_a-readr.o)
 .comment       0x000000000000006a       0x27 ../../libtock/build/cortex-m/libc.a(lib_a-reent.o)
 .comment       0x000000000000006a       0x27 ../../libtock/build/cortex-m/libc.a(lib_a-nano-msizer.o)
 .comment       0x000000000000006a       0x32 ../../libtock/build/cortex-m4/libtock.a(sys.o)
 .comment       0x000000000000006a       0x32 ../../libtock/build/cortex-m4/libtock.a(console.o)
 .comment       0x000000000000006a       0x27 ../../libtock/build/cortex-m/libc.a(lib_a-errno.o)
 .comment       0x000000000000006a       0x27 ../../libtock/build/cortex-m/libc.a(lib_a-malloc.o)
 .comment       0x000000000000006a       0x27 ../../libtock/build/cortex-m/libc.a(lib_a-strncpy.o)

.note.GNU-stack
                0x0000000000000000        0x0
 .note.GNU-stack
                0x0000000000000000        0x0 build/cortex-m0/main.o

.ARM.attributes
                0x0000000000000000       0x3d
 .ARM.attributes
                0x0000000000000000       0x41 build/cortex-m0/main.o
 .ARM.attributes
                0x0000000000000041       0x33 ../../libtock/build/cortex-m4/libtock.a(crt0.o)
 .ARM.attributes
                0x0000000000000074       0x33 ../../libtock/build/cortex-m4/libtock.a(tock.o)
 .ARM.attributes
                0x00000000000000a7       0x2c ../../libtock/build/cortex-m/libc.a(lib_a-exit.o)
 .ARM.attributes
                0x00000000000000d3       0x2c ../../libtock/build/cortex-m/libc.a(lib_a-impure.o)
 .ARM.attributes
                0x00000000000000ff       0x2c ../../libtock/build/cortex-m/libc.a(lib_a-memcpy-stub.o)
 .ARM.attributes
                0x000000000000012b       0x2c ../../libtock/build/cortex-m/libc.a(lib_a-memset.o)
 .ARM.attributes
                0x0000000000000157       0x2c ../../libtock/build/cortex-m/libc.a(lib_a-printf.o)
 .ARM.attributes
                0x0000000000000183       0x2c ../../libtock/build/cortex-m/libc.a(lib_a-puts.o)
 .ARM.attributes
                0x00000000000001af       0x2c ../../libtock/build/cortex-m/libc.a(lib_a-wbuf.o)
 .ARM.attributes
                0x00000000000001db       0x2c ../../libtock/build/cortex-m/libc.a(lib_a-wsetup.o)
 .ARM.attributes
                0x0000000000000207       0x2c ../../libtock/build/cortex-m/libc.a(lib_a-fflush.o)
 .ARM.attributes
                0x0000000000000233       0x2c ../../libtock/build/cortex-m/libc.a(lib_a-findfp.o)
 .ARM.attributes
                0x000000000000025f       0x2c ../../libtock/build/cortex-m/libc.a(lib_a-fwalk.o)
 .ARM.attributes
                0x000000000000028b       0x2c ../../libtock/build/cortex-m/libc.a(lib_a-makebuf.o)
 .ARM.attributes
                0x00000000000002b7       0x2c ../../libtock/build/cortex-m/libc.a(lib_a-nano-freer.o)
 .ARM.attributes
                0x00000000000002e3       0x2c ../../libtock/build/cortex-m/libc.a(lib_a-nano-mallocr.o)
 .ARM.attributes
                0x000000000000030f       0x2c ../../libtock/build/cortex-m/libc.a(lib_a-nano-vfprintf.o)
 .ARM.attributes
                0x000000000000033b       0x2c ../../libtock/build/cortex-m/libc.a(lib_a-sbrkr.o)
 .ARM.attributes
                0x0000000000000367       0x2c ../../libtock/build/cortex-m/libc.a(lib_a-stdio.o)
 .ARM.attributes
                0x0000000000000393       0x2c ../../libtock/build/cortex-m/libc.a(lib_a-writer.o)
 .ARM.attributes
                0x00000000000003bf       0x2c ../../libtock/build/cortex-m/libc.a(lib_a-closer.o)
 .ARM.attributes
                0x00000000000003eb       0x2c ../../libtock/build/cortex-m/libc.a(lib_a-fstatr.o)
 .ARM.attributes
                0x0000000000000417       0x2c ../../libtock/build/cortex-m/libc.a(lib_a-fvwrite.o)
 .ARM.attributes
                0x0000000000000443       0x2c ../../libtock/build/cortex-m/libc.a(lib_a-isattyr.o)
 .ARM.attributes
                0x000000000000046f       0x2c ../../libtock/build/cortex-m/libc.a(lib_a-lseekr.o)
 .ARM.attributes
                0x000000000000049b       0x2c ../../libtock/build/cortex-m/libc.a(lib_a-memchr-stub.o)
 .ARM.attributes
                0x00000000000004c7       0x2c ../../libtock/build/cortex-m/libc.a(lib_a-memmove.o)
 .ARM.attributes
                0x00000000000004f3       0x2c ../../libtock/build/cortex-m/libc.a(lib_a-mlock.o)
 .ARM.attributes
                0x000000000000051f       0x2c ../../libtock/build/cortex-m/libc.a(lib_a-nano-reallocr.o)
 .ARM.attributes
                0x000000000000054b       0x2c ../../libtock/build/cortex-m/libc.a(lib_a-nano-vfprintf_i.o)
 .ARM.attributes
                0x0000000000000577       0x2c ../../libtock/build/cortex-m/libc.a(lib_a-readr.o)
 .ARM.attributes
                0x00000000000005a3       0x2c ../../libtock/build/cortex-m/libc.a(lib_a-reent.o)
 .ARM.attributes
                0x00000000000005cf       0x2c ../../libtock/build/cortex-m/libc.a(lib_a-nano-msizer.o)
 .ARM.attributes
                0x00000000000005fb       0x23 ../../libtock/build/cortex-m/libgcc.a(_udivsi3.o)
 .ARM.attributes
                0x000000000000061e       0x23 ../../libtock/build/cortex-m/libgcc.a(_divsi3.o)
 .ARM.attributes
                0x0000000000000641       0x23 ../../libtock/build/cortex-m/libgcc.a(_dvmd_tls.o)
 .ARM.attributes
                0x0000000000000664       0x33 ../../libtock/build/cortex-m4/libtock.a(sys.o)
 .ARM.attributes
                0x0000000000000697       0x33 ../../libtock/build/cortex-m4/libtock.a(console.o)
 .ARM.attributes
                0x00000000000006ca       0x2c ../../libtock/build/cortex-m/libc.a(lib_a-errno.o)
 .ARM.attributes
                0x00000000000006f6       0x2c ../../libtock/build/cortex-m/libc.a(lib_a-malloc.o)
 .ARM.attributes
                0x0000000000000722       0x2c ../../libtock/build/cortex-m/libc.a(lib_a-strncpy.o)

.GCC.command.line
                0x0000000000000000      0x506
 .GCC.command.line
                0x0000000000000000      0x40f ../../libtock/build/cortex-m4/libtock.a(crt0.o)
 .GCC.command.line
                0x000000000000040f       0x51 ../../libtock/build/cortex-m4/libtock.a(tock.o)
                                        0x40f (size before relaxing)
 .GCC.command.line
                0x0000000000000460       0x4f ../../libtock/build/cortex-m4/libtock.a(sys.o)
                                        0x40d (size before relaxing)
 .GCC.command.line
                0x00000000000004af       0x57 ../../libtock/build/cortex-m4/libtock.a(console.o)
                                        0x415 (size before relaxing)
END GROUP
OUTPUT(build/cortex-m4/cortex-m4.elf elf32-littlearm)

.debug_info     0x0000000000000000    0x1c8db
 .debug_info    0x0000000000000000      0xd05 ../../libtock/build/cortex-m4/libtock.a(crt0.o)
 .debug_info    0x0000000000000d05     0x10e4 ../../libtock/build/cortex-m4/libtock.a(tock.o)
 .debug_info    0x0000000000001de9      0x959 ../../libtock/build/cortex-m/libc.a(lib_a-exit.o)
 .debug_info    0x0000000000002742      0x8ab ../../libtock/build/cortex-m/libc.a(lib_a-impure.o)
 .debug_info    0x0000000000002fed      0x916 ../../libtock/build/cortex-m/libc.a(lib_a-memcpy-stub.o)
 .debug_info    0x0000000000003903      0xde0 ../../libtock/build/cortex-m/libc.a(lib_a-memset.o)
 .debug_info    0x00000000000046e3      0xbbb ../../libtock/build/cortex-m/libc.a(lib_a-printf.o)
 .debug_info    0x000000000000529e      0xc53 ../../libtock/build/cortex-m/libc.a(lib_a-puts.o)
 .debug_info    0x0000000000005ef1      0xbdb ../../libtock/build/cortex-m/libc.a(lib_a-wbuf.o)
 .debug_info    0x0000000000006acc      0xb53 ../../libtock/build/cortex-m/libc.a(lib_a-wsetup.o)
 .debug_info    0x000000000000761f      0xc9b ../../libtock/build/cortex-m/libc.a(lib_a-fflush.o)
 .debug_info    0x00000000000082ba      0xf6d ../../libtock/build/cortex-m/libc.a(lib_a-findfp.o)
 .debug_info    0x0000000000009227      0xbd6 ../../libtock/build/cortex-m/libc.a(lib_a-fwalk.o)
 .debug_info    0x0000000000009dfd      0xe3f ../../libtock/build/cortex-m/libc.a(lib_a-makebuf.o)
 .debug_info    0x000000000000ac3c      0xb0c ../../libtock/build/cortex-m/libc.a(lib_a-nano-freer.o)
 .debug_info    0x000000000000b748      0xbb2 ../../libtock/build/cortex-m/libc.a(lib_a-nano-mallocr.o)
 .debug_info    0x000000000000c2fa     0x15cc ../../libtock/build/cortex-m/libc.a(lib_a-nano-vfprintf.o)
 .debug_info    0x000000000000d8c6      0x960 ../../libtock/build/cortex-m/libc.a(lib_a-sbrkr.o)
 .debug_info    0x000000000000e226      0xd5b ../../libtock/build/cortex-m/libc.a(lib_a-stdio.o)
 .debug_info    0x000000000000ef81      0x9a3 ../../libtock/build/cortex-m/libc.a(lib_a-writer.o)
 .debug_info    0x000000000000f924      0x956 ../../libtock/build/cortex-m/libc.a(lib_a-closer.o)
 .debug_info    0x000000000001027a      0xb68 ../../libtock/build/cortex-m/libc.a(lib_a-fstatr.o)
 .debug_info    0x0000000000010de2      0xe14 ../../libtock/build/cortex-m/libc.a(lib_a-fvwrite.o)
 .debug_info    0x0000000000011bf6      0x956 ../../libtock/build/cortex-m/libc.a(lib_a-isattyr.o)
 .debug_info    0x000000000001254c      0x986 ../../libtock/build/cortex-m/libc.a(lib_a-lseekr.o)
 .debug_info    0x0000000000012ed2      0x908 ../../libtock/build/cortex-m/libc.a(lib_a-memchr-stub.o)
 .debug_info    0x00000000000137da      0xdfe ../../libtock/build/cortex-m/libc.a(lib_a-memmove.o)
 .debug_info    0x00000000000145d8      0x8de ../../libtock/build/cortex-m/libc.a(lib_a-mlock.o)
 .debug_info    0x0000000000014eb6      0xabe ../../libtock/build/cortex-m/libc.a(lib_a-nano-reallocr.o)
 .debug_info    0x0000000000015974     0x1447 ../../libtock/build/cortex-m/libc.a(lib_a-nano-vfprintf_i.o)
 .debug_info    0x0000000000016dbb      0x99c ../../libtock/build/cortex-m/libc.a(lib_a-readr.o)
 .debug_info    0x0000000000017757      0xa67 ../../libtock/build/cortex-m/libc.a(lib_a-reent.o)
 .debug_info    0x00000000000181be      0xa02 ../../libtock/build/cortex-m/libc.a(lib_a-nano-msizer.o)
 .debug_info    0x0000000000018bc0       0xae ../../libtock/build/cortex-m/libgcc.a(_udivsi3.o)
 .debug_info    0x0000000000018c6e       0xae ../../libtock/build/cortex-m/libgcc.a(_divsi3.o)
 .debug_info    0x0000000000018d1c       0xae ../../libtock/build/cortex-m/libgcc.a(_dvmd_tls.o)
 .debug_info    0x0000000000018dca      0xf3e ../../libtock/build/cortex-m4/libtock.a(sys.o)
 .debug_info    0x0000000000019d08     0x10d9 ../../libtock/build/cortex-m4/libtock.a(console.o)
 .debug_info    0x000000000001ade1      0x8d2 ../../libtock/build/cortex-m/libc.a(lib_a-errno.o)
 .debug_info    0x000000000001b6b3      0x928 ../../libtock/build/cortex-m/libc.a(lib_a-malloc.o)
 .debug_info    0x000000000001bfdb      0x900 ../../libtock/build/cortex-m/libc.a(lib_a-strncpy.o)

.debug_abbrev   0x0000000000000000     0x5108
 .debug_abbrev  0x0000000000000000      0x2a8 ../../libtock/build/cortex-m4/libtock.a(crt0.o)
 .debug_abbrev  0x00000000000002a8      0x302 ../../libtock/build/cortex-m4/libtock.a(tock.o)
 .debug_abbrev  0x00000000000005aa      0x1cd ../../libtock/build/cortex-m/libc.a(lib_a-exit.o)
 .debug_abbrev  0x0000000000000777      0x15c ../../libtock/build/cortex-m/libc.a(lib_a-impure.o)
 .debug_abbrev  0x00000000000008d3      0x1ac ../../libtock/build/cortex-m/libc.a(lib_a-memcpy-stub.o)
 .debug_abbrev  0x0000000000000a7f      0x197 ../../libtock/build/cortex-m/libc.a(lib_a-memset.o)
 .debug_abbrev  0x0000000000000c16      0x24d ../../libtock/build/cortex-m/libc.a(lib_a-printf.o)
 .debug_abbrev  0x0000000000000e63      0x282 ../../libtock/build/cortex-m/libc.a(lib_a-puts.o)
 .debug_abbrev  0x00000000000010e5      0x233 ../../libtock/build/cortex-m/libc.a(lib_a-wbuf.o)
 .debug_abbrev  0x0000000000001318      0x208 ../../libtock/build/cortex-m/libc.a(lib_a-wsetup.o)
 .debug_abbrev  0x0000000000001520      0x29d ../../libtock/build/cortex-m/libc.a(lib_a-fflush.o)
 .debug_abbrev  0x00000000000017bd      0x32c ../../libtock/build/cortex-m/libc.a(lib_a-findfp.o)
 .debug_abbrev  0x0000000000001ae9      0x1ef ../../libtock/build/cortex-m/libc.a(lib_a-fwalk.o)
 .debug_abbrev  0x0000000000001cd8      0x2a3 ../../libtock/build/cortex-m/libc.a(lib_a-makebuf.o)
 .debug_abbrev  0x0000000000001f7b      0x275 ../../libtock/build/cortex-m/libc.a(lib_a-nano-freer.o)
 .debug_abbrev  0x00000000000021f0      0x2c7 ../../libtock/build/cortex-m/libc.a(lib_a-nano-mallocr.o)
 .debug_abbrev  0x00000000000024b7      0x2c2 ../../libtock/build/cortex-m/libc.a(lib_a-nano-vfprintf.o)
 .debug_abbrev  0x0000000000002779      0x1df ../../libtock/build/cortex-m/libc.a(lib_a-sbrkr.o)
 .debug_abbrev  0x0000000000002958      0x225 ../../libtock/build/cortex-m/libc.a(lib_a-stdio.o)
 .debug_abbrev  0x0000000000002b7d      0x1e1 ../../libtock/build/cortex-m/libc.a(lib_a-writer.o)
 .debug_abbrev  0x0000000000002d5e      0x1da ../../libtock/build/cortex-m/libc.a(lib_a-closer.o)
 .debug_abbrev  0x0000000000002f38      0x1e9 ../../libtock/build/cortex-m/libc.a(lib_a-fstatr.o)
 .debug_abbrev  0x0000000000003121      0x237 ../../libtock/build/cortex-m/libc.a(lib_a-fvwrite.o)
 .debug_abbrev  0x0000000000003358      0x1da ../../libtock/build/cortex-m/libc.a(lib_a-isattyr.o)
 .debug_abbrev  0x0000000000003532      0x1eb ../../libtock/build/cortex-m/libc.a(lib_a-lseekr.o)
 .debug_abbrev  0x000000000000371d      0x1a5 ../../libtock/build/cortex-m/libc.a(lib_a-memchr-stub.o)
 .debug_abbrev  0x00000000000038c2      0x19c ../../libtock/build/cortex-m/libc.a(lib_a-memmove.o)
 .debug_abbrev  0x0000000000003a5e      0x19d ../../libtock/build/cortex-m/libc.a(lib_a-mlock.o)
 .debug_abbrev  0x0000000000003bfb      0x1f4 ../../libtock/build/cortex-m/libc.a(lib_a-nano-reallocr.o)
 .debug_abbrev  0x0000000000003def      0x2aa ../../libtock/build/cortex-m/libc.a(lib_a-nano-vfprintf_i.o)
 .debug_abbrev  0x0000000000004099      0x1dc ../../libtock/build/cortex-m/libc.a(lib_a-readr.o)
 .debug_abbrev  0x0000000000004275      0x221 ../../libtock/build/cortex-m/libc.a(lib_a-reent.o)
 .debug_abbrev  0x0000000000004496      0x1b4 ../../libtock/build/cortex-m/libc.a(lib_a-nano-msizer.o)
 .debug_abbrev  0x000000000000464a       0x14 ../../libtock/build/cortex-m/libgcc.a(_udivsi3.o)
 .debug_abbrev  0x000000000000465e       0x14 ../../libtock/build/cortex-m/libgcc.a(_divsi3.o)
 .debug_abbrev  0x0000000000004672       0x14 ../../libtock/build/cortex-m/libgcc.a(_dvmd_tls.o)
 .debug_abbrev  0x0000000000004686      0x285 ../../libtock/build/cortex-m4/libtock.a(sys.o)
 .debug_abbrev  0x000000000000490b      0x329 ../../libtock/build/cortex-m4/libtock.a(console.o)
 .debug_abbrev  0x0000000000004c34      0x178 ../../libtock/build/cortex-m/libc.a(lib_a-errno.o)
 .debug_abbrev  0x0000000000004dac      0x1c6 ../../libtock/build/cortex-m/libc.a(lib_a-malloc.o)
 .debug_abbrev  0x0000000000004f72      0x196 ../../libtock/build/cortex-m/libc.a(lib_a-strncpy.o)

.debug_loc      0x0000000000000000     0x3cbc
 .debug_loc     0x0000000000000000      0x252 ../../libtock/build/cortex-m4/libtock.a(crt0.o)
 .debug_loc     0x0000000000000252      0x3e6 ../../libtock/build/cortex-m4/libtock.a(tock.o)
 .debug_loc     0x0000000000000638       0x1e ../../libtock/build/cortex-m/libc.a(lib_a-exit.o)
 .debug_loc     0x0000000000000656       0xbe ../../libtock/build/cortex-m/libc.a(lib_a-memcpy-stub.o)
 .debug_loc     0x0000000000000714       0x72 ../../libtock/build/cortex-m/libc.a(lib_a-memset.o)
 .debug_loc     0x0000000000000786       0x3f ../../libtock/build/cortex-m/libc.a(lib_a-printf.o)
 .debug_loc     0x00000000000007c5      0x209 ../../libtock/build/cortex-m/libc.a(lib_a-puts.o)
 .debug_loc     0x00000000000009ce      0x128 ../../libtock/build/cortex-m/libc.a(lib_a-wbuf.o)
 .debug_loc     0x0000000000000af6       0x7e ../../libtock/build/cortex-m/libc.a(lib_a-wsetup.o)
 .debug_loc     0x0000000000000b74      0x2ab ../../libtock/build/cortex-m/libc.a(lib_a-fflush.o)
 .debug_loc     0x0000000000000e1f      0x211 ../../libtock/build/cortex-m/libc.a(lib_a-findfp.o)
 .debug_loc     0x0000000000001030      0x199 ../../libtock/build/cortex-m/libc.a(lib_a-fwalk.o)
 .debug_loc     0x00000000000011c9      0x213 ../../libtock/build/cortex-m/libc.a(lib_a-makebuf.o)
 .debug_loc     0x00000000000013dc       0xe8 ../../libtock/build/cortex-m/libc.a(lib_a-nano-freer.o)
 .debug_loc     0x00000000000014c4      0x222 ../../libtock/build/cortex-m/libc.a(lib_a-nano-mallocr.o)
 .debug_loc     0x00000000000016e6      0x556 ../../libtock/build/cortex-m/libc.a(lib_a-nano-vfprintf.o)
 .debug_loc     0x0000000000001c3c       0x4d ../../libtock/build/cortex-m/libc.a(lib_a-sbrkr.o)
 .debug_loc     0x0000000000001c89      0x302 ../../libtock/build/cortex-m/libc.a(lib_a-stdio.o)
 .debug_loc     0x0000000000001f8b       0xa5 ../../libtock/build/cortex-m/libc.a(lib_a-writer.o)
 .debug_loc     0x0000000000002030       0x4d ../../libtock/build/cortex-m/libc.a(lib_a-closer.o)
 .debug_loc     0x000000000000207d       0x79 ../../libtock/build/cortex-m/libc.a(lib_a-fstatr.o)
 .debug_loc     0x00000000000020f6      0x5f2 ../../libtock/build/cortex-m/libc.a(lib_a-fvwrite.o)
 .debug_loc     0x00000000000026e8       0x4d ../../libtock/build/cortex-m/libc.a(lib_a-isattyr.o)
 .debug_loc     0x0000000000002735       0xa5 ../../libtock/build/cortex-m/libc.a(lib_a-lseekr.o)
 .debug_loc     0x00000000000027da       0xb4 ../../libtock/build/cortex-m/libc.a(lib_a-memchr-stub.o)
 .debug_loc     0x000000000000288e       0xe7 ../../libtock/build/cortex-m/libc.a(lib_a-memmove.o)
 .debug_loc     0x0000000000002975      0x13c ../../libtock/build/cortex-m/libc.a(lib_a-nano-reallocr.o)
 .debug_loc     0x0000000000002ab1      0x5bb ../../libtock/build/cortex-m/libc.a(lib_a-nano-vfprintf_i.o)
 .debug_loc     0x000000000000306c       0xa5 ../../libtock/build/cortex-m/libc.a(lib_a-readr.o)
 .debug_loc     0x0000000000003111       0xcb ../../libtock/build/cortex-m/libc.a(lib_a-reent.o)
 .debug_loc     0x00000000000031dc       0x7d ../../libtock/build/cortex-m/libc.a(lib_a-nano-msizer.o)
 .debug_loc     0x0000000000003259      0x21e ../../libtock/build/cortex-m4/libtock.a(sys.o)
 .debug_loc     0x0000000000003477      0x6de ../../libtock/build/cortex-m4/libtock.a(console.o)
 .debug_loc     0x0000000000003b55       0x58 ../../libtock/build/cortex-m/libc.a(lib_a-malloc.o)
 .debug_loc     0x0000000000003bad      0x10f ../../libtock/build/cortex-m/libc.a(lib_a-strncpy.o)

.debug_aranges  0x0000000000000000      0x718
 .debug_aranges
                0x0000000000000000       0x30 ../../libtock/build/cortex-m4/libtock.a(crt0.o)
 .debug_aranges
                0x0000000000000030       0xa8 ../../libtock/build/cortex-m4/libtock.a(tock.o)
 .debug_aranges
                0x00000000000000d8       0x20 ../../libtock/build/cortex-m/libc.a(lib_a-exit.o)
 .debug_aranges
                0x00000000000000f8       0x18 ../../libtock/build/cortex-m/libc.a(lib_a-impure.o)
 .debug_aranges
                0x0000000000000110       0x20 ../../libtock/build/cortex-m/libc.a(lib_a-memcpy-stub.o)
 .debug_aranges
                0x0000000000000130       0x20 ../../libtock/build/cortex-m/libc.a(lib_a-memset.o)
 .debug_aranges
                0x0000000000000150       0x28 ../../libtock/build/cortex-m/libc.a(lib_a-printf.o)
 .debug_aranges
                0x0000000000000178       0x28 ../../libtock/build/cortex-m/libc.a(lib_a-puts.o)
 .debug_aranges
                0x00000000000001a0       0x28 ../../libtock/build/cortex-m/libc.a(lib_a-wbuf.o)
 .debug_aranges
                0x00000000000001c8       0x20 ../../libtock/build/cortex-m/libc.a(lib_a-wsetup.o)
 .debug_aranges
                0x00000000000001e8       0x30 ../../libtock/build/cortex-m/libc.a(lib_a-fflush.o)
 .debug_aranges
                0x0000000000000218       0x68 ../../libtock/build/cortex-m/libc.a(lib_a-findfp.o)
 .debug_aranges
                0x0000000000000280       0x28 ../../libtock/build/cortex-m/libc.a(lib_a-fwalk.o)
 .debug_aranges
                0x00000000000002a8       0x28 ../../libtock/build/cortex-m/libc.a(lib_a-makebuf.o)
 .debug_aranges
                0x00000000000002d0       0x20 ../../libtock/build/cortex-m/libc.a(lib_a-nano-freer.o)
 .debug_aranges
                0x00000000000002f0       0x20 ../../libtock/build/cortex-m/libc.a(lib_a-nano-mallocr.o)
 .debug_aranges
                0x0000000000000310       0x40 ../../libtock/build/cortex-m/libc.a(lib_a-nano-vfprintf.o)
 .debug_aranges
                0x0000000000000350       0x20 ../../libtock/build/cortex-m/libc.a(lib_a-sbrkr.o)
 .debug_aranges
                0x0000000000000370       0x40 ../../libtock/build/cortex-m/libc.a(lib_a-stdio.o)
 .debug_aranges
                0x00000000000003b0       0x20 ../../libtock/build/cortex-m/libc.a(lib_a-writer.o)
 .debug_aranges
                0x00000000000003d0       0x20 ../../libtock/build/cortex-m/libc.a(lib_a-closer.o)
 .debug_aranges
                0x00000000000003f0       0x20 ../../libtock/build/cortex-m/libc.a(lib_a-fstatr.o)
 .debug_aranges
                0x0000000000000410       0x20 ../../libtock/build/cortex-m/libc.a(lib_a-fvwrite.o)
 .debug_aranges
                0x0000000000000430       0x20 ../../libtock/build/cortex-m/libc.a(lib_a-isattyr.o)
 .debug_aranges
                0x0000000000000450       0x20 ../../libtock/build/cortex-m/libc.a(lib_a-lseekr.o)
 .debug_aranges
                0x0000000000000470       0x20 ../../libtock/build/cortex-m/libc.a(lib_a-memchr-stub.o)
 .debug_aranges
                0x0000000000000490       0x20 ../../libtock/build/cortex-m/libc.a(lib_a-memmove.o)
 .debug_aranges
                0x00000000000004b0       0x20 ../../libtock/build/cortex-m/libc.a(lib_a-mlock.o)
 .debug_aranges
                0x00000000000004d0       0x20 ../../libtock/build/cortex-m/libc.a(lib_a-nano-reallocr.o)
 .debug_aranges
                0x00000000000004f0       0x28 ../../libtock/build/cortex-m/libc.a(lib_a-nano-vfprintf_i.o)
 .debug_aranges
                0x0000000000000518       0x20 ../../libtock/build/cortex-m/libc.a(lib_a-readr.o)
 .debug_aranges
                0x0000000000000538       0x28 ../../libtock/build/cortex-m/libc.a(lib_a-reent.o)
 .debug_aranges
                0x0000000000000560       0x20 ../../libtock/build/cortex-m/libc.a(lib_a-nano-msizer.o)
 .debug_aranges
                0x0000000000000580       0x20 ../../libtock/build/cortex-m/libgcc.a(_udivsi3.o)
 .debug_aranges
                0x00000000000005a0       0x20 ../../libtock/build/cortex-m/libgcc.a(_divsi3.o)
 .debug_aranges
                0x00000000000005c0       0x20 ../../libtock/build/cortex-m/libgcc.a(_dvmd_tls.o)
 .debug_aranges
                0x00000000000005e0       0x78 ../../libtock/build/cortex-m4/libtock.a(sys.o)
 .debug_aranges
                0x0000000000000658       0x58 ../../libtock/build/cortex-m4/libtock.a(console.o)
 .debug_aranges
                0x00000000000006b0       0x20 ../../libtock/build/cortex-m/libc.a(lib_a-errno.o)
 .debug_aranges
                0x00000000000006d0       0x28 ../../libtock/build/cortex-m/libc.a(lib_a-malloc.o)
 .debug_aranges
                0x00000000000006f8       0x20 ../../libtock/build/cortex-m/libc.a(lib_a-strncpy.o)

.debug_ranges   0x0000000000000000      0x778
 .debug_ranges  0x0000000000000000       0x78 ../../libtock/build/cortex-m4/libtock.a(crt0.o)
 .debug_ranges  0x0000000000000078       0xb0 ../../libtock/build/cortex-m4/libtock.a(tock.o)
 .debug_ranges  0x0000000000000128       0x10 ../../libtock/build/cortex-m/libc.a(lib_a-exit.o)
 .debug_ranges  0x0000000000000138       0x10 ../../libtock/build/cortex-m/libc.a(lib_a-memcpy-stub.o)
 .debug_ranges  0x0000000000000148       0x10 ../../libtock/build/cortex-m/libc.a(lib_a-memset.o)
 .debug_ranges  0x0000000000000158       0x18 ../../libtock/build/cortex-m/libc.a(lib_a-printf.o)
 .debug_ranges  0x0000000000000170       0x70 ../../libtock/build/cortex-m/libc.a(lib_a-puts.o)
 .debug_ranges  0x00000000000001e0       0x30 ../../libtock/build/cortex-m/libc.a(lib_a-wbuf.o)
 .debug_ranges  0x0000000000000210       0x40 ../../libtock/build/cortex-m/libc.a(lib_a-wsetup.o)
 .debug_ranges  0x0000000000000250       0x68 ../../libtock/build/cortex-m/libc.a(lib_a-fflush.o)
 .debug_ranges  0x00000000000002b8       0x58 ../../libtock/build/cortex-m/libc.a(lib_a-findfp.o)
 .debug_ranges  0x0000000000000310       0x18 ../../libtock/build/cortex-m/libc.a(lib_a-fwalk.o)
 .debug_ranges  0x0000000000000328       0x30 ../../libtock/build/cortex-m/libc.a(lib_a-makebuf.o)
 .debug_ranges  0x0000000000000358       0x28 ../../libtock/build/cortex-m/libc.a(lib_a-nano-freer.o)
 .debug_ranges  0x0000000000000380       0x60 ../../libtock/build/cortex-m/libc.a(lib_a-nano-mallocr.o)
 .debug_ranges  0x00000000000003e0       0x48 ../../libtock/build/cortex-m/libc.a(lib_a-nano-vfprintf.o)
 .debug_ranges  0x0000000000000428       0x10 ../../libtock/build/cortex-m/libc.a(lib_a-sbrkr.o)
 .debug_ranges  0x0000000000000438       0x30 ../../libtock/build/cortex-m/libc.a(lib_a-stdio.o)
 .debug_ranges  0x0000000000000468       0x10 ../../libtock/build/cortex-m/libc.a(lib_a-writer.o)
 .debug_ranges  0x0000000000000478       0x28 ../../libtock/build/cortex-m/libc.a(lib_a-closer.o)
 .debug_ranges  0x00000000000004a0       0x28 ../../libtock/build/cortex-m/libc.a(lib_a-fstatr.o)
 .debug_ranges  0x00000000000004c8       0x30 ../../libtock/build/cortex-m/libc.a(lib_a-fvwrite.o)
 .debug_ranges  0x00000000000004f8       0x28 ../../libtock/build/cortex-m/libc.a(lib_a-isattyr.o)
 .debug_ranges  0x0000000000000520       0x10 ../../libtock/build/cortex-m/libc.a(lib_a-lseekr.o)
 .debug_ranges  0x0000000000000530       0x10 ../../libtock/build/cortex-m/libc.a(lib_a-memchr-stub.o)
 .debug_ranges  0x0000000000000540       0x10 ../../libtock/build/cortex-m/libc.a(lib_a-memmove.o)
 .debug_ranges  0x0000000000000550       0x10 ../../libtock/build/cortex-m/libc.a(lib_a-mlock.o)
 .debug_ranges  0x0000000000000560       0x10 ../../libtock/build/cortex-m/libc.a(lib_a-nano-reallocr.o)
 .debug_ranges  0x0000000000000570       0x88 ../../libtock/build/cortex-m/libc.a(lib_a-nano-vfprintf_i.o)
 .debug_ranges  0x00000000000005f8       0x10 ../../libtock/build/cortex-m/libc.a(lib_a-readr.o)
 .debug_ranges  0x0000000000000608       0x48 ../../libtock/build/cortex-m/libc.a(lib_a-reent.o)
 .debug_ranges  0x0000000000000650       0x10 ../../libtock/build/cortex-m/libc.a(lib_a-nano-msizer.o)
 .debug_ranges  0x0000000000000660       0x68 ../../libtock/build/cortex-m4/libtock.a(sys.o)
 .debug_ranges  0x00000000000006c8       0x78 ../../libtock/build/cortex-m4/libtock.a(console.o)
 .debug_ranges  0x0000000000000740       0x10 ../../libtock/build/cortex-m/libc.a(lib_a-errno.o)
 .debug_ranges  0x0000000000000750       0x18 ../../libtock/build/cortex-m/libc.a(lib_a-malloc.o)
 .debug_ranges  0x0000000000000768       0x10 ../../libtock/build/cortex-m/libc.a(lib_a-strncpy.o)

.debug_line     0x0000000000000000     0x4ef3
 .debug_line    0x0000000000000000      0x17e ../../libtock/build/cortex-m4/libtock.a(crt0.o)
 .debug_line    0x000000000000017e      0x29c ../../libtock/build/cortex-m4/libtock.a(tock.o)
 .debug_line    0x000000000000041a      0x1a4 ../../libtock/build/cortex-m/libc.a(lib_a-exit.o)
 .debug_line    0x00000000000005be      0x119 ../../libtock/build/cortex-m/libc.a(lib_a-impure.o)
 .debug_line    0x00000000000006d7      0x1b1 ../../libtock/build/cortex-m/libc.a(lib_a-memcpy-stub.o)
 .debug_line    0x0000000000000888      0x216 ../../libtock/build/cortex-m/libc.a(lib_a-memset.o)
 .debug_line    0x0000000000000a9e      0x205 ../../libtock/build/cortex-m/libc.a(lib_a-printf.o)
 .debug_line    0x0000000000000ca3      0x264 ../../libtock/build/cortex-m/libc.a(lib_a-puts.o)
 .debug_line    0x0000000000000f07      0x241 ../../libtock/build/cortex-m/libc.a(lib_a-wbuf.o)
 .debug_line    0x0000000000001148      0x234 ../../libtock/build/cortex-m/libc.a(lib_a-wsetup.o)
 .debug_line    0x000000000000137c      0x2b2 ../../libtock/build/cortex-m/libc.a(lib_a-fflush.o)
 .debug_line    0x000000000000162e      0x303 ../../libtock/build/cortex-m/libc.a(lib_a-findfp.o)
 .debug_line    0x0000000000001931      0x22b ../../libtock/build/cortex-m/libc.a(lib_a-fwalk.o)
 .debug_line    0x0000000000001b5c      0x2be ../../libtock/build/cortex-m/libc.a(lib_a-makebuf.o)
 .debug_line    0x0000000000001e1a      0x17a ../../libtock/build/cortex-m/libc.a(lib_a-nano-freer.o)
 .debug_line    0x0000000000001f94      0x1f3 ../../libtock/build/cortex-m/libc.a(lib_a-nano-mallocr.o)
 .debug_line    0x0000000000002187      0x443 ../../libtock/build/cortex-m/libc.a(lib_a-nano-vfprintf.o)
 .debug_line    0x00000000000025ca      0x1ab ../../libtock/build/cortex-m/libc.a(lib_a-sbrkr.o)
 .debug_line    0x0000000000002775      0x235 ../../libtock/build/cortex-m/libc.a(lib_a-stdio.o)
 .debug_line    0x00000000000029aa      0x1a8 ../../libtock/build/cortex-m/libc.a(lib_a-writer.o)
 .debug_line    0x0000000000002b52      0x1ac ../../libtock/build/cortex-m/libc.a(lib_a-closer.o)
 .debug_line    0x0000000000002cfe      0x24f ../../libtock/build/cortex-m/libc.a(lib_a-fstatr.o)
 .debug_line    0x0000000000002f4d      0x2c3 ../../libtock/build/cortex-m/libc.a(lib_a-fvwrite.o)
 .debug_line    0x0000000000003210      0x1ad ../../libtock/build/cortex-m/libc.a(lib_a-isattyr.o)
 .debug_line    0x00000000000033bd      0x1a8 ../../libtock/build/cortex-m/libc.a(lib_a-lseekr.o)
 .debug_line    0x0000000000003565      0x1b1 ../../libtock/build/cortex-m/libc.a(lib_a-memchr-stub.o)
 .debug_line    0x0000000000003716      0x226 ../../libtock/build/cortex-m/libc.a(lib_a-memmove.o)
 .debug_line    0x000000000000393c      0x129 ../../libtock/build/cortex-m/libc.a(lib_a-mlock.o)
 .debug_line    0x0000000000003a65      0x1b9 ../../libtock/build/cortex-m/libc.a(lib_a-nano-reallocr.o)
 .debug_line    0x0000000000003c1e      0x439 ../../libtock/build/cortex-m/libc.a(lib_a-nano-vfprintf_i.o)
 .debug_line    0x0000000000004057      0x1a7 ../../libtock/build/cortex-m/libc.a(lib_a-readr.o)
 .debug_line    0x00000000000041fe      0x1d5 ../../libtock/build/cortex-m/libc.a(lib_a-reent.o)
 .debug_line    0x00000000000043d3      0x13f ../../libtock/build/cortex-m/libc.a(lib_a-nano-msizer.o)
 .debug_line    0x0000000000004512       0x78 ../../libtock/build/cortex-m/libgcc.a(_udivsi3.o)
 .debug_line    0x000000000000458a       0x86 ../../libtock/build/cortex-m/libgcc.a(_divsi3.o)
 .debug_line    0x0000000000004610       0x61 ../../libtock/build/cortex-m/libgcc.a(_dvmd_tls.o)
 .debug_line    0x0000000000004671      0x21e ../../libtock/build/cortex-m4/libtock.a(sys.o)
 .debug_line    0x000000000000488f      0x1cf ../../libtock/build/cortex-m4/libtock.a(console.o)
 .debug_line    0x0000000000004a5e      0x136 ../../libtock/build/cortex-m/libc.a(lib_a-errno.o)
 .debug_line    0x0000000000004b94      0x1be ../../libtock/build/cortex-m/libc.a(lib_a-malloc.o)
 .debug_line    0x0000000000004d52      0x1a1 ../../libtock/build/cortex-m/libc.a(lib_a-strncpy.o)

.debug_str      0x0000000000000000     0x20da
 .debug_str     0x0000000000000000      0x5e3 ../../libtock/build/cortex-m4/libtock.a(crt0.o)
                                        0x6d0 (size before relaxing)
 .debug_str     0x00000000000005e3      0x215 ../../libtock/build/cortex-m4/libtock.a(tock.o)
                                        0x809 (size before relaxing)
 .debug_str     0x00000000000007f8      0x226 ../../libtock/build/cortex-m/libc.a(lib_a-exit.o)
                                        0x67f (size before relaxing)
 .debug_str     0x0000000000000a1e       0xc3 ../../libtock/build/cortex-m/libc.a(lib_a-impure.o)
                                        0x633 (size before relaxing)
 .debug_str     0x0000000000000ae1       0xdf ../../libtock/build/cortex-m/libc.a(lib_a-memcpy-stub.o)
                                        0x65d (size before relaxing)
 .debug_str     0x0000000000000bc0      0x324 ../../libtock/build/cortex-m/libc.a(lib_a-memset.o)
                                        0x94c (size before relaxing)
 .debug_str     0x0000000000000ee4      0x1ed ../../libtock/build/cortex-m/libc.a(lib_a-printf.o)
                                        0x7ad (size before relaxing)
 .debug_str     0x00000000000010d1       0x7e ../../libtock/build/cortex-m/libc.a(lib_a-puts.o)
                                        0x7b6 (size before relaxing)
 .debug_str     0x000000000000114f       0x6a ../../libtock/build/cortex-m/libc.a(lib_a-wbuf.o)
                                        0x7bc (size before relaxing)
 .debug_str     0x00000000000011b9       0x58 ../../libtock/build/cortex-m/libc.a(lib_a-wsetup.o)
                                        0x7b7 (size before relaxing)
 .debug_str     0x0000000000001211       0x73 ../../libtock/build/cortex-m/libc.a(lib_a-fflush.o)
                                        0x7e5 (size before relaxing)
 .debug_str     0x0000000000001284      0x162 ../../libtock/build/cortex-m/libc.a(lib_a-findfp.o)
                                        0x8d7 (size before relaxing)
 .debug_str     0x00000000000013e6       0x51 ../../libtock/build/cortex-m/libc.a(lib_a-fwalk.o)
                                        0x7a9 (size before relaxing)
 .debug_str     0x0000000000001437      0x16a ../../libtock/build/cortex-m/libc.a(lib_a-makebuf.o)
                                        0x923 (size before relaxing)
 .debug_str     0x00000000000015a1      0x130 ../../libtock/build/cortex-m/libc.a(lib_a-nano-freer.o)
                                        0x763 (size before relaxing)
 .debug_str     0x00000000000016d1       0x32 ../../libtock/build/cortex-m/libc.a(lib_a-nano-mallocr.o)
                                        0x77a (size before relaxing)
 .debug_str     0x0000000000001703      0x1ad ../../libtock/build/cortex-m/libc.a(lib_a-nano-vfprintf.o)
                                        0xc94 (size before relaxing)
 .debug_str     0x00000000000018b0       0x57 ../../libtock/build/cortex-m/libc.a(lib_a-sbrkr.o)
                                        0x676 (size before relaxing)
 .debug_str     0x0000000000001907       0xa2 ../../libtock/build/cortex-m/libc.a(lib_a-stdio.o)
                                        0x7fd (size before relaxing)
 .debug_str     0x00000000000019a9       0x43 ../../libtock/build/cortex-m/libc.a(lib_a-writer.o)
                                        0x673 (size before relaxing)
 .debug_str     0x00000000000019ec       0x43 ../../libtock/build/cortex-m/libc.a(lib_a-closer.o)
                                        0x663 (size before relaxing)
 .debug_str     0x0000000000001a2f       0x50 ../../libtock/build/cortex-m/libc.a(lib_a-fstatr.o)
                                        0x7ca (size before relaxing)
 .debug_str     0x0000000000001a7f       0x75 ../../libtock/build/cortex-m/libc.a(lib_a-fvwrite.o)
                                        0x836 (size before relaxing)
 .debug_str     0x0000000000001af4       0x4c ../../libtock/build/cortex-m/libc.a(lib_a-isattyr.o)
                                        0x66d (size before relaxing)
 .debug_str     0x0000000000001b40       0x4a ../../libtock/build/cortex-m/libc.a(lib_a-lseekr.o)
                                        0x671 (size before relaxing)
 .debug_str     0x0000000000001b8a       0x61 ../../libtock/build/cortex-m/libc.a(lib_a-memchr-stub.o)
                                        0x659 (size before relaxing)
 .debug_str     0x0000000000001beb       0x4e ../../libtock/build/cortex-m/libc.a(lib_a-memmove.o)
                                        0x967 (size before relaxing)
 .debug_str     0x0000000000001c39       0x5c ../../libtock/build/cortex-m/libc.a(lib_a-mlock.o)
                                        0x65f (size before relaxing)
 .debug_str     0x0000000000001c95       0x23 ../../libtock/build/cortex-m/libc.a(lib_a-nano-reallocr.o)
                                        0x760 (size before relaxing)
 .debug_str     0x0000000000001cb8       0xa4 ../../libtock/build/cortex-m/libc.a(lib_a-nano-vfprintf_i.o)
                                        0xc1a (size before relaxing)
 .debug_str     0x0000000000001d5c       0x42 ../../libtock/build/cortex-m/libc.a(lib_a-readr.o)
                                        0x671 (size before relaxing)
 .debug_str     0x0000000000001d9e       0x6e ../../libtock/build/cortex-m/libc.a(lib_a-reent.o)
                                        0x66f (size before relaxing)
 .debug_str     0x0000000000001e0c        0xf ../../libtock/build/cortex-m/libc.a(lib_a-nano-msizer.o)
                                        0x73e (size before relaxing)
 .debug_str     0x0000000000001e1b       0x78 ../../libtock/build/cortex-m4/libtock.a(sys.o)
                                        0x7ed (size before relaxing)
 .debug_str     0x0000000000001e93       0xf0 ../../libtock/build/cortex-m4/libtock.a(console.o)
                                        0x712 (size before relaxing)
 .debug_str     0x0000000000001f83       0xb6 ../../libtock/build/cortex-m/libc.a(lib_a-errno.o)
                                        0x645 (size before relaxing)
 .debug_str     0x0000000000002039       0x50 ../../libtock/build/cortex-m/libc.a(lib_a-malloc.o)
                                        0x664 (size before relaxing)
 .debug_str     0x0000000000002089       0x51 ../../libtock/build/cortex-m/libc.a(lib_a-strncpy.o)
                                        0x655 (size before relaxing)

.debug_frame    0x0000000000000000      0xd44
 .debug_frame   0x0000000000000000       0x50 ../../libtock/build/cortex-m4/libtock.a(crt0.o)
 .debug_frame   0x0000000000000050      0x174 ../../libtock/build/cortex-m4/libtock.a(tock.o)
 .debug_frame   0x00000000000001c4       0x34 ../../libtock/build/cortex-m/libc.a(lib_a-exit.o)
 .debug_frame   0x00000000000001f8       0x28 ../../libtock/build/cortex-m/libc.a(lib_a-memcpy-stub.o)
 .debug_frame   0x0000000000000220       0x20 ../../libtock/build/cortex-m/libc.a(lib_a-memset.o)
 .debug_frame   0x0000000000000240       0x54 ../../libtock/build/cortex-m/libc.a(lib_a-printf.o)
 .debug_frame   0x0000000000000294       0x50 ../../libtock/build/cortex-m/libc.a(lib_a-puts.o)
 .debug_frame   0x00000000000002e4       0x50 ../../libtock/build/cortex-m/libc.a(lib_a-wbuf.o)
 .debug_frame   0x0000000000000334       0x38 ../../libtock/build/cortex-m/libc.a(lib_a-wsetup.o)
 .debug_frame   0x000000000000036c       0x70 ../../libtock/build/cortex-m/libc.a(lib_a-fflush.o)
 .debug_frame   0x00000000000003dc      0x168 ../../libtock/build/cortex-m/libc.a(lib_a-findfp.o)
 .debug_frame   0x0000000000000544       0x50 ../../libtock/build/cortex-m/libc.a(lib_a-fwalk.o)
 .debug_frame   0x0000000000000594       0x58 ../../libtock/build/cortex-m/libc.a(lib_a-makebuf.o)
 .debug_frame   0x00000000000005ec       0x30 ../../libtock/build/cortex-m/libc.a(lib_a-nano-freer.o)
 .debug_frame   0x000000000000061c       0x34 ../../libtock/build/cortex-m/libc.a(lib_a-nano-mallocr.o)
 .debug_frame   0x0000000000000650       0xa8 ../../libtock/build/cortex-m/libc.a(lib_a-nano-vfprintf.o)
 .debug_frame   0x00000000000006f8       0x30 ../../libtock/build/cortex-m/libc.a(lib_a-sbrkr.o)
 .debug_frame   0x0000000000000728       0x90 ../../libtock/build/cortex-m/libc.a(lib_a-stdio.o)
 .debug_frame   0x00000000000007b8       0x30 ../../libtock/build/cortex-m/libc.a(lib_a-writer.o)
 .debug_frame   0x00000000000007e8       0x30 ../../libtock/build/cortex-m/libc.a(lib_a-closer.o)
 .debug_frame   0x0000000000000818       0x30 ../../libtock/build/cortex-m/libc.a(lib_a-fstatr.o)
 .debug_frame   0x0000000000000848       0x30 ../../libtock/build/cortex-m/libc.a(lib_a-fvwrite.o)
 .debug_frame   0x0000000000000878       0x30 ../../libtock/build/cortex-m/libc.a(lib_a-isattyr.o)
 .debug_frame   0x00000000000008a8       0x30 ../../libtock/build/cortex-m/libc.a(lib_a-lseekr.o)
 .debug_frame   0x00000000000008d8       0x20 ../../libtock/build/cortex-m/libc.a(lib_a-memchr-stub.o)
 .debug_frame   0x00000000000008f8       0x28 ../../libtock/build/cortex-m/libc.a(lib_a-memmove.o)
 .debug_frame   0x0000000000000920       0x30 ../../libtock/build/cortex-m/libc.a(lib_a-mlock.o)
 .debug_frame   0x0000000000000950       0x30 ../../libtock/build/cortex-m/libc.a(lib_a-nano-reallocr.o)
 .debug_frame   0x0000000000000980       0x58 ../../libtock/build/cortex-m/libc.a(lib_a-nano-vfprintf_i.o)
 .debug_frame   0x00000000000009d8       0x30 ../../libtock/build/cortex-m/libc.a(lib_a-readr.o)
 .debug_frame   0x0000000000000a08       0x50 ../../libtock/build/cortex-m/libc.a(lib_a-reent.o)
 .debug_frame   0x0000000000000a58       0x20 ../../libtock/build/cortex-m/libc.a(lib_a-nano-msizer.o)
 .debug_frame   0x0000000000000a78       0x20 ../../libtock/build/cortex-m/libgcc.a(_udivsi3.o)
 .debug_frame   0x0000000000000a98       0x20 ../../libtock/build/cortex-m/libgcc.a(_divsi3.o)
 .debug_frame   0x0000000000000ab8       0xf0 ../../libtock/build/cortex-m4/libtock.a(sys.o)
 .debug_frame   0x0000000000000ba8      0x104 ../../libtock/build/cortex-m4/libtock.a(console.o)
 .debug_frame   0x0000000000000cac       0x2c ../../libtock/build/cortex-m/libc.a(lib_a-errno.o)
 .debug_frame   0x0000000000000cd8       0x40 ../../libtock/build/cortex-m/libc.a(lib_a-malloc.o)
 .debug_frame   0x0000000000000d18       0x2c ../../libtock/build/cortex-m/libc.a(lib_a-strncpy.o)
