Archive member included to satisfy reference by file (symbol)

../../libtock/build/cortex-m4/libtock.a(crt0.o)
                              (_start)
../../libtock/build/cortex-m4/libtock.a(alarm_timer.o)
                              build/cortex-m4/./main.o (delay_ms)
../../libtock/build/cortex-m4/libtock.a(tock.o)
                              ../../libtock/build/cortex-m4/libtock.a(alarm_timer.o) (tock_enqueue)
../../libtock/build/cortex-m4/libtock.a(led.o)
                              build/cortex-m4/./main.o (led_count)
../../libtock/build/cortex-m4/libtock.a(alarm_internal.o)
                              ../../libtock/build/cortex-m4/libtock.a(alarm_timer.o) (alarm_internal_subscribe)
../../newlib/cortex-m/libc.a(lib_a-exit.o)
                              ../../libtock/build/cortex-m4/libtock.a(tock.o) (exit)
../../newlib/cortex-m/libc.a(lib_a-impure.o)
                              ../../newlib/cortex-m/libc.a(lib_a-exit.o) (_global_impure_ptr)
../../newlib/cortex-m/libc.a(lib_a-memcpy-stub.o)
                              ../../libtock/build/cortex-m4/libtock.a(crt0.o) (memcpy)
../../newlib/cortex-m/libc.a(lib_a-memset.o)
                              ../../libtock/build/cortex-m4/libtock.a(crt0.o) (memset)
../../newlib/cortex-m/libc.a(lib_a-printf.o)
                              ../../libtock/build/cortex-m4/libtock.a(tock.o) (printf)
../../newlib/cortex-m/libc.a(lib_a-findfp.o)
                              ../../newlib/cortex-m/libc.a(lib_a-printf.o) (__sinit)
../../newlib/cortex-m/libc.a(lib_a-fwalk.o)
                              ../../newlib/cortex-m/libc.a(lib_a-findfp.o) (_fwalk)
../../newlib/cortex-m/libc.a(lib_a-nano-mallocr.o)
                              ../../newlib/cortex-m/libc.a(lib_a-findfp.o) (_malloc_r)
../../newlib/cortex-m/libc.a(lib_a-nano-vfprintf.o)
                              ../../newlib/cortex-m/libc.a(lib_a-printf.o) (_vfprintf_r)
../../newlib/cortex-m/libc.a(lib_a-sbrkr.o)
                              ../../newlib/cortex-m/libc.a(lib_a-nano-mallocr.o) (_sbrk_r)
../../newlib/cortex-m/libc.a(lib_a-stdio.o)
                              ../../newlib/cortex-m/libc.a(lib_a-findfp.o) (__sread)
../../newlib/cortex-m/libc.a(lib_a-wbuf.o)
                              ../../newlib/cortex-m/libc.a(lib_a-nano-vfprintf.o) (__swbuf_r)
../../newlib/cortex-m/libc.a(lib_a-writer.o)
                              ../../newlib/cortex-m/libc.a(lib_a-stdio.o) (_write_r)
../../newlib/cortex-m/libc.a(lib_a-wsetup.o)
                              ../../newlib/cortex-m/libc.a(lib_a-nano-vfprintf.o) (__swsetup_r)
../../newlib/cortex-m/libc.a(lib_a-closer.o)
                              ../../newlib/cortex-m/libc.a(lib_a-stdio.o) (_close_r)
../../newlib/cortex-m/libc.a(lib_a-fflush.o)
                              ../../newlib/cortex-m/libc.a(lib_a-findfp.o) (_fflush_r)
../../newlib/cortex-m/libc.a(lib_a-fvwrite.o)
                              ../../newlib/cortex-m/libc.a(lib_a-nano-vfprintf.o) (__sfvwrite_r)
../../newlib/cortex-m/libc.a(lib_a-lseekr.o)
                              ../../newlib/cortex-m/libc.a(lib_a-stdio.o) (_lseek_r)
../../newlib/cortex-m/libc.a(lib_a-makebuf.o)
                              ../../newlib/cortex-m/libc.a(lib_a-wsetup.o) (__smakebuf_r)
../../newlib/cortex-m/libc.a(lib_a-memchr-stub.o)
                              ../../newlib/cortex-m/libc.a(lib_a-nano-vfprintf.o) (memchr)
../../newlib/cortex-m/libc.a(lib_a-memmove.o)
                              ../../newlib/cortex-m/libc.a(lib_a-fvwrite.o) (memmove)
../../newlib/cortex-m/libc.a(lib_a-mlock.o)
                              ../../newlib/cortex-m/libc.a(lib_a-nano-mallocr.o) (__malloc_lock)
../../newlib/cortex-m/libc.a(lib_a-nano-freer.o)
                              ../../newlib/cortex-m/libc.a(lib_a-wsetup.o) (_free_r)
../../newlib/cortex-m/libc.a(lib_a-nano-reallocr.o)
                              ../../newlib/cortex-m/libc.a(lib_a-fvwrite.o) (_realloc_r)
../../newlib/cortex-m/libc.a(lib_a-nano-vfprintf_i.o)
                              ../../newlib/cortex-m/libc.a(lib_a-nano-vfprintf.o) (_printf_i)
../../newlib/cortex-m/libc.a(lib_a-readr.o)
                              ../../newlib/cortex-m/libc.a(lib_a-stdio.o) (_read_r)
../../newlib/cortex-m/libc.a(lib_a-reent.o)
                              ../../newlib/cortex-m/libc.a(lib_a-sbrkr.o) (errno)
../../newlib/cortex-m/libc.a(lib_a-fstatr.o)
                              ../../newlib/cortex-m/libc.a(lib_a-makebuf.o) (_fstat_r)
../../newlib/cortex-m/libc.a(lib_a-isattyr.o)
                              ../../newlib/cortex-m/libc.a(lib_a-makebuf.o) (_isatty_r)
../../newlib/cortex-m/libc.a(lib_a-nano-msizer.o)
                              ../../newlib/cortex-m/libc.a(lib_a-nano-reallocr.o) (_malloc_usable_size_r)
../../libc++/cortex-m/libgcc.a(_udivsi3.o)
                              ../../newlib/cortex-m/libc.a(lib_a-nano-vfprintf_i.o) (__aeabi_uidiv)
../../libc++/cortex-m/libgcc.a(_divsi3.o)
[...]
Memory Configuration

Name             Origin             Length             Attributes
FLASH            0x0000000080000000 0x0000000000040000 xr
SRAM             0x0000000000000000 0x0000000000010000 xrw
*default*        0x0000000000000000 0xffffffffffffffff

Linker script and memory map

                0x0000000000000800                STACK_SIZE = 0x800
                0x0000000000000400                APP_HEAP_SIZE = 0x400
                0x0000000000000400                KERNEL_HEAP_SIZE = 0x400
START GROUP
LOAD build/cortex-m4/./main.o
LOAD ../../libtock-d/build/cortex-m4/libtock.a
LOAD ../../libtock/build/cortex-m4/libtock.a
LOAD ../../newlib/cortex-m/libc.a
LOAD ../../libc++/cortex-m/libgcc.a
                0x0000000000040000                PROG_LENGTH = 0x40000
                0x0000000000010000                RAM_LENGTH = 0x10000

.crt0_header    0x0000000080000000       0x28
                0x0000000080000000                _beginning = .
                0x0000000080000000        0x4 LONG 0x1258 (LOADADDR (.got) - _beginning)
                0x0000000080000004        0x4 LONG 0x0 _got
                0x0000000080000008        0x4 LONG 0x48 SIZEOF (.got)
                0x000000008000000c        0x4 LONG 0x12a0 (LOADADDR (.data) - _beginning)
                0x0000000080000010        0x4 LONG 0x48 _data
                0x0000000080000014        0x4 LONG 0x70 SIZEOF (.data)
                0x0000000080000018        0x4 LONG 0xb8 _bss
                0x000000008000001c        0x4 LONG 0x164 SIZEOF (.bss)
                0x0000000080000020        0x4 LONG 0x1310 (LOADADDR (.endflash) - _beginning)
                0x0000000080000024        0x4 LONG 0x800 STACK_SIZE

.wfr.app_state  0x0000000080000028        0x0
 *(.app_state)
                0x0000000080000028                . = ALIGN (0x4)

.text           0x0000000080000028     0x1230
                0x0000000080000028                . = ALIGN (0x4)
                0x0000000080000028                _text = .
 *(.start)
 .start         0x0000000080000028       0x48 ../../libtock/build/cortex-m4/libtock.a(crt0.o)
                0x0000000080000028                _start
 *(.text*)
 .text.main     0x0000000080000070       0x4a build/cortex-m4/./main.o
                0x0000000080000070                main
 .text._c_start
                0x00000000800000ba       0x7e ../../libtock/build/cortex-m4/libtock.a(crt0.o)
                0x00000000800000ba                _c_start
 .text.delay_cb.6207
                0x0000000080000138        0x6 ../../libtock/build/cortex-m4/libtock.a(alarm_timer.o)
 .text.alarm_read
                0x000000008000013e        0xc ../../libtock/build/cortex-m4/libtock.a(alarm_timer.o)
                0x000000008000013e                alarm_read
 *fill*         0x000000008000014a        0x2 ff
 .text.alarm_at
                0x000000008000014c       0x7c ../../libtock/build/cortex-m4/libtock.a(alarm_timer.o)
                0x000000008000014c                alarm_at
 .text.callback
                0x00000000800001c8       0x54 ../../libtock/build/cortex-m4/libtock.a(alarm_timer.o)
 .text.timer_in
                0x000000008000021c       0x3e ../../libtock/build/cortex-m4/libtock.a(alarm_timer.o)
                0x000000008000021c                timer_in
 *fill*         0x000000008000025a        0x2 ff
 .text.delay_ms
                0x000000008000025c       0x30 ../../libtock/build/cortex-m4/libtock.a(alarm_timer.o)
                0x000000008000025c                delay_ms
 .text.tock_enqueue
                0x000000008000028c       0x60 ../../libtock/build/cortex-m4/libtock.a(tock.o)
                0x000000008000028c                tock_enqueue
 .text.yield    0x00000000800002ec       0x58 ../../libtock/build/cortex-m4/libtock.a(tock.o)
                0x00000000800002ec                yield
 .text.yield_for
                0x0000000080000344       0x10 ../../libtock/build/cortex-m4/libtock.a(tock.o)
                0x0000000080000344                yield_for
 .text.subscribe
                0x0000000080000354        0x4 ../../libtock/build/cortex-m4/libtock.a(tock.o)
                0x0000000080000354                subscribe
 .text.command  0x0000000080000358        0x4 ../../libtock/build/cortex-m4/libtock.a(tock.o)
                0x0000000080000358                command
 .text.led_count
                0x000000008000035c        0xc ../../libtock/build/cortex-m4/libtock.a(led.o)
                0x000000008000035c                led_count
 .text.led_on   0x0000000080000368        0xc ../../libtock/build/cortex-m4/libtock.a(led.o)
                0x0000000080000368                led_on
 .text.led_off  0x0000000080000374        0xc ../../libtock/build/cortex-m4/libtock.a(led.o)
                0x0000000080000374                led_off
 .text.alarm_internal_subscribe
                0x0000000080000380        0xc ../../libtock/build/cortex-m4/libtock.a(alarm_internal.o)
                0x0000000080000380                alarm_internal_subscribe
 .text.alarm_internal_set
                0x000000008000038c        0xc ../../libtock/build/cortex-m4/libtock.a(alarm_internal.o)
                0x000000008000038c                alarm_internal_set
 .text.alarm_internal_frequency
                0x0000000080000398        0xc ../../libtock/build/cortex-m4/libtock.a(alarm_internal.o)
                0x0000000080000398                alarm_internal_frequency
 .text.memcpy   0x00000000800003a4       0x12 ../../newlib/cortex-m/libc.a(lib_a-memcpy-stub.o)
                0x00000000800003a4                memcpy
 .text.memset   0x00000000800003b6       0x10 ../../newlib/cortex-m/libc.a(lib_a-memset.o)
                0x00000000800003b6                memset
 .text.selfrel_offset31
                0x00000000800003c6       0x16 ../../libc++/cortex-m/libgcc.a(unwind-arm.o)
 .text.search_EIT_table
                0x00000000800003dc       0x6c ../../libc++/cortex-m/libgcc.a(unwind-arm.o)
 .text.__gnu_unwind_get_pr_addr
                0x0000000080000448       0x38 ../../libc++/cortex-m/libgcc.a(unwind-arm.o)
 .text.get_eit_entry
                0x0000000080000480       0xb8 ../../libc++/cortex-m/libgcc.a(unwind-arm.o)
 .text.restore_non_core_regs
                0x0000000080000538       0x4a ../../libc++/cortex-m/libgcc.a(unwind-arm.o)
 .text._Unwind_decode_typeinfo_ptr.isra.0
                0x0000000080000582        0xc ../../libc++/cortex-m/libgcc.a(unwind-arm.o)
 .text.__gnu_unwind_24bit.isra.1
                0x000000008000058e        0x4 ../../libc++/cortex-m/libgcc.a(unwind-arm.o)
 .text._Unwind_DebugHook
                0x0000000080000592        0x2 ../../libc++/cortex-m/libgcc.a(unwind-arm.o)
 .text.unwind_phase2
                0x0000000080000594       0x3a ../../libc++/cortex-m/libgcc.a(unwind-arm.o)
 *fill*         0x00000000800005ce        0x2 ff
 .text.unwind_phase2_forced
                0x00000000800005d0       0xbc ../../libc++/cortex-m/libgcc.a(unwind-arm.o)
 .text.__gnu_Unwind_RaiseException
                0x000000008000068c       0x4e ../../libc++/cortex-m/libgcc.a(unwind-arm.o)
                0x000000008000068c                __gnu_Unwind_RaiseException
 .text.__gnu_Unwind_ForcedUnwind
                0x00000000800006da       0x14 ../../libc++/cortex-m/libgcc.a(unwind-arm.o)
                0x00000000800006da                __gnu_Unwind_ForcedUnwind
 .text.__gnu_Unwind_Resume
                0x00000000800006ee       0x42 ../../libc++/cortex-m/libgcc.a(unwind-arm.o)
                0x00000000800006ee                __gnu_Unwind_Resume
 .text.__gnu_Unwind_Resume_or_Rethrow
                0x0000000080000730       0x1a ../../libc++/cortex-m/libgcc.a(unwind-arm.o)
                0x0000000080000730                __gnu_Unwind_Resume_or_Rethrow
 .text._Unwind_VRS_Get
                0x000000008000074a       0x34 ../../libc++/cortex-m/libgcc.a(unwind-arm.o)
                0x000000008000074a                _Unwind_VRS_Get
 .text._Unwind_GetGR
                0x000000008000077e       0x18 ../../libc++/cortex-m/libgcc.a(unwind-arm.o)
 .text._Unwind_VRS_Set
                0x0000000080000796       0x34 ../../libc++/cortex-m/libgcc.a(unwind-arm.o)
                0x0000000080000796                _Unwind_VRS_Set
 .text._Unwind_SetGR
                0x00000000800007ca       0x18 ../../libc++/cortex-m/libgcc.a(unwind-arm.o)
 *fill*         0x00000000800007e2        0x2 ff
 .text.__gnu_Unwind_Backtrace
                0x00000000800007e4       0x6c ../../libc++/cortex-m/libgcc.a(unwind-arm.o)
                0x00000000800007e4                __gnu_Unwind_Backtrace
 .text.__gnu_unwind_pr_common
                0x0000000080000850      0x278 ../../libc++/cortex-m/libgcc.a(unwind-arm.o)
 .text.__aeabi_unwind_cpp_pr0
                0x0000000080000ac8        0xa ../../libc++/cortex-m/libgcc.a(unwind-arm.o)
                0x0000000080000ac8                __aeabi_unwind_cpp_pr0
 .text.__aeabi_unwind_cpp_pr1
                0x0000000080000ad2        0xa ../../libc++/cortex-m/libgcc.a(unwind-arm.o)
                0x0000000080000ad2                __aeabi_unwind_cpp_pr1
 .text.__aeabi_unwind_cpp_pr2
                0x0000000080000adc        0xa ../../libc++/cortex-m/libgcc.a(unwind-arm.o)
                0x0000000080000adc                __aeabi_unwind_cpp_pr2
 .text._Unwind_VRS_Pop
                0x0000000080000ae6      0x238 ../../libc++/cortex-m/libgcc.a(unwind-arm.o)
                0x0000000080000ae6                _Unwind_VRS_Pop
 *fill*         0x0000000080000d1e        0x2 ff
 .text          0x0000000080000d20      0x144 ../../libc++/cortex-m/libgcc.a(libunwind.o)
                0x0000000080000d20                __restore_core_regs
                0x0000000080000d20                restore_core_regs
                0x0000000080000d4c                __gnu_Unwind_Restore_VFP
                0x0000000080000d50                __gnu_Unwind_Save_VFP
                0x0000000080000d54                __gnu_Unwind_Restore_VFP_D
                0x0000000080000d58                __gnu_Unwind_Save_VFP_D
                0x0000000080000d5c                __gnu_Unwind_Restore_VFP_D_16_to_31
                0x0000000080000d60                __gnu_Unwind_Save_VFP_D_16_to_31
                0x0000000080000d64                __gnu_Unwind_Restore_WMMXD
                0x0000000080000d68                __gnu_Unwind_Save_WMMXD
                0x0000000080000d6c                __gnu_Unwind_Restore_WMMXC
                0x0000000080000d70                __gnu_Unwind_Save_WMMXC
                0x0000000080000d74                ___Unwind_RaiseException
                0x0000000080000d74                _Unwind_RaiseException
                0x0000000080000da4                ___Unwind_Resume
                0x0000000080000da4                _Unwind_Resume
                0x0000000080000dd4                _Unwind_Resume_or_Rethrow
                0x0000000080000dd4                ___Unwind_Resume_or_Rethrow
                0x0000000080000e04                ___Unwind_ForcedUnwind
                0x0000000080000e04                _Unwind_ForcedUnwind
                0x0000000080000e34                _Unwind_Backtrace
                0x0000000080000e34                ___Unwind_Backtrace
 .text.next_unwind_byte
                0x0000000080000e64       0x30 ../../libc++/cortex-m/libgcc.a(pr-support.o)
 .text.__gnu_unwind_execute
                0x0000000080000e94      0x274 ../../libc++/cortex-m/libgcc.a(pr-support.o)
                0x0000000080000e94                __gnu_unwind_execute
 .text          0x0000000080001108       0x14 ../../libc++/cortex-m/libgcc.a(_thumb1_case_uqi.o)
                0x0000000080001108                __gnu_thumb1_case_uqi
 .text._exit    0x000000008000111c        0x2 ../../libtock/build/cortex-m4/libtock.a(sys.o)
                0x000000008000111c                _exit
 .text._getpid  0x000000008000111e        0x4 ../../libtock/build/cortex-m4/libtock.a(sys.o)
                0x000000008000111e                _getpid
 .text._kill    0x0000000080001122        0x6 ../../libtock/build/cortex-m4/libtock.a(sys.o)
                0x0000000080001122                _kill
 .text.abort    0x0000000080001128        0xe ../../newlib/cortex-m/libc.a(lib_a-abort.o)
                0x0000000080001128                abort
 .text._raise_r
                0x0000000080001136       0x54 ../../newlib/cortex-m/libc.a(lib_a-signal.o)
                0x0000000080001136                _raise_r
 *fill*         0x000000008000118a        0x2 ff
 .text.raise    0x000000008000118c       0x1c ../../newlib/cortex-m/libc.a(lib_a-signal.o)
                0x000000008000118c                raise
 .text._kill_r  0x00000000800011a8       0x30 ../../newlib/cortex-m/libc.a(lib_a-signalr.o)
                0x00000000800011a8                _kill_r
 .text._getpid_r
                0x00000000800011d8        0x8 ../../newlib/cortex-m/libc.a(lib_a-signalr.o)
                0x00000000800011d8                _getpid_r
 *(.rodata*)
 .rodata.__sf_fake_stderr
                0x00000000800011e0       0x20 ../../newlib/cortex-m/libc.a(lib_a-findfp.o)
                0x00000000800011e0                __sf_fake_stderr
 .rodata.__sf_fake_stdin
                0x0000000080001200       0x20 ../../newlib/cortex-m/libc.a(lib_a-findfp.o)
                0x0000000080001200                __sf_fake_stdin
 .rodata.__sf_fake_stdout
                0x0000000080001220       0x20 ../../newlib/cortex-m/libc.a(lib_a-findfp.o)
                0x0000000080001220                __sf_fake_stdout
 *(.syscalls)
                0x0000000080001240                _etext = .
 *(.ARM.extab*)
 .ARM.extab.text.get_eit_entry
                0x0000000080001240        0xc ../../libc++/cortex-m/libgcc.a(unwind-arm.o)
 .ARM.extab.text.__gnu_unwind_pr_common
                0x000000008000124c        0xc ../../libc++/cortex-m/libgcc.a(unwind-arm.o)
                0x0000000080001258                . = ALIGN (0x4)

.glue_7         0x0000000080001258        0x0
 .glue_7        0x0000000080001258        0x0 linker stubs

.glue_7t        0x0000000080001258        0x0
 .glue_7t       0x0000000080001258        0x0 linker stubs

.vfp11_veneer   0x0000000080001258        0x0
 .vfp11_veneer  0x0000000080001258        0x0 linker stubs

.v4_bx          0x0000000080001258        0x0
 .v4_bx         0x0000000080001258        0x0 linker stubs

.iplt           0x0000000080001258        0x0
 .iplt          0x0000000080001258        0x0 build/cortex-m4/./main.o

.got            0x0000000000000000       0x48 load address 0x0000000080001258
                0x0000000000000000                . = ALIGN (0x4)
                0x0000000000000000                _got = .
 *(.got*)
 .got           0x0000000000000000       0x3c build/cortex-m4/./main.o
 .got.plt       0x000000000000003c        0xc build/cortex-m4/./main.o
                0x000000000000003c                _GLOBAL_OFFSET_TABLE_
 *(.got.plt*)
                0x0000000000000048                . = ALIGN (0x4)

.data           0x0000000000000048       0x70 load address 0x00000000800012a0
                0x0000000000000048                . = ALIGN (0x4)
                0x0000000000000048                _data = .
 *(.data*)
 .data          0x0000000000000048        0x0 ../../libtock/build/cortex-m4/libtock.a(crt0.o)
 .data          0x0000000000000048        0x0 ../../libtock/build/cortex-m4/libtock.a(alarm_timer.o)
 .data          0x0000000000000048        0x0 ../../libtock/build/cortex-m4/libtock.a(tock.o)
 .data          0x0000000000000048        0x0 ../../libtock/build/cortex-m4/libtock.a(led.o)
 .data          0x0000000000000048        0x0 ../../libtock/build/cortex-m4/libtock.a(alarm_internal.o)
 .data          0x0000000000000048        0x0 ../../newlib/cortex-m/libc.a(lib_a-exit.o)
 .data          0x0000000000000048        0x0 ../../newlib/cortex-m/libc.a(lib_a-impure.o)
 .data.rel.impure_data
                0x0000000000000048       0x60 ../../newlib/cortex-m/libc.a(lib_a-impure.o)
 .data.rel.local._impure_ptr
                0x00000000000000a8        0x4 ../../newlib/cortex-m/libc.a(lib_a-impure.o)
                0x00000000000000a8                _impure_ptr
 .data.rel.ro.local._global_impure_ptr
                0x00000000000000ac        0x4 ../../newlib/cortex-m/libc.a(lib_a-impure.o)
                0x00000000000000ac                _global_impure_ptr
 .data          0x00000000000000b0        0x0 ../../newlib/cortex-m/libc.a(lib_a-memcpy-stub.o)
 .data          0x00000000000000b0        0x0 ../../newlib/cortex-m/libc.a(lib_a-memset.o)
 .data          0x00000000000000b0        0x0 ../../newlib/cortex-m/libc.a(lib_a-printf.o)
 .data          0x00000000000000b0        0x0 ../../newlib/cortex-m/libc.a(lib_a-findfp.o)
 .data          0x00000000000000b0        0x0 ../../newlib/cortex-m/libc.a(lib_a-fwalk.o)
 .data          0x00000000000000b0        0x0 ../../newlib/cortex-m/libc.a(lib_a-nano-mallocr.o)
 .data          0x00000000000000b0        0x0 ../../newlib/cortex-m/libc.a(lib_a-nano-vfprintf.o)
 .data          0x00000000000000b0        0x0 ../../newlib/cortex-m/libc.a(lib_a-sbrkr.o)
 .data          0x00000000000000b0        0x0 ../../newlib/cortex-m/libc.a(lib_a-stdio.o)
 .data          0x00000000000000b0        0x0 ../../newlib/cortex-m/libc.a(lib_a-wbuf.o)
 .data          0x00000000000000b0        0x0 ../../newlib/cortex-m/libc.a(lib_a-writer.o)
 .data          0x00000000000000b0        0x0 ../../newlib/cortex-m/libc.a(lib_a-wsetup.o)
 .data          0x00000000000000b0        0x0 ../../newlib/cortex-m/libc.a(lib_a-closer.o)
 .data          0x00000000000000b0        0x0 ../../newlib/cortex-m/libc.a(lib_a-fflush.o)
 .data          0x00000000000000b0        0x0 ../../newlib/cortex-m/libc.a(lib_a-fvwrite.o)
 .data          0x00000000000000b0        0x0 ../../newlib/cortex-m/libc.a(lib_a-lseekr.o)
 .data          0x00000000000000b0        0x0 ../../newlib/cortex-m/libc.a(lib_a-makebuf.o)
 .data          0x00000000000000b0        0x0 ../../newlib/cortex-m/libc.a(lib_a-memchr-stub.o)
 .data          0x00000000000000b0        0x0 ../../newlib/cortex-m/libc.a(lib_a-memmove.o)
 .data          0x00000000000000b0        0x0 ../../newlib/cortex-m/libc.a(lib_a-mlock.o)
 .data          0x00000000000000b0        0x0 ../../newlib/cortex-m/libc.a(lib_a-nano-freer.o)
 .data          0x00000000000000b0        0x0 ../../newlib/cortex-m/libc.a(lib_a-nano-reallocr.o)
 .data          0x00000000000000b0        0x0 ../../newlib/cortex-m/libc.a(lib_a-nano-vfprintf_i.o)
 .data          0x00000000000000b0        0x0 ../../newlib/cortex-m/libc.a(lib_a-readr.o)
 .data          0x00000000000000b0        0x0 ../../newlib/cortex-m/libc.a(lib_a-reent.o)
 .data          0x00000000000000b0        0x0 ../../newlib/cortex-m/libc.a(lib_a-fstatr.o)
 .data          0x00000000000000b0        0x0 ../../newlib/cortex-m/libc.a(lib_a-isattyr.o)
 .data          0x00000000000000b0        0x0 ../../newlib/cortex-m/libc.a(lib_a-nano-msizer.o)
 .data          0x00000000000000b0        0x0 ../../libc++/cortex-m/libgcc.a(_udivsi3.o)
 .data          0x00000000000000b0        0x0 ../../libc++/cortex-m/libgcc.a(_divsi3.o)
 .data          0x00000000000000b0        0x0 ../../libc++/cortex-m/libgcc.a(_dvmd_tls.o)
 .data          0x00000000000000b0        0x0 ../../libc++/cortex-m/libgcc.a(unwind-arm.o)
 .data          0x00000000000000b0        0x0 ../../libc++/cortex-m/libgcc.a(libunwind.o)
 .data          0x00000000000000b0        0x0 ../../libc++/cortex-m/libgcc.a(pr-support.o)
 .data          0x00000000000000b0        0x0 ../../libc++/cortex-m/libgcc.a(_thumb1_case_uqi.o)
 .data          0x00000000000000b0        0x0 ../../libtock/build/cortex-m4/libtock.a(sys.o)
 .data          0x00000000000000b0        0x0 ../../libtock/build/cortex-m4/libtock.a(console.o)
 .data.getnstr_data
                0x00000000000000b0        0x8 ../../libtock/build/cortex-m4/libtock.a(console.o)
 .data          0x00000000000000b8        0x0 ../../newlib/cortex-m/libc.a(lib_a-abort.o)
 .data          0x00000000000000b8        0x0 ../../newlib/cortex-m/libc.a(lib_a-errno.o)
 .data          0x00000000000000b8        0x0 ../../newlib/cortex-m/libc.a(lib_a-malloc.o)
 .data          0x00000000000000b8        0x0 ../../newlib/cortex-m/libc.a(lib_a-signal.o)
 .data          0x00000000000000b8        0x0 ../../newlib/cortex-m/libc.a(lib_a-signalr.o)
 .data          0x00000000000000b8        0x0 ../../newlib/cortex-m/libc.a(lib_a-strncpy.o)
 *(.sdata*)
                0x00000000000000b8                . = ALIGN (0x4)

.igot.plt       0x00000000000000b8        0x0 load address 0x0000000080001310
 .igot.plt      0x00000000000000b8        0x0 build/cortex-m4/./main.o

.bss            0x00000000000000b8      0x164 load address 0x0000000080001310
                0x00000000000000b8                . = ALIGN (0x4)
                0x00000000000000b8                _bss = .
 *(.bss*)
 .bss           0x00000000000000b8        0x0 ../../libtock/build/cortex-m4/libtock.a(crt0.o)
 .bss           0x00000000000000b8        0x0 ../../libtock/build/cortex-m4/libtock.a(alarm_timer.o)
 .bss.root      0x00000000000000b8        0x4 ../../libtock/build/cortex-m4/libtock.a(alarm_timer.o)
 .bss           0x00000000000000bc        0x0 ../../libtock/build/cortex-m4/libtock.a(tock.o)
 .bss.task_cur  0x00000000000000bc        0x4 ../../libtock/build/cortex-m4/libtock.a(tock.o)
 .bss.task_last
                0x00000000000000c0        0x4 ../../libtock/build/cortex-m4/libtock.a(tock.o)
 .bss.task_queue
                0x00000000000000c4      0x140 ../../libtock/build/cortex-m4/libtock.a(tock.o)
 .bss           0x0000000000000204        0x0 ../../libtock/build/cortex-m4/libtock.a(led.o)
 .bss           0x0000000000000204        0x0 ../../libtock/build/cortex-m4/libtock.a(alarm_internal.o)
 .bss           0x0000000000000204        0x0 ../../newlib/cortex-m/libc.a(lib_a-exit.o)
 .bss           0x0000000000000204        0x0 ../../newlib/cortex-m/libc.a(lib_a-impure.o)
 .bss           0x0000000000000204        0x0 ../../newlib/cortex-m/libc.a(lib_a-memcpy-stub.o)
 .bss           0x0000000000000204        0x0 ../../newlib/cortex-m/libc.a(lib_a-memset.o)
 .bss           0x0000000000000204        0x0 ../../newlib/cortex-m/libc.a(lib_a-printf.o)
 .bss           0x0000000000000204        0x0 ../../newlib/cortex-m/libc.a(lib_a-findfp.o)
 .bss           0x0000000000000204        0x0 ../../newlib/cortex-m/libc.a(lib_a-fwalk.o)
 .bss           0x0000000000000204        0x0 ../../newlib/cortex-m/libc.a(lib_a-nano-mallocr.o)
 .bss.__malloc_free_list
                0x0000000000000204        0x4 ../../newlib/cortex-m/libc.a(lib_a-nano-mallocr.o)
                0x0000000000000204                __malloc_free_list
 .bss.__malloc_sbrk_start
                0x0000000000000208        0x4 ../../newlib/cortex-m/libc.a(lib_a-nano-mallocr.o)
                0x0000000000000208                __malloc_sbrk_start
 .bss           0x000000000000020c        0x0 ../../newlib/cortex-m/libc.a(lib_a-nano-vfprintf.o)
 .bss           0x000000000000020c        0x0 ../../newlib/cortex-m/libc.a(lib_a-sbrkr.o)
 .bss           0x000000000000020c        0x0 ../../newlib/cortex-m/libc.a(lib_a-stdio.o)
 .bss           0x000000000000020c        0x0 ../../newlib/cortex-m/libc.a(lib_a-wbuf.o)
 .bss           0x000000000000020c        0x0 ../../newlib/cortex-m/libc.a(lib_a-writer.o)
 .bss           0x000000000000020c        0x0 ../../newlib/cortex-m/libc.a(lib_a-wsetup.o)
 .bss           0x000000000000020c        0x0 ../../newlib/cortex-m/libc.a(lib_a-closer.o)
 .bss           0x000000000000020c        0x0 ../../newlib/cortex-m/libc.a(lib_a-fflush.o)
 .bss           0x000000000000020c        0x0 ../../newlib/cortex-m/libc.a(lib_a-fvwrite.o)
 .bss           0x000000000000020c        0x0 ../../newlib/cortex-m/libc.a(lib_a-lseekr.o)
 .bss           0x000000000000020c        0x0 ../../newlib/cortex-m/libc.a(lib_a-makebuf.o)
 .bss           0x000000000000020c        0x0 ../../newlib/cortex-m/libc.a(lib_a-memchr-stub.o)
 .bss           0x000000000000020c        0x0 ../../newlib/cortex-m/libc.a(lib_a-memmove.o)
 .bss           0x000000000000020c        0x0 ../../newlib/cortex-m/libc.a(lib_a-mlock.o)
 .bss           0x000000000000020c        0x0 ../../newlib/cortex-m/libc.a(lib_a-nano-freer.o)
 .bss           0x000000000000020c        0x0 ../../newlib/cortex-m/libc.a(lib_a-nano-reallocr.o)
 .bss           0x000000000000020c        0x0 ../../newlib/cortex-m/libc.a(lib_a-nano-vfprintf_i.o)
 .bss           0x000000000000020c        0x0 ../../newlib/cortex-m/libc.a(lib_a-readr.o)
 .bss           0x000000000000020c        0x0 ../../newlib/cortex-m/libc.a(lib_a-reent.o)
 .bss           0x000000000000020c        0x0 ../../newlib/cortex-m/libc.a(lib_a-fstatr.o)
 .bss           0x000000000000020c        0x0 ../../newlib/cortex-m/libc.a(lib_a-isattyr.o)
 .bss           0x000000000000020c        0x0 ../../newlib/cortex-m/libc.a(lib_a-nano-msizer.o)
 .bss           0x000000000000020c        0x0 ../../libc++/cortex-m/libgcc.a(_udivsi3.o)
 .bss           0x000000000000020c        0x0 ../../libc++/cortex-m/libgcc.a(_divsi3.o)
 .bss           0x000000000000020c        0x0 ../../libc++/cortex-m/libgcc.a(_dvmd_tls.o)
 .bss           0x000000000000020c        0x0 ../../libc++/cortex-m/libgcc.a(unwind-arm.o)
 .bss           0x000000000000020c        0x0 ../../libc++/cortex-m/libgcc.a(libunwind.o)
 .bss           0x000000000000020c        0x0 ../../libc++/cortex-m/libgcc.a(pr-support.o)
 .bss           0x000000000000020c        0x0 ../../libc++/cortex-m/libgcc.a(_thumb1_case_uqi.o)
 .bss           0x000000000000020c        0x0 ../../libtock/build/cortex-m4/libtock.a(sys.o)
 .bss.__dso_handle
                0x000000000000020c        0x4 ../../libtock/build/cortex-m4/libtock.a(sys.o)
                0x000000000000020c                __dso_handle
 .bss           0x0000000000000210        0x0 ../../libtock/build/cortex-m4/libtock.a(console.o)
 .bss.putstr_head
                0x0000000000000210        0x4 ../../libtock/build/cortex-m4/libtock.a(console.o)
 .bss.putstr_tail
                0x0000000000000214        0x4 ../../libtock/build/cortex-m4/libtock.a(console.o)
 .bss           0x0000000000000218        0x0 ../../newlib/cortex-m/libc.a(lib_a-abort.o)
 .bss           0x0000000000000218        0x0 ../../newlib/cortex-m/libc.a(lib_a-errno.o)
 .bss           0x0000000000000218        0x0 ../../newlib/cortex-m/libc.a(lib_a-malloc.o)
 .bss           0x0000000000000218        0x0 ../../newlib/cortex-m/libc.a(lib_a-signal.o)
 .bss           0x0000000000000218        0x0 ../../newlib/cortex-m/libc.a(lib_a-signalr.o)
 .bss           0x0000000000000218        0x0 ../../newlib/cortex-m/libc.a(lib_a-strncpy.o)
 *(COMMON)
 COMMON         0x0000000000000218        0x4 ../../newlib/cortex-m/libc.a(lib_a-reent.o)
                0x0000000000000218                errno
                0x000000000000021c                . = ALIGN (0x4)

.endflash       0x0000000080001310        0x0
                0x0000000080001310                PROVIDE (__exidx_start, .)

.ARM.exidx      0x0000000080001310       0x98
 *(.ARM.exidx* .gnu.linkonce.armexidx.*)
 .ARM.exidx.text.main
                0x0000000080001310       0x10 build/cortex-m4/./main.o
                                          0x8 (size before relaxing)
 .ARM.exidx.text.selfrel_offset31
                0x0000000080001320        0x0 ../../libc++/cortex-m/libgcc.a(unwind-arm.o)
                                          0x8 (size before relaxing)
 .ARM.exidx.text.search_EIT_table
                0x0000000080001320        0x0 ../../libc++/cortex-m/libgcc.a(unwind-arm.o)
                                          0x8 (size before relaxing)
 .ARM.exidx.text.__gnu_unwind_get_pr_addr
                0x0000000080001320        0x0 ../../libc++/cortex-m/libgcc.a(unwind-arm.o)
                                          0x8 (size before relaxing)
 .ARM.exidx.text.get_eit_entry
                0x0000000080001320        0x8 ../../libc++/cortex-m/libgcc.a(unwind-arm.o)
 .ARM.exidx.text.restore_non_core_regs
                0x0000000080001328        0x8 ../../libc++/cortex-m/libgcc.a(unwind-arm.o)
 .ARM.exidx.text._Unwind_decode_typeinfo_ptr.isra.0
                0x0000000080001330        0x8 ../../libc++/cortex-m/libgcc.a(unwind-arm.o)
 .ARM.exidx.text.__gnu_unwind_24bit.isra.1
                0x0000000080001338        0x0 ../../libc++/cortex-m/libgcc.a(unwind-arm.o)
                                          0x8 (size before relaxing)
 .ARM.exidx.text._Unwind_DebugHook
                0x0000000080001338        0x0 ../../libc++/cortex-m/libgcc.a(unwind-arm.o)
                                          0x8 (size before relaxing)
 .ARM.exidx.text.unwind_phase2
                0x0000000080001338        0x8 ../../libc++/cortex-m/libgcc.a(unwind-arm.o)
 .ARM.exidx.text.unwind_phase2_forced
                0x0000000080001340        0x8 ../../libc++/cortex-m/libgcc.a(unwind-arm.o)
 .ARM.exidx.text.__gnu_Unwind_RaiseException
                0x0000000080001348        0x8 ../../libc++/cortex-m/libgcc.a(unwind-arm.o)
 .ARM.exidx.text.__gnu_Unwind_ForcedUnwind
                0x0000000080001350        0x8 ../../libc++/cortex-m/libgcc.a(unwind-arm.o)
 .ARM.exidx.text.__gnu_Unwind_Resume
                0x0000000080001358        0x8 ../../libc++/cortex-m/libgcc.a(unwind-arm.o)
 .ARM.exidx.text.__gnu_Unwind_Resume_or_Rethrow
                0x0000000080001360        0x8 ../../libc++/cortex-m/libgcc.a(unwind-arm.o)
 .ARM.exidx.text._Unwind_VRS_Get
                0x0000000080001368        0x8 ../../libc++/cortex-m/libgcc.a(unwind-arm.o)
 .ARM.exidx.text._Unwind_GetGR
                0x0000000080001370        0x0 ../../libc++/cortex-m/libgcc.a(unwind-arm.o)
                                          0x8 (size before relaxing)
 .ARM.exidx.text._Unwind_VRS_Set
                0x0000000080001370        0x0 ../../libc++/cortex-m/libgcc.a(unwind-arm.o)
                                          0x8 (size before relaxing)
 .ARM.exidx.text._Unwind_SetGR
                0x0000000080001370        0x0 ../../libc++/cortex-m/libgcc.a(unwind-arm.o)
                                          0x8 (size before relaxing)
 .ARM.exidx.text.__gnu_Unwind_Backtrace
                0x0000000080001370        0x8 ../../libc++/cortex-m/libgcc.a(unwind-arm.o)
 .ARM.exidx.text.__gnu_unwind_pr_common
                0x0000000080001378        0x8 ../../libc++/cortex-m/libgcc.a(unwind-arm.o)
 .ARM.exidx.text.__aeabi_unwind_cpp_pr0
                0x0000000080001380        0x8 ../../libc++/cortex-m/libgcc.a(unwind-arm.o)
 .ARM.exidx.text.__aeabi_unwind_cpp_pr1
                0x0000000080001388        0x0 ../../libc++/cortex-m/libgcc.a(unwind-arm.o)
                                          0x8 (size before relaxing)
 .ARM.exidx.text.__aeabi_unwind_cpp_pr2
                0x0000000080001388        0x0 ../../libc++/cortex-m/libgcc.a(unwind-arm.o)
                                          0x8 (size before relaxing)
 .ARM.exidx.text._Unwind_VRS_Pop
                0x0000000080001388       0x10 ../../libc++/cortex-m/libgcc.a(unwind-arm.o)
                                          0x8 (size before relaxing)
 .ARM.exidx.text.next_unwind_byte
                0x0000000080001398        0x0 ../../libc++/cortex-m/libgcc.a(pr-support.o)
                                          0x8 (size before relaxing)
 .ARM.exidx.text.__gnu_unwind_execute
                0x0000000080001398       0x10 ../../libc++/cortex-m/libgcc.a(pr-support.o)
                                          0x8 (size before relaxing)
                0x00000000800013a8                PROVIDE (__exidx_end, .)
                0x0000000000000001                ASSERT ((_got <= _bss), 
The GOT section must be before the BSS section for crt0 setup to be correct.)
                0x0000000000000001                ASSERT ((_data <= _bss), 
The data section must be before the BSS section for crt0 setup to be correct.)

.rel.dyn        0x00000000800013a8        0x0
 .rel.iplt      0x00000000800013a8        0x0 build/cortex-m4/./main.o
 .rel.got       0x00000000800013a8        0x0 build/cortex-m4/./main.o

.comment        0x0000000000000000       0x7b
 .comment       0x0000000000000000       0x13 build/cortex-m4/./main.o
                                         0x14 (size before relaxing)
 .comment       0x0000000000000013       0x31 ../../libtock/build/cortex-m4/libtock.a(crt0.o)
                                         0x32 (size before relaxing)
 .comment       0x0000000000000044       0x32 ../../libtock/build/cortex-m4/libtock.a(alarm_timer.o)
 .comment       0x0000000000000044       0x32 ../../libtock/build/cortex-m4/libtock.a(tock.o)
 .comment       0x0000000000000044       0x32 ../../libtock/build/cortex-m4/libtock.a(led.o)
 .comment       0x0000000000000044       0x32 ../../libtock/build/cortex-m4/libtock.a(alarm_internal.o)
 .comment       0x0000000000000044       0x26 ../../newlib/cortex-m/libc.a(lib_a-exit.o)
                                         0x27 (size before relaxing)
 .comment       0x000000000000006a       0x27 ../../newlib/cortex-m/libc.a(lib_a-impure.o)
 .comment       0x000000000000006a       0x27 ../../newlib/cortex-m/libc.a(lib_a-memcpy-stub.o)
 .comment       0x000000000000006a       0x27 ../../newlib/cortex-m/libc.a(lib_a-memset.o)
 .comment       0x000000000000006a       0x27 ../../newlib/cortex-m/libc.a(lib_a-printf.o)
 .comment       0x000000000000006a       0x27 ../../newlib/cortex-m/libc.a(lib_a-findfp.o)
 .comment       0x000000000000006a       0x27 ../../newlib/cortex-m/libc.a(lib_a-fwalk.o)
 .comment       0x000000000000006a       0x27 ../../newlib/cortex-m/libc.a(lib_a-nano-mallocr.o)
 .comment       0x000000000000006a       0x27 ../../newlib/cortex-m/libc.a(lib_a-nano-vfprintf.o)
 .comment       0x000000000000006a       0x27 ../../newlib/cortex-m/libc.a(lib_a-sbrkr.o)
 .comment       0x000000000000006a       0x27 ../../newlib/cortex-m/libc.a(lib_a-stdio.o)
 .comment       0x000000000000006a       0x27 ../../newlib/cortex-m/libc.a(lib_a-wbuf.o)
 .comment       0x000000000000006a       0x27 ../../newlib/cortex-m/libc.a(lib_a-writer.o)
 .comment       0x000000000000006a       0x27 ../../newlib/cortex-m/libc.a(lib_a-wsetup.o)
 .comment       0x000000000000006a       0x27 ../../newlib/cortex-m/libc.a(lib_a-closer.o)
 .comment       0x000000000000006a       0x27 ../../newlib/cortex-m/libc.a(lib_a-fflush.o)
 .comment       0x000000000000006a       0x27 ../../newlib/cortex-m/libc.a(lib_a-fvwrite.o)
 .comment       0x000000000000006a       0x27 ../../newlib/cortex-m/libc.a(lib_a-lseekr.o)
 .comment       0x000000000000006a       0x27 ../../newlib/cortex-m/libc.a(lib_a-makebuf.o)
 .comment       0x000000000000006a       0x27 ../../newlib/cortex-m/libc.a(lib_a-memchr-stub.o)
 .comment       0x000000000000006a       0x27 ../../newlib/cortex-m/libc.a(lib_a-memmove.o)
 .comment       0x000000000000006a       0x27 ../../newlib/cortex-m/libc.a(lib_a-mlock.o)
 .comment       0x000000000000006a       0x27 ../../newlib/cortex-m/libc.a(lib_a-nano-freer.o)
 .comment       0x000000000000006a       0x27 ../../newlib/cortex-m/libc.a(lib_a-nano-reallocr.o)
 .comment       0x000000000000006a       0x27 ../../newlib/cortex-m/libc.a(lib_a-nano-vfprintf_i.o)
 .comment       0x000000000000006a       0x27 ../../newlib/cortex-m/libc.a(lib_a-readr.o)
 .comment       0x000000000000006a       0x27 ../../newlib/cortex-m/libc.a(lib_a-reent.o)
 .comment       0x000000000000006a       0x27 ../../newlib/cortex-m/libc.a(lib_a-fstatr.o)
 .comment       0x000000000000006a       0x27 ../../newlib/cortex-m/libc.a(lib_a-isattyr.o)
 .comment       0x000000000000006a       0x27 ../../newlib/cortex-m/libc.a(lib_a-nano-msizer.o)
 .comment       0x000000000000006a       0x11 ../../libc++/cortex-m/libgcc.a(unwind-arm.o)
                                         0x12 (size before relaxing)
 .comment       0x000000000000007b       0x12 ../../libc++/cortex-m/libgcc.a(pr-support.o)
 .comment       0x000000000000007b       0x32 ../../libtock/build/cortex-m4/libtock.a(sys.o)
 .comment       0x000000000000007b       0x32 ../../libtock/build/cortex-m4/libtock.a(console.o)
 .comment       0x000000000000007b       0x27 ../../newlib/cortex-m/libc.a(lib_a-abort.o)
 .comment       0x000000000000007b       0x27 ../../newlib/cortex-m/libc.a(lib_a-errno.o)
 .comment       0x000000000000007b       0x27 ../../newlib/cortex-m/libc.a(lib_a-malloc.o)
 .comment       0x000000000000007b       0x27 ../../newlib/cortex-m/libc.a(lib_a-signal.o)
 .comment       0x000000000000007b       0x27 ../../newlib/cortex-m/libc.a(lib_a-signalr.o)
 .comment       0x000000000000007b       0x27 ../../newlib/cortex-m/libc.a(lib_a-strncpy.o)

.note.GNU-stack
                0x0000000000000000        0x0
 .note.GNU-stack
                0x0000000000000000        0x0 build/cortex-m4/./main.o

.ARM.attributes
                0x0000000000000000       0x3d
 .ARM.attributes
                0x0000000000000000       0x47 build/cortex-m4/./main.o
 .ARM.attributes
                0x0000000000000047       0x33 ../../libtock/build/cortex-m4/libtock.a(crt0.o)
 .ARM.attributes
                0x000000000000007a       0x33 ../../libtock/build/cortex-m4/libtock.a(alarm_timer.o)
 .ARM.attributes
                0x00000000000000ad       0x33 ../../libtock/build/cortex-m4/libtock.a(tock.o)
 .ARM.attributes
                0x00000000000000e0       0x33 ../../libtock/build/cortex-m4/libtock.a(led.o)
 .ARM.attributes
                0x0000000000000113       0x33 ../../libtock/build/cortex-m4/libtock.a(alarm_internal.o)
 .ARM.attributes
                0x0000000000000146       0x2c ../../newlib/cortex-m/libc.a(lib_a-exit.o)
 .ARM.attributes
                0x0000000000000172       0x2c ../../newlib/cortex-m/libc.a(lib_a-impure.o)
 .ARM.attributes
                0x000000000000019e       0x2c ../../newlib/cortex-m/libc.a(lib_a-memcpy-stub.o)
 .ARM.attributes
                0x00000000000001ca       0x2c ../../newlib/cortex-m/libc.a(lib_a-memset.o)
 .ARM.attributes
                0x00000000000001f6       0x2c ../../newlib/cortex-m/libc.a(lib_a-printf.o)
 .ARM.attributes
                0x0000000000000222       0x2c ../../newlib/cortex-m/libc.a(lib_a-findfp.o)
 .ARM.attributes
                0x000000000000024e       0x2c ../../newlib/cortex-m/libc.a(lib_a-fwalk.o)
 .ARM.attributes
                0x000000000000027a       0x2c ../../newlib/cortex-m/libc.a(lib_a-nano-mallocr.o)
 .ARM.attributes
                0x00000000000002a6       0x2c ../../newlib/cortex-m/libc.a(lib_a-nano-vfprintf.o)
 .ARM.attributes
                0x00000000000002d2       0x2c ../../newlib/cortex-m/libc.a(lib_a-sbrkr.o)
 .ARM.attributes
                0x00000000000002fe       0x2c ../../newlib/cortex-m/libc.a(lib_a-stdio.o)
 .ARM.attributes
                0x000000000000032a       0x2c ../../newlib/cortex-m/libc.a(lib_a-wbuf.o)
 .ARM.attributes
                0x0000000000000356       0x2c ../../newlib/cortex-m/libc.a(lib_a-writer.o)
 .ARM.attributes
                0x0000000000000382       0x2c ../../newlib/cortex-m/libc.a(lib_a-wsetup.o)
 .ARM.attributes
                0x00000000000003ae       0x2c ../../newlib/cortex-m/libc.a(lib_a-closer.o)
 .ARM.attributes
                0x00000000000003da       0x2c ../../newlib/cortex-m/libc.a(lib_a-fflush.o)
 .ARM.attributes
                0x0000000000000406       0x2c ../../newlib/cortex-m/libc.a(lib_a-fvwrite.o)
 .ARM.attributes
                0x0000000000000432       0x2c ../../newlib/cortex-m/libc.a(lib_a-lseekr.o)
 .ARM.attributes
                0x000000000000045e       0x2c ../../newlib/cortex-m/libc.a(lib_a-makebuf.o)
 .ARM.attributes
                0x000000000000048a       0x2c ../../newlib/cortex-m/libc.a(lib_a-memchr-stub.o)
 .ARM.attributes
                0x00000000000004b6       0x2c ../../newlib/cortex-m/libc.a(lib_a-memmove.o)
 .ARM.attributes
                0x00000000000004e2       0x2c ../../newlib/cortex-m/libc.a(lib_a-mlock.o)
 .ARM.attributes
                0x000000000000050e       0x2c ../../newlib/cortex-m/libc.a(lib_a-nano-freer.o)
 .ARM.attributes
                0x000000000000053a       0x2c ../../newlib/cortex-m/libc.a(lib_a-nano-reallocr.o)
 .ARM.attributes
                0x0000000000000566       0x2c ../../newlib/cortex-m/libc.a(lib_a-nano-vfprintf_i.o)
 .ARM.attributes
                0x0000000000000592       0x2c ../../newlib/cortex-m/libc.a(lib_a-readr.o)
 .ARM.attributes
                0x00000000000005be       0x2c ../../newlib/cortex-m/libc.a(lib_a-reent.o)
 .ARM.attributes
                0x00000000000005ea       0x2c ../../newlib/cortex-m/libc.a(lib_a-fstatr.o)
 .ARM.attributes
                0x0000000000000616       0x2c ../../newlib/cortex-m/libc.a(lib_a-isattyr.o)
 .ARM.attributes
                0x0000000000000642       0x2c ../../newlib/cortex-m/libc.a(lib_a-nano-msizer.o)
 .ARM.attributes
                0x000000000000066e       0x23 ../../libc++/cortex-m/libgcc.a(_udivsi3.o)
 .ARM.attributes
                0x0000000000000691       0x23 ../../libc++/cortex-m/libgcc.a(_divsi3.o)
 .ARM.attributes
                0x00000000000006b4       0x23 ../../libc++/cortex-m/libgcc.a(_dvmd_tls.o)
 .ARM.attributes
                0x00000000000006d7       0x31 ../../libc++/cortex-m/libgcc.a(unwind-arm.o)
 .ARM.attributes
                0x0000000000000708       0x23 ../../libc++/cortex-m/libgcc.a(libunwind.o)
 .ARM.attributes
                0x000000000000072b       0x31 ../../libc++/cortex-m/libgcc.a(pr-support.o)
 .ARM.attributes
                0x000000000000075c       0x23 ../../libc++/cortex-m/libgcc.a(_thumb1_case_uqi.o)
 .ARM.attributes
                0x000000000000077f       0x33 ../../libtock/build/cortex-m4/libtock.a(sys.o)
 .ARM.attributes
                0x00000000000007b2       0x33 ../../libtock/build/cortex-m4/libtock.a(console.o)
 .ARM.attributes
                0x00000000000007e5       0x2c ../../newlib/cortex-m/libc.a(lib_a-abort.o)
 .ARM.attributes
                0x0000000000000811       0x2c ../../newlib/cortex-m/libc.a(lib_a-errno.o)
 .ARM.attributes
                0x000000000000083d       0x2c ../../newlib/cortex-m/libc.a(lib_a-malloc.o)
 .ARM.attributes
                0x0000000000000869       0x2c ../../newlib/cortex-m/libc.a(lib_a-signal.o)
 .ARM.attributes
                0x0000000000000895       0x2c ../../newlib/cortex-m/libc.a(lib_a-signalr.o)
 .ARM.attributes
                0x00000000000008c1       0x2c ../../newlib/cortex-m/libc.a(lib_a-strncpy.o)

.GCC.command.line
                0x0000000000000000      0x579
 .GCC.command.line
                0x0000000000000000      0x3c5 ../../libtock/build/cortex-m4/libtock.a(crt0.o)
 .GCC.command.line
                0x00000000000003c5       0x51 ../../libtock/build/cortex-m4/libtock.a(alarm_timer.o)
                                        0x3de (size before relaxing)
 .GCC.command.line
                0x0000000000000416       0x38 ../../libtock/build/cortex-m4/libtock.a(tock.o)
                                        0x3c5 (size before relaxing)
 .GCC.command.line
                0x000000000000044e       0x41 ../../libtock/build/cortex-m4/libtock.a(led.o)
                                        0x3ce (size before relaxing)
 .GCC.command.line
                0x000000000000048f       0x60 ../../libtock/build/cortex-m4/libtock.a(alarm_internal.o)
                                        0x3ed (size before relaxing)
 .GCC.command.line
                0x00000000000004ef       0x41 ../../libtock/build/cortex-m4/libtock.a(sys.o)
                                        0x3ce (size before relaxing)
 .GCC.command.line
                0x0000000000000530       0x49 ../../libtock/build/cortex-m4/libtock.a(console.o)
                                        0x3d6 (size before relaxing)
END GROUP
OUTPUT(build/cortex-m4/cortex-m4.elf elf32-littlearm)

.debug_info     0x0000000000000000    0x231a6
 .debug_info    0x0000000000000000      0xc53 ../../libtock/build/cortex-m4/libtock.a(crt0.o)
 .debug_info    0x0000000000000c53     0x12fe ../../libtock/build/cortex-m4/libtock.a(alarm_timer.o)
 .debug_info    0x0000000000001f51     0x10e4 ../../libtock/build/cortex-m4/libtock.a(tock.o)
 .debug_info    0x0000000000003035      0xaf0 ../../libtock/build/cortex-m4/libtock.a(led.o)
 .debug_info    0x0000000000003b25      0xb3e ../../libtock/build/cortex-m4/libtock.a(alarm_internal.o)
 .debug_info    0x0000000000004663      0x959 ../../newlib/cortex-m/libc.a(lib_a-exit.o)
 .debug_info    0x0000000000004fbc      0x8ab ../../newlib/cortex-m/libc.a(lib_a-impure.o)
 .debug_info    0x0000000000005867      0x916 ../../newlib/cortex-m/libc.a(lib_a-memcpy-stub.o)
 .debug_info    0x000000000000617d      0xde0 ../../newlib/cortex-m/libc.a(lib_a-memset.o)
 .debug_info    0x0000000000006f5d      0xbbb ../../newlib/cortex-m/libc.a(lib_a-printf.o)
 .debug_info    0x0000000000007b18      0xf6d ../../newlib/cortex-m/libc.a(lib_a-findfp.o)
 .debug_info    0x0000000000008a85      0xbd6 ../../newlib/cortex-m/libc.a(lib_a-fwalk.o)
 .debug_info    0x000000000000965b      0xbb2 ../../newlib/cortex-m/libc.a(lib_a-nano-mallocr.o)
 .debug_info    0x000000000000a20d     0x15cc ../../newlib/cortex-m/libc.a(lib_a-nano-vfprintf.o)
 .debug_info    0x000000000000b7d9      0x960 ../../newlib/cortex-m/libc.a(lib_a-sbrkr.o)
 .debug_info    0x000000000000c139      0xd5b ../../newlib/cortex-m/libc.a(lib_a-stdio.o)
 .debug_info    0x000000000000ce94      0xbdb ../../newlib/cortex-m/libc.a(lib_a-wbuf.o)
 .debug_info    0x000000000000da6f      0x9a3 ../../newlib/cortex-m/libc.a(lib_a-writer.o)
 .debug_info    0x000000000000e412      0xb53 ../../newlib/cortex-m/libc.a(lib_a-wsetup.o)
 .debug_info    0x000000000000ef65      0x956 ../../newlib/cortex-m/libc.a(lib_a-closer.o)
 .debug_info    0x000000000000f8bb      0xc9b ../../newlib/cortex-m/libc.a(lib_a-fflush.o)
 .debug_info    0x0000000000010556      0xe14 ../../newlib/cortex-m/libc.a(lib_a-fvwrite.o)
 .debug_info    0x000000000001136a      0x986 ../../newlib/cortex-m/libc.a(lib_a-lseekr.o)
 .debug_info    0x0000000000011cf0      0xe3f ../../newlib/cortex-m/libc.a(lib_a-makebuf.o)
 .debug_info    0x0000000000012b2f      0x908 ../../newlib/cortex-m/libc.a(lib_a-memchr-stub.o)
 .debug_info    0x0000000000013437      0xdfe ../../newlib/cortex-m/libc.a(lib_a-memmove.o)
 .debug_info    0x0000000000014235      0x8de ../../newlib/cortex-m/libc.a(lib_a-mlock.o)
 .debug_info    0x0000000000014b13      0xb0c ../../newlib/cortex-m/libc.a(lib_a-nano-freer.o)
 .debug_info    0x000000000001561f      0xabe ../../newlib/cortex-m/libc.a(lib_a-nano-reallocr.o)
 .debug_info    0x00000000000160dd     0x1447 ../../newlib/cortex-m/libc.a(lib_a-nano-vfprintf_i.o)
 .debug_info    0x0000000000017524      0x99c ../../newlib/cortex-m/libc.a(lib_a-readr.o)
 .debug_info    0x0000000000017ec0      0xa67 ../../newlib/cortex-m/libc.a(lib_a-reent.o)
 .debug_info    0x0000000000018927      0xb68 ../../newlib/cortex-m/libc.a(lib_a-fstatr.o)
 .debug_info    0x000000000001948f      0x956 ../../newlib/cortex-m/libc.a(lib_a-isattyr.o)
 .debug_info    0x0000000000019de5      0xa02 ../../newlib/cortex-m/libc.a(lib_a-nano-msizer.o)
 .debug_info    0x000000000001a7e7       0xae ../../libc++/cortex-m/libgcc.a(_udivsi3.o)
 .debug_info    0x000000000001a895       0xae ../../libc++/cortex-m/libgcc.a(_divsi3.o)
 .debug_info    0x000000000001a943       0xae ../../libc++/cortex-m/libgcc.a(_dvmd_tls.o)
 .debug_info    0x000000000001a9f1     0x242d ../../libc++/cortex-m/libgcc.a(unwind-arm.o)
 .debug_info    0x000000000001ce1e       0xae ../../libc++/cortex-m/libgcc.a(libunwind.o)
 .debug_info    0x000000000001cecc      0x84c ../../libc++/cortex-m/libgcc.a(pr-support.o)
 .debug_info    0x000000000001d718       0xae ../../libc++/cortex-m/libgcc.a(_thumb1_case_uqi.o)
 .debug_info    0x000000000001d7c6      0xf3e ../../libtock/build/cortex-m4/libtock.a(sys.o)
 .debug_info    0x000000000001e704     0x10d9 ../../libtock/build/cortex-m4/libtock.a(console.o)
 .debug_info    0x000000000001f7dd      0x92d ../../newlib/cortex-m/libc.a(lib_a-abort.o)
 .debug_info    0x000000000002010a      0x8d2 ../../newlib/cortex-m/libc.a(lib_a-errno.o)
 .debug_info    0x00000000000209dc      0x928 ../../newlib/cortex-m/libc.a(lib_a-malloc.o)
 .debug_info    0x0000000000021304      0xbda ../../newlib/cortex-m/libc.a(lib_a-signal.o)
 .debug_info    0x0000000000021ede      0x9c8 ../../newlib/cortex-m/libc.a(lib_a-signalr.o)
 .debug_info    0x00000000000228a6      0x900 ../../newlib/cortex-m/libc.a(lib_a-strncpy.o)

.debug_abbrev   0x0000000000000000     0x62f2
 .debug_abbrev  0x0000000000000000      0x27c ../../libtock/build/cortex-m4/libtock.a(crt0.o)
 .debug_abbrev  0x000000000000027c      0x3d0 ../../libtock/build/cortex-m4/libtock.a(alarm_timer.o)
 .debug_abbrev  0x000000000000064c      0x302 ../../libtock/build/cortex-m4/libtock.a(tock.o)
 .debug_abbrev  0x000000000000094e      0x1c1 ../../libtock/build/cortex-m4/libtock.a(led.o)
 .debug_abbrev  0x0000000000000b0f      0x1d0 ../../libtock/build/cortex-m4/libtock.a(alarm_internal.o)
 .debug_abbrev  0x0000000000000cdf      0x1cd ../../newlib/cortex-m/libc.a(lib_a-exit.o)
 .debug_abbrev  0x0000000000000eac      0x15c ../../newlib/cortex-m/libc.a(lib_a-impure.o)
 .debug_abbrev  0x0000000000001008      0x1ac ../../newlib/cortex-m/libc.a(lib_a-memcpy-stub.o)
 .debug_abbrev  0x00000000000011b4      0x197 ../../newlib/cortex-m/libc.a(lib_a-memset.o)
 .debug_abbrev  0x000000000000134b      0x24d ../../newlib/cortex-m/libc.a(lib_a-printf.o)
 .debug_abbrev  0x0000000000001598      0x32c ../../newlib/cortex-m/libc.a(lib_a-findfp.o)
 .debug_abbrev  0x00000000000018c4      0x1ef ../../newlib/cortex-m/libc.a(lib_a-fwalk.o)
 .debug_abbrev  0x0000000000001ab3      0x2c7 ../../newlib/cortex-m/libc.a(lib_a-nano-mallocr.o)
 .debug_abbrev  0x0000000000001d7a      0x2c2 ../../newlib/cortex-m/libc.a(lib_a-nano-vfprintf.o)
 .debug_abbrev  0x000000000000203c      0x1df ../../newlib/cortex-m/libc.a(lib_a-sbrkr.o)
 .debug_abbrev  0x000000000000221b      0x225 ../../newlib/cortex-m/libc.a(lib_a-stdio.o)
 .debug_abbrev  0x0000000000002440      0x233 ../../newlib/cortex-m/libc.a(lib_a-wbuf.o)
 .debug_abbrev  0x0000000000002673      0x1e1 ../../newlib/cortex-m/libc.a(lib_a-writer.o)
 .debug_abbrev  0x0000000000002854      0x208 ../../newlib/cortex-m/libc.a(lib_a-wsetup.o)
 .debug_abbrev  0x0000000000002a5c      0x1da ../../newlib/cortex-m/libc.a(lib_a-closer.o)
 .debug_abbrev  0x0000000000002c36      0x29d ../../newlib/cortex-m/libc.a(lib_a-fflush.o)
 .debug_abbrev  0x0000000000002ed3      0x237 ../../newlib/cortex-m/libc.a(lib_a-fvwrite.o)
 .debug_abbrev  0x000000000000310a      0x1eb ../../newlib/cortex-m/libc.a(lib_a-lseekr.o)
 .debug_abbrev  0x00000000000032f5      0x2a3 ../../newlib/cortex-m/libc.a(lib_a-makebuf.o)
 .debug_abbrev  0x0000000000003598      0x1a5 ../../newlib/cortex-m/libc.a(lib_a-memchr-stub.o)
 .debug_abbrev  0x000000000000373d      0x19c ../../newlib/cortex-m/libc.a(lib_a-memmove.o)
 .debug_abbrev  0x00000000000038d9      0x19d ../../newlib/cortex-m/libc.a(lib_a-mlock.o)
 .debug_abbrev  0x0000000000003a76      0x275 ../../newlib/cortex-m/libc.a(lib_a-nano-freer.o)
 .debug_abbrev  0x0000000000003ceb      0x1f4 ../../newlib/cortex-m/libc.a(lib_a-nano-reallocr.o)
 .debug_abbrev  0x0000000000003edf      0x2aa ../../newlib/cortex-m/libc.a(lib_a-nano-vfprintf_i.o)
 .debug_abbrev  0x0000000000004189      0x1dc ../../newlib/cortex-m/libc.a(lib_a-readr.o)
 .debug_abbrev  0x0000000000004365      0x221 ../../newlib/cortex-m/libc.a(lib_a-reent.o)
 .debug_abbrev  0x0000000000004586      0x1e9 ../../newlib/cortex-m/libc.a(lib_a-fstatr.o)
 .debug_abbrev  0x000000000000476f      0x1da ../../newlib/cortex-m/libc.a(lib_a-isattyr.o)
 .debug_abbrev  0x0000000000004949      0x1b4 ../../newlib/cortex-m/libc.a(lib_a-nano-msizer.o)
 .debug_abbrev  0x0000000000004afd       0x14 ../../libc++/cortex-m/libgcc.a(_udivsi3.o)
 .debug_abbrev  0x0000000000004b11       0x14 ../../libc++/cortex-m/libgcc.a(_divsi3.o)
 .debug_abbrev  0x0000000000004b25       0x14 ../../libc++/cortex-m/libgcc.a(_dvmd_tls.o)
 .debug_abbrev  0x0000000000004b39      0x482 ../../libc++/cortex-m/libgcc.a(unwind-arm.o)
 .debug_abbrev  0x0000000000004fbb       0x14 ../../libc++/cortex-m/libgcc.a(libunwind.o)
 .debug_abbrev  0x0000000000004fcf      0x276 ../../libc++/cortex-m/libgcc.a(pr-support.o)
 .debug_abbrev  0x0000000000005245       0x14 ../../libc++/cortex-m/libgcc.a(_thumb1_case_uqi.o)
 .debug_abbrev  0x0000000000005259      0x285 ../../libtock/build/cortex-m4/libtock.a(sys.o)
 .debug_abbrev  0x00000000000054de      0x329 ../../libtock/build/cortex-m4/libtock.a(console.o)
 .debug_abbrev  0x0000000000005807      0x1ab ../../newlib/cortex-m/libc.a(lib_a-abort.o)
 .debug_abbrev  0x00000000000059b2      0x178 ../../newlib/cortex-m/libc.a(lib_a-errno.o)
 .debug_abbrev  0x0000000000005b2a      0x1c6 ../../newlib/cortex-m/libc.a(lib_a-malloc.o)
 .debug_abbrev  0x0000000000005cf0      0x287 ../../newlib/cortex-m/libc.a(lib_a-signal.o)
 .debug_abbrev  0x0000000000005f77      0x1e5 ../../newlib/cortex-m/libc.a(lib_a-signalr.o)
 .debug_abbrev  0x000000000000615c      0x196 ../../newlib/cortex-m/libc.a(lib_a-strncpy.o)

.debug_loc      0x0000000000000000     0x64ea
 .debug_loc     0x0000000000000000      0x159 ../../libtock/build/cortex-m4/libtock.a(crt0.o)
 .debug_loc     0x0000000000000159      0x94a ../../libtock/build/cortex-m4/libtock.a(alarm_timer.o)
 .debug_loc     0x0000000000000aa3      0x3e6 ../../libtock/build/cortex-m4/libtock.a(tock.o)
 .debug_loc     0x0000000000000e89       0x84 ../../libtock/build/cortex-m4/libtock.a(led.o)
 .debug_loc     0x0000000000000f0d       0x84 ../../libtock/build/cortex-m4/libtock.a(alarm_internal.o)
 .debug_loc     0x0000000000000f91       0x1e ../../newlib/cortex-m/libc.a(lib_a-exit.o)
 .debug_loc     0x0000000000000faf       0xbe ../../newlib/cortex-m/libc.a(lib_a-memcpy-stub.o)
 .debug_loc     0x000000000000106d       0x72 ../../newlib/cortex-m/libc.a(lib_a-memset.o)
 .debug_loc     0x00000000000010df       0x3f ../../newlib/cortex-m/libc.a(lib_a-printf.o)
 .debug_loc     0x000000000000111e      0x211 ../../newlib/cortex-m/libc.a(lib_a-findfp.o)
 .debug_loc     0x000000000000132f      0x199 ../../newlib/cortex-m/libc.a(lib_a-fwalk.o)
 .debug_loc     0x00000000000014c8      0x222 ../../newlib/cortex-m/libc.a(lib_a-nano-mallocr.o)
 .debug_loc     0x00000000000016ea      0x556 ../../newlib/cortex-m/libc.a(lib_a-nano-vfprintf.o)
 .debug_loc     0x0000000000001c40       0x4d ../../newlib/cortex-m/libc.a(lib_a-sbrkr.o)
 .debug_loc     0x0000000000001c8d      0x302 ../../newlib/cortex-m/libc.a(lib_a-stdio.o)
 .debug_loc     0x0000000000001f8f      0x128 ../../newlib/cortex-m/libc.a(lib_a-wbuf.o)
 .debug_loc     0x00000000000020b7       0xa5 ../../newlib/cortex-m/libc.a(lib_a-writer.o)
 .debug_loc     0x000000000000215c       0x7e ../../newlib/cortex-m/libc.a(lib_a-wsetup.o)
 .debug_loc     0x00000000000021da       0x4d ../../newlib/cortex-m/libc.a(lib_a-closer.o)
 .debug_loc     0x0000000000002227      0x2ab ../../newlib/cortex-m/libc.a(lib_a-fflush.o)
 .debug_loc     0x00000000000024d2      0x5f2 ../../newlib/cortex-m/libc.a(lib_a-fvwrite.o)
 .debug_loc     0x0000000000002ac4       0xa5 ../../newlib/cortex-m/libc.a(lib_a-lseekr.o)
 .debug_loc     0x0000000000002b69      0x213 ../../newlib/cortex-m/libc.a(lib_a-makebuf.o)
 .debug_loc     0x0000000000002d7c       0xb4 ../../newlib/cortex-m/libc.a(lib_a-memchr-stub.o)
 .debug_loc     0x0000000000002e30       0xe7 ../../newlib/cortex-m/libc.a(lib_a-memmove.o)
 .debug_loc     0x0000000000002f17       0xe8 ../../newlib/cortex-m/libc.a(lib_a-nano-freer.o)
 .debug_loc     0x0000000000002fff      0x13c ../../newlib/cortex-m/libc.a(lib_a-nano-reallocr.o)
 .debug_loc     0x000000000000313b      0x5bb ../../newlib/cortex-m/libc.a(lib_a-nano-vfprintf_i.o)
 .debug_loc     0x00000000000036f6       0xa5 ../../newlib/cortex-m/libc.a(lib_a-readr.o)
 .debug_loc     0x000000000000379b       0xcb ../../newlib/cortex-m/libc.a(lib_a-reent.o)
 .debug_loc     0x0000000000003866       0x79 ../../newlib/cortex-m/libc.a(lib_a-fstatr.o)
 .debug_loc     0x00000000000038df       0x4d ../../newlib/cortex-m/libc.a(lib_a-isattyr.o)
 .debug_loc     0x000000000000392c       0x7d ../../newlib/cortex-m/libc.a(lib_a-nano-msizer.o)
 .debug_loc     0x00000000000039a9     0x1705 ../../libc++/cortex-m/libgcc.a(unwind-arm.o)
 .debug_loc     0x00000000000050ae      0x52b ../../libc++/cortex-m/libgcc.a(pr-support.o)
 .debug_loc     0x00000000000055d9      0x21e ../../libtock/build/cortex-m4/libtock.a(sys.o)
 .debug_loc     0x00000000000057f7      0x6de ../../libtock/build/cortex-m4/libtock.a(console.o)
 .debug_loc     0x0000000000005ed5       0x58 ../../newlib/cortex-m/libc.a(lib_a-malloc.o)
 .debug_loc     0x0000000000005f2d      0x414 ../../newlib/cortex-m/libc.a(lib_a-signal.o)
 .debug_loc     0x0000000000006341       0x9a ../../newlib/cortex-m/libc.a(lib_a-signalr.o)
 .debug_loc     0x00000000000063db      0x10f ../../newlib/cortex-m/libc.a(lib_a-strncpy.o)

.debug_aranges  0x0000000000000000      0x9f0
 .debug_aranges
                0x0000000000000000       0x28 ../../libtock/build/cortex-m4/libtock.a(crt0.o)
 .debug_aranges
                0x0000000000000028       0x70 ../../libtock/build/cortex-m4/libtock.a(alarm_timer.o)
 .debug_aranges
                0x0000000000000098       0xa8 ../../libtock/build/cortex-m4/libtock.a(tock.o)
 .debug_aranges
                0x0000000000000140       0x38 ../../libtock/build/cortex-m4/libtock.a(led.o)
 .debug_aranges
                0x0000000000000178       0x38 ../../libtock/build/cortex-m4/libtock.a(alarm_internal.o)
 .debug_aranges
                0x00000000000001b0       0x20 ../../newlib/cortex-m/libc.a(lib_a-exit.o)
 .debug_aranges
                0x00000000000001d0       0x18 ../../newlib/cortex-m/libc.a(lib_a-impure.o)
 .debug_aranges
                0x00000000000001e8       0x20 ../../newlib/cortex-m/libc.a(lib_a-memcpy-stub.o)
 .debug_aranges
                0x0000000000000208       0x20 ../../newlib/cortex-m/libc.a(lib_a-memset.o)
 .debug_aranges
                0x0000000000000228       0x28 ../../newlib/cortex-m/libc.a(lib_a-printf.o)
 .debug_aranges
                0x0000000000000250       0x68 ../../newlib/cortex-m/libc.a(lib_a-findfp.o)
 .debug_aranges
                0x00000000000002b8       0x28 ../../newlib/cortex-m/libc.a(lib_a-fwalk.o)
 .debug_aranges
                0x00000000000002e0       0x20 ../../newlib/cortex-m/libc.a(lib_a-nano-mallocr.o)
 .debug_aranges
                0x0000000000000300       0x40 ../../newlib/cortex-m/libc.a(lib_a-nano-vfprintf.o)
 .debug_aranges
                0x0000000000000340       0x20 ../../newlib/cortex-m/libc.a(lib_a-sbrkr.o)
 .debug_aranges
                0x0000000000000360       0x40 ../../newlib/cortex-m/libc.a(lib_a-stdio.o)
 .debug_aranges
                0x00000000000003a0       0x28 ../../newlib/cortex-m/libc.a(lib_a-wbuf.o)
 .debug_aranges
                0x00000000000003c8       0x20 ../../newlib/cortex-m/libc.a(lib_a-writer.o)
 .debug_aranges
                0x00000000000003e8       0x20 ../../newlib/cortex-m/libc.a(lib_a-wsetup.o)
 .debug_aranges
                0x0000000000000408       0x20 ../../newlib/cortex-m/libc.a(lib_a-closer.o)
 .debug_aranges
                0x0000000000000428       0x30 ../../newlib/cortex-m/libc.a(lib_a-fflush.o)
 .debug_aranges
                0x0000000000000458       0x20 ../../newlib/cortex-m/libc.a(lib_a-fvwrite.o)
 .debug_aranges
                0x0000000000000478       0x20 ../../newlib/cortex-m/libc.a(lib_a-lseekr.o)
 .debug_aranges
                0x0000000000000498       0x28 ../../newlib/cortex-m/libc.a(lib_a-makebuf.o)
 .debug_aranges
                0x00000000000004c0       0x20 ../../newlib/cortex-m/libc.a(lib_a-memchr-stub.o)
 .debug_aranges
                0x00000000000004e0       0x20 ../../newlib/cortex-m/libc.a(lib_a-memmove.o)
 .debug_aranges
                0x0000000000000500       0x20 ../../newlib/cortex-m/libc.a(lib_a-mlock.o)
 .debug_aranges
                0x0000000000000520       0x20 ../../newlib/cortex-m/libc.a(lib_a-nano-freer.o)
 .debug_aranges
                0x0000000000000540       0x20 ../../newlib/cortex-m/libc.a(lib_a-nano-reallocr.o)
 .debug_aranges
                0x0000000000000560       0x28 ../../newlib/cortex-m/libc.a(lib_a-nano-vfprintf_i.o)
 .debug_aranges
                0x0000000000000588       0x20 ../../newlib/cortex-m/libc.a(lib_a-readr.o)
 .debug_aranges
                0x00000000000005a8       0x28 ../../newlib/cortex-m/libc.a(lib_a-reent.o)
 .debug_aranges
                0x00000000000005d0       0x20 ../../newlib/cortex-m/libc.a(lib_a-fstatr.o)
 .debug_aranges
                0x00000000000005f0       0x20 ../../newlib/cortex-m/libc.a(lib_a-isattyr.o)
 .debug_aranges
                0x0000000000000610       0x20 ../../newlib/cortex-m/libc.a(lib_a-nano-msizer.o)
 .debug_aranges
                0x0000000000000630       0x20 ../../libc++/cortex-m/libgcc.a(_udivsi3.o)
 .debug_aranges
                0x0000000000000650       0x20 ../../libc++/cortex-m/libgcc.a(_divsi3.o)
 .debug_aranges
                0x0000000000000670       0x20 ../../libc++/cortex-m/libgcc.a(_dvmd_tls.o)
 .debug_aranges
                0x0000000000000690       0xf0 ../../libc++/cortex-m/libgcc.a(unwind-arm.o)
 .debug_aranges
                0x0000000000000780       0x20 ../../libc++/cortex-m/libgcc.a(libunwind.o)
 .debug_aranges
                0x00000000000007a0       0x58 ../../libc++/cortex-m/libgcc.a(pr-support.o)
 .debug_aranges
                0x00000000000007f8       0x20 ../../libc++/cortex-m/libgcc.a(_thumb1_case_uqi.o)
 .debug_aranges
                0x0000000000000818       0x78 ../../libtock/build/cortex-m4/libtock.a(sys.o)
 .debug_aranges
                0x0000000000000890       0x58 ../../libtock/build/cortex-m4/libtock.a(console.o)
 .debug_aranges
                0x00000000000008e8       0x20 ../../newlib/cortex-m/libc.a(lib_a-abort.o)
 .debug_aranges
                0x0000000000000908       0x20 ../../newlib/cortex-m/libc.a(lib_a-errno.o)
 .debug_aranges
                0x0000000000000928       0x28 ../../newlib/cortex-m/libc.a(lib_a-malloc.o)
 .debug_aranges
                0x0000000000000950       0x58 ../../newlib/cortex-m/libc.a(lib_a-signal.o)
 .debug_aranges
                0x00000000000009a8       0x28 ../../newlib/cortex-m/libc.a(lib_a-signalr.o)
 .debug_aranges
                0x00000000000009d0       0x20 ../../newlib/cortex-m/libc.a(lib_a-strncpy.o)

.debug_ranges   0x0000000000000000      0xad8
 .debug_ranges  0x0000000000000000       0x70 ../../libtock/build/cortex-m4/libtock.a(crt0.o)
 .debug_ranges  0x0000000000000070       0xd0 ../../libtock/build/cortex-m4/libtock.a(alarm_timer.o)
 .debug_ranges  0x0000000000000140       0xb0 ../../libtock/build/cortex-m4/libtock.a(tock.o)
 .debug_ranges  0x00000000000001f0       0x28 ../../libtock/build/cortex-m4/libtock.a(led.o)
 .debug_ranges  0x0000000000000218       0x28 ../../libtock/build/cortex-m4/libtock.a(alarm_internal.o)
 .debug_ranges  0x0000000000000240       0x10 ../../newlib/cortex-m/libc.a(lib_a-exit.o)
 .debug_ranges  0x0000000000000250       0x10 ../../newlib/cortex-m/libc.a(lib_a-memcpy-stub.o)
 .debug_ranges  0x0000000000000260       0x10 ../../newlib/cortex-m/libc.a(lib_a-memset.o)
 .debug_ranges  0x0000000000000270       0x18 ../../newlib/cortex-m/libc.a(lib_a-printf.o)
 .debug_ranges  0x0000000000000288       0x58 ../../newlib/cortex-m/libc.a(lib_a-findfp.o)
 .debug_ranges  0x00000000000002e0       0x18 ../../newlib/cortex-m/libc.a(lib_a-fwalk.o)
 .debug_ranges  0x00000000000002f8       0x60 ../../newlib/cortex-m/libc.a(lib_a-nano-mallocr.o)
 .debug_ranges  0x0000000000000358       0x48 ../../newlib/cortex-m/libc.a(lib_a-nano-vfprintf.o)
 .debug_ranges  0x00000000000003a0       0x10 ../../newlib/cortex-m/libc.a(lib_a-sbrkr.o)
 .debug_ranges  0x00000000000003b0       0x30 ../../newlib/cortex-m/libc.a(lib_a-stdio.o)
 .debug_ranges  0x00000000000003e0       0x30 ../../newlib/cortex-m/libc.a(lib_a-wbuf.o)
 .debug_ranges  0x0000000000000410       0x10 ../../newlib/cortex-m/libc.a(lib_a-writer.o)
 .debug_ranges  0x0000000000000420       0x40 ../../newlib/cortex-m/libc.a(lib_a-wsetup.o)
 .debug_ranges  0x0000000000000460       0x28 ../../newlib/cortex-m/libc.a(lib_a-closer.o)
 .debug_ranges  0x0000000000000488       0x68 ../../newlib/cortex-m/libc.a(lib_a-fflush.o)
 .debug_ranges  0x00000000000004f0       0x30 ../../newlib/cortex-m/libc.a(lib_a-fvwrite.o)
 .debug_ranges  0x0000000000000520       0x10 ../../newlib/cortex-m/libc.a(lib_a-lseekr.o)
 .debug_ranges  0x0000000000000530       0x30 ../../newlib/cortex-m/libc.a(lib_a-makebuf.o)
 .debug_ranges  0x0000000000000560       0x10 ../../newlib/cortex-m/libc.a(lib_a-memchr-stub.o)
 .debug_ranges  0x0000000000000570       0x10 ../../newlib/cortex-m/libc.a(lib_a-memmove.o)
 .debug_ranges  0x0000000000000580       0x10 ../../newlib/cortex-m/libc.a(lib_a-mlock.o)
 .debug_ranges  0x0000000000000590       0x28 ../../newlib/cortex-m/libc.a(lib_a-nano-freer.o)
 .debug_ranges  0x00000000000005b8       0x10 ../../newlib/cortex-m/libc.a(lib_a-nano-reallocr.o)
 .debug_ranges  0x00000000000005c8       0x88 ../../newlib/cortex-m/libc.a(lib_a-nano-vfprintf_i.o)
 .debug_ranges  0x0000000000000650       0x10 ../../newlib/cortex-m/libc.a(lib_a-readr.o)
 .debug_ranges  0x0000000000000660       0x48 ../../newlib/cortex-m/libc.a(lib_a-reent.o)
 .debug_ranges  0x00000000000006a8       0x28 ../../newlib/cortex-m/libc.a(lib_a-fstatr.o)
 .debug_ranges  0x00000000000006d0       0x28 ../../newlib/cortex-m/libc.a(lib_a-isattyr.o)
 .debug_ranges  0x00000000000006f8       0x10 ../../newlib/cortex-m/libc.a(lib_a-nano-msizer.o)
 .debug_ranges  0x0000000000000708      0x1b8 ../../libc++/cortex-m/libgcc.a(unwind-arm.o)
 .debug_ranges  0x00000000000008c0       0x78 ../../libc++/cortex-m/libgcc.a(pr-support.o)
 .debug_ranges  0x0000000000000938       0x68 ../../libtock/build/cortex-m4/libtock.a(sys.o)
 .debug_ranges  0x00000000000009a0       0x78 ../../libtock/build/cortex-m4/libtock.a(console.o)
 .debug_ranges  0x0000000000000a18       0x10 ../../newlib/cortex-m/libc.a(lib_a-abort.o)
 .debug_ranges  0x0000000000000a28       0x10 ../../newlib/cortex-m/libc.a(lib_a-errno.o)
 .debug_ranges  0x0000000000000a38       0x18 ../../newlib/cortex-m/libc.a(lib_a-malloc.o)
 .debug_ranges  0x0000000000000a50       0x48 ../../newlib/cortex-m/libc.a(lib_a-signal.o)
 .debug_ranges  0x0000000000000a98       0x30 ../../newlib/cortex-m/libc.a(lib_a-signalr.o)
 .debug_ranges  0x0000000000000ac8       0x10 ../../newlib/cortex-m/libc.a(lib_a-strncpy.o)

.debug_line     0x0000000000000000     0x6136
 .debug_line    0x0000000000000000      0x14b ../../libtock/build/cortex-m4/libtock.a(crt0.o)
 .debug_line    0x000000000000014b      0x2a3 ../../libtock/build/cortex-m4/libtock.a(alarm_timer.o)
 .debug_line    0x00000000000003ee      0x28a ../../libtock/build/cortex-m4/libtock.a(tock.o)
 .debug_line    0x0000000000000678       0xf1 ../../libtock/build/cortex-m4/libtock.a(led.o)
 .debug_line    0x0000000000000769      0x14d ../../libtock/build/cortex-m4/libtock.a(alarm_internal.o)
 .debug_line    0x00000000000008b6      0x1a4 ../../newlib/cortex-m/libc.a(lib_a-exit.o)
 .debug_line    0x0000000000000a5a      0x119 ../../newlib/cortex-m/libc.a(lib_a-impure.o)
 .debug_line    0x0000000000000b73      0x1b1 ../../newlib/cortex-m/libc.a(lib_a-memcpy-stub.o)
 .debug_line    0x0000000000000d24      0x216 ../../newlib/cortex-m/libc.a(lib_a-memset.o)
 .debug_line    0x0000000000000f3a      0x205 ../../newlib/cortex-m/libc.a(lib_a-printf.o)
 .debug_line    0x000000000000113f      0x303 ../../newlib/cortex-m/libc.a(lib_a-findfp.o)
 .debug_line    0x0000000000001442      0x22b ../../newlib/cortex-m/libc.a(lib_a-fwalk.o)
 .debug_line    0x000000000000166d      0x1f3 ../../newlib/cortex-m/libc.a(lib_a-nano-mallocr.o)
 .debug_line    0x0000000000001860      0x443 ../../newlib/cortex-m/libc.a(lib_a-nano-vfprintf.o)
 .debug_line    0x0000000000001ca3      0x1ab ../../newlib/cortex-m/libc.a(lib_a-sbrkr.o)
 .debug_line    0x0000000000001e4e      0x235 ../../newlib/cortex-m/libc.a(lib_a-stdio.o)
 .debug_line    0x0000000000002083      0x241 ../../newlib/cortex-m/libc.a(lib_a-wbuf.o)
 .debug_line    0x00000000000022c4      0x1a8 ../../newlib/cortex-m/libc.a(lib_a-writer.o)
 .debug_line    0x000000000000246c      0x234 ../../newlib/cortex-m/libc.a(lib_a-wsetup.o)
 .debug_line    0x00000000000026a0      0x1ac ../../newlib/cortex-m/libc.a(lib_a-closer.o)
 .debug_line    0x000000000000284c      0x2b2 ../../newlib/cortex-m/libc.a(lib_a-fflush.o)
 .debug_line    0x0000000000002afe      0x2c3 ../../newlib/cortex-m/libc.a(lib_a-fvwrite.o)
 .debug_line    0x0000000000002dc1      0x1a8 ../../newlib/cortex-m/libc.a(lib_a-lseekr.o)
 .debug_line    0x0000000000002f69      0x2be ../../newlib/cortex-m/libc.a(lib_a-makebuf.o)
 .debug_line    0x0000000000003227      0x1b1 ../../newlib/cortex-m/libc.a(lib_a-memchr-stub.o)
 .debug_line    0x00000000000033d8      0x226 ../../newlib/cortex-m/libc.a(lib_a-memmove.o)
 .debug_line    0x00000000000035fe      0x129 ../../newlib/cortex-m/libc.a(lib_a-mlock.o)
 .debug_line    0x0000000000003727      0x17a ../../newlib/cortex-m/libc.a(lib_a-nano-freer.o)
 .debug_line    0x00000000000038a1      0x1b9 ../../newlib/cortex-m/libc.a(lib_a-nano-reallocr.o)
 .debug_line    0x0000000000003a5a      0x439 ../../newlib/cortex-m/libc.a(lib_a-nano-vfprintf_i.o)
 .debug_line    0x0000000000003e93      0x1a7 ../../newlib/cortex-m/libc.a(lib_a-readr.o)
 .debug_line    0x000000000000403a      0x1d5 ../../newlib/cortex-m/libc.a(lib_a-reent.o)
 .debug_line    0x000000000000420f      0x24f ../../newlib/cortex-m/libc.a(lib_a-fstatr.o)
 .debug_line    0x000000000000445e      0x1ad ../../newlib/cortex-m/libc.a(lib_a-isattyr.o)
 .debug_line    0x000000000000460b      0x13f ../../newlib/cortex-m/libc.a(lib_a-nano-msizer.o)
 .debug_line    0x000000000000474a       0x78 ../../libc++/cortex-m/libgcc.a(_udivsi3.o)
 .debug_line    0x00000000000047c2       0x86 ../../libc++/cortex-m/libgcc.a(_divsi3.o)
 .debug_line    0x0000000000004848       0x61 ../../libc++/cortex-m/libgcc.a(_dvmd_tls.o)
 .debug_line    0x00000000000048a9      0x727 ../../libc++/cortex-m/libgcc.a(unwind-arm.o)
 .debug_line    0x0000000000004fd0       0x8b ../../libc++/cortex-m/libgcc.a(libunwind.o)
 .debug_line    0x000000000000505b      0x1f9 ../../libc++/cortex-m/libgcc.a(pr-support.o)
 .debug_line    0x0000000000005254       0x69 ../../libc++/cortex-m/libgcc.a(_thumb1_case_uqi.o)
 .debug_line    0x00000000000052bd      0x217 ../../libtock/build/cortex-m4/libtock.a(sys.o)
 .debug_line    0x00000000000054d4      0x1c8 ../../libtock/build/cortex-m4/libtock.a(console.o)
 .debug_line    0x000000000000569c      0x1aa ../../newlib/cortex-m/libc.a(lib_a-abort.o)
 .debug_line    0x0000000000005846      0x136 ../../newlib/cortex-m/libc.a(lib_a-errno.o)
 .debug_line    0x000000000000597c      0x1be ../../newlib/cortex-m/libc.a(lib_a-malloc.o)
 .debug_line    0x0000000000005b3a      0x29e ../../newlib/cortex-m/libc.a(lib_a-signal.o)
 .debug_line    0x0000000000005dd8      0x1bd ../../newlib/cortex-m/libc.a(lib_a-signalr.o)
 .debug_line    0x0000000000005f95      0x1a1 ../../newlib/cortex-m/libc.a(lib_a-strncpy.o)

.debug_str      0x0000000000000000     0x30b0
 .debug_str     0x0000000000000000      0x5ba ../../libtock/build/cortex-m4/libtock.a(crt0.o)
                                        0x6bc (size before relaxing)
 .debug_str     0x00000000000005ba      0x1d5 ../../libtock/build/cortex-m4/libtock.a(alarm_timer.o)
                                        0x7c2 (size before relaxing)
 .debug_str     0x000000000000078f      0x1b8 ../../libtock/build/cortex-m4/libtock.a(tock.o)
                                        0x7ff (size before relaxing)
 .debug_str     0x0000000000000947       0x3d ../../libtock/build/cortex-m4/libtock.a(led.o)
                                        0x5fb (size before relaxing)
 .debug_str     0x0000000000000984       0x68 ../../libtock/build/cortex-m4/libtock.a(alarm_internal.o)
                                        0x673 (size before relaxing)
 .debug_str     0x00000000000009ec      0x221 ../../newlib/cortex-m/libc.a(lib_a-exit.o)
                                        0x67f (size before relaxing)
 .debug_str     0x0000000000000c0d       0xc3 ../../newlib/cortex-m/libc.a(lib_a-impure.o)
                                        0x633 (size before relaxing)
 .debug_str     0x0000000000000cd0       0xdf ../../newlib/cortex-m/libc.a(lib_a-memcpy-stub.o)
                                        0x65d (size before relaxing)
 .debug_str     0x0000000000000daf      0x324 ../../newlib/cortex-m/libc.a(lib_a-memset.o)
                                        0x94c (size before relaxing)
 .debug_str     0x00000000000010d3      0x1ed ../../newlib/cortex-m/libc.a(lib_a-printf.o)
                                        0x7ad (size before relaxing)
 .debug_str     0x00000000000012c0      0x186 ../../newlib/cortex-m/libc.a(lib_a-findfp.o)
                                        0x8d7 (size before relaxing)
 .debug_str     0x0000000000001446       0x51 ../../newlib/cortex-m/libc.a(lib_a-fwalk.o)
                                        0x7a9 (size before relaxing)
 .debug_str     0x0000000000001497      0x13e ../../newlib/cortex-m/libc.a(lib_a-nano-mallocr.o)
                                        0x77a (size before relaxing)
 .debug_str     0x00000000000015d5      0x1d3 ../../newlib/cortex-m/libc.a(lib_a-nano-vfprintf.o)
                                        0xc94 (size before relaxing)
 .debug_str     0x00000000000017a8       0x57 ../../newlib/cortex-m/libc.a(lib_a-sbrkr.o)
                                        0x676 (size before relaxing)
 .debug_str     0x00000000000017ff       0xa2 ../../newlib/cortex-m/libc.a(lib_a-stdio.o)
                                        0x7fd (size before relaxing)
 .debug_str     0x00000000000018a1       0x53 ../../newlib/cortex-m/libc.a(lib_a-wbuf.o)
                                        0x7bc (size before relaxing)
 .debug_str     0x00000000000018f4       0x43 ../../newlib/cortex-m/libc.a(lib_a-writer.o)
                                        0x673 (size before relaxing)
 .debug_str     0x0000000000001937       0x58 ../../newlib/cortex-m/libc.a(lib_a-wsetup.o)
                                        0x7b7 (size before relaxing)
 .debug_str     0x000000000000198f       0x43 ../../newlib/cortex-m/libc.a(lib_a-closer.o)
                                        0x663 (size before relaxing)
 .debug_str     0x00000000000019d2       0x66 ../../newlib/cortex-m/libc.a(lib_a-fflush.o)
                                        0x7e5 (size before relaxing)
 .debug_str     0x0000000000001a38       0x75 ../../newlib/cortex-m/libc.a(lib_a-fvwrite.o)
                                        0x836 (size before relaxing)
 .debug_str     0x0000000000001aad       0x4a ../../newlib/cortex-m/libc.a(lib_a-lseekr.o)
                                        0x671 (size before relaxing)
 .debug_str     0x0000000000001af7      0x16a ../../newlib/cortex-m/libc.a(lib_a-makebuf.o)
                                        0x923 (size before relaxing)
 .debug_str     0x0000000000001c61       0x61 ../../newlib/cortex-m/libc.a(lib_a-memchr-stub.o)
                                        0x659 (size before relaxing)
 .debug_str     0x0000000000001cc2       0x4e ../../newlib/cortex-m/libc.a(lib_a-memmove.o)
                                        0x967 (size before relaxing)
 .debug_str     0x0000000000001d10       0x5c ../../newlib/cortex-m/libc.a(lib_a-mlock.o)
                                        0x65f (size before relaxing)
 .debug_str     0x0000000000001d6c       0x24 ../../newlib/cortex-m/libc.a(lib_a-nano-freer.o)
                                        0x763 (size before relaxing)
 .debug_str     0x0000000000001d90       0x23 ../../newlib/cortex-m/libc.a(lib_a-nano-reallocr.o)
                                        0x760 (size before relaxing)
 .debug_str     0x0000000000001db3       0xa4 ../../newlib/cortex-m/libc.a(lib_a-nano-vfprintf_i.o)
                                        0xc1a (size before relaxing)
 .debug_str     0x0000000000001e57       0x42 ../../newlib/cortex-m/libc.a(lib_a-readr.o)
                                        0x671 (size before relaxing)
 .debug_str     0x0000000000001e99       0x6e ../../newlib/cortex-m/libc.a(lib_a-reent.o)
                                        0x66f (size before relaxing)
 .debug_str     0x0000000000001f07       0x50 ../../newlib/cortex-m/libc.a(lib_a-fstatr.o)
                                        0x7ca (size before relaxing)
 .debug_str     0x0000000000001f57       0x4c ../../newlib/cortex-m/libc.a(lib_a-isattyr.o)
                                        0x66d (size before relaxing)
 .debug_str     0x0000000000001fa3        0xf ../../newlib/cortex-m/libc.a(lib_a-nano-msizer.o)
                                        0x73e (size before relaxing)
 .debug_str     0x0000000000001fb2      0xbc1 ../../libc++/cortex-m/libgcc.a(unwind-arm.o)
                                       0x1126 (size before relaxing)
 .debug_str     0x0000000000002b73       0xe0 ../../libc++/cortex-m/libgcc.a(pr-support.o)
                                        0x5a2 (size before relaxing)
 .debug_str     0x0000000000002c53       0x71 ../../libtock/build/cortex-m4/libtock.a(sys.o)
                                        0x7ee (size before relaxing)
 .debug_str     0x0000000000002cc4       0xe9 ../../libtock/build/cortex-m4/libtock.a(console.o)
                                        0x713 (size before relaxing)
 .debug_str     0x0000000000002dad       0x49 ../../newlib/cortex-m/libc.a(lib_a-abort.o)
                                        0x671 (size before relaxing)
 .debug_str     0x0000000000002df6       0xb6 ../../newlib/cortex-m/libc.a(lib_a-errno.o)
                                        0x645 (size before relaxing)
 .debug_str     0x0000000000002eac       0x50 ../../newlib/cortex-m/libc.a(lib_a-malloc.o)
                                        0x664 (size before relaxing)
 .debug_str     0x0000000000002efc      0x11f ../../newlib/cortex-m/libc.a(lib_a-signal.o)
                                        0x6d6 (size before relaxing)
 .debug_str     0x000000000000301b       0x44 ../../newlib/cortex-m/libc.a(lib_a-signalr.o)
                                        0x67b (size before relaxing)
 .debug_str     0x000000000000305f       0x51 ../../newlib/cortex-m/libc.a(lib_a-strncpy.o)
                                        0x655 (size before relaxing)

.debug_frame    0x0000000000000000     0x1418
 .debug_frame   0x0000000000000000       0x38 ../../libtock/build/cortex-m4/libtock.a(crt0.o)
 .debug_frame   0x0000000000000038      0x194 ../../libtock/build/cortex-m4/libtock.a(alarm_timer.o)
 .debug_frame   0x00000000000001cc      0x174 ../../libtock/build/cortex-m4/libtock.a(tock.o)
 .debug_frame   0x0000000000000340       0x50 ../../libtock/build/cortex-m4/libtock.a(led.o)
 .debug_frame   0x0000000000000390       0x50 ../../libtock/build/cortex-m4/libtock.a(alarm_internal.o)
 .debug_frame   0x00000000000003e0       0x34 ../../newlib/cortex-m/libc.a(lib_a-exit.o)
 .debug_frame   0x0000000000000414       0x28 ../../newlib/cortex-m/libc.a(lib_a-memcpy-stub.o)
 .debug_frame   0x000000000000043c       0x20 ../../newlib/cortex-m/libc.a(lib_a-memset.o)
 .debug_frame   0x000000000000045c       0x54 ../../newlib/cortex-m/libc.a(lib_a-printf.o)
 .debug_frame   0x00000000000004b0      0x168 ../../newlib/cortex-m/libc.a(lib_a-findfp.o)
 .debug_frame   0x0000000000000618       0x50 ../../newlib/cortex-m/libc.a(lib_a-fwalk.o)
 .debug_frame   0x0000000000000668       0x34 ../../newlib/cortex-m/libc.a(lib_a-nano-mallocr.o)
 .debug_frame   0x000000000000069c       0xa8 ../../newlib/cortex-m/libc.a(lib_a-nano-vfprintf.o)
 .debug_frame   0x0000000000000744       0x30 ../../newlib/cortex-m/libc.a(lib_a-sbrkr.o)
 .debug_frame   0x0000000000000774       0x90 ../../newlib/cortex-m/libc.a(lib_a-stdio.o)
 .debug_frame   0x0000000000000804       0x50 ../../newlib/cortex-m/libc.a(lib_a-wbuf.o)
 .debug_frame   0x0000000000000854       0x30 ../../newlib/cortex-m/libc.a(lib_a-writer.o)
 .debug_frame   0x0000000000000884       0x38 ../../newlib/cortex-m/libc.a(lib_a-wsetup.o)
 .debug_frame   0x00000000000008bc       0x30 ../../newlib/cortex-m/libc.a(lib_a-closer.o)
 .debug_frame   0x00000000000008ec       0x70 ../../newlib/cortex-m/libc.a(lib_a-fflush.o)
 .debug_frame   0x000000000000095c       0x30 ../../newlib/cortex-m/libc.a(lib_a-fvwrite.o)
 .debug_frame   0x000000000000098c       0x30 ../../newlib/cortex-m/libc.a(lib_a-lseekr.o)
 .debug_frame   0x00000000000009bc       0x58 ../../newlib/cortex-m/libc.a(lib_a-makebuf.o)
 .debug_frame   0x0000000000000a14       0x20 ../../newlib/cortex-m/libc.a(lib_a-memchr-stub.o)
 .debug_frame   0x0000000000000a34       0x28 ../../newlib/cortex-m/libc.a(lib_a-memmove.o)
 .debug_frame   0x0000000000000a5c       0x30 ../../newlib/cortex-m/libc.a(lib_a-mlock.o)
 .debug_frame   0x0000000000000a8c       0x30 ../../newlib/cortex-m/libc.a(lib_a-nano-freer.o)
 .debug_frame   0x0000000000000abc       0x30 ../../newlib/cortex-m/libc.a(lib_a-nano-reallocr.o)
 .debug_frame   0x0000000000000aec       0x58 ../../newlib/cortex-m/libc.a(lib_a-nano-vfprintf_i.o)
 .debug_frame   0x0000000000000b44       0x30 ../../newlib/cortex-m/libc.a(lib_a-readr.o)
 .debug_frame   0x0000000000000b74       0x50 ../../newlib/cortex-m/libc.a(lib_a-reent.o)
 .debug_frame   0x0000000000000bc4       0x30 ../../newlib/cortex-m/libc.a(lib_a-fstatr.o)
 .debug_frame   0x0000000000000bf4       0x30 ../../newlib/cortex-m/libc.a(lib_a-isattyr.o)
 .debug_frame   0x0000000000000c24       0x20 ../../newlib/cortex-m/libc.a(lib_a-nano-msizer.o)
 .debug_frame   0x0000000000000c44       0x20 ../../libc++/cortex-m/libgcc.a(_udivsi3.o)
 .debug_frame   0x0000000000000c64       0x20 ../../libc++/cortex-m/libgcc.a(_divsi3.o)
 .debug_frame   0x0000000000000c84      0x2c8 ../../libc++/cortex-m/libgcc.a(unwind-arm.o)
 .debug_frame   0x0000000000000f4c       0xe8 ../../libc++/cortex-m/libgcc.a(pr-support.o)
 .debug_frame   0x0000000000001034       0xf0 ../../libtock/build/cortex-m4/libtock.a(sys.o)
 .debug_frame   0x0000000000001124      0x104 ../../libtock/build/cortex-m4/libtock.a(console.o)
 .debug_frame   0x0000000000001228       0x28 ../../newlib/cortex-m/libc.a(lib_a-abort.o)
 .debug_frame   0x0000000000001250       0x2c ../../newlib/cortex-m/libc.a(lib_a-errno.o)
 .debug_frame   0x000000000000127c       0x40 ../../newlib/cortex-m/libc.a(lib_a-malloc.o)
 .debug_frame   0x00000000000012bc       0xe8 ../../newlib/cortex-m/libc.a(lib_a-signal.o)
 .debug_frame   0x00000000000013a4       0x48 ../../newlib/cortex-m/libc.a(lib_a-signalr.o)
 .debug_frame   0x00000000000013ec       0x2c ../../newlib/cortex-m/libc.a(lib_a-strncpy.o)
