Archive member included to satisfy reference by file (symbol)

../../libtock/build/cortex-m3/libtock.a(crt0.o)
                              (_start)
../../libtock/build/cortex-m3/libtock.a(tock.o)
                              ../../libtock/build/cortex-m3/libtock.a(crt0.o) (yield)
../../libtock/build/cortex-m3/libtock.a(hd44780.o)
                              build/cortex-m0/main.o (hd44780_begin)
../../libtock/build/cortex-m3/libtock.a(alarm_timer.o)
                              ../../libtock/build/cortex-m3/libtock.a(hd44780.o) (delay_ms)
../../libtock/build/cortex-m3/libtock.a(alarm_internal.o)
                              ../../libtock/build/cortex-m3/libtock.a(alarm_timer.o) (alarm_internal_subscribe)
../../libtock/build/cortex-m/libc.a(lib_a-exit.o)
                              ../../libtock/build/cortex-m3/libtock.a(tock.o) (exit)
../../libtock/build/cortex-m/libc.a(lib_a-impure.o)
                              ../../libtock/build/cortex-m/libc.a(lib_a-exit.o) (_global_impure_ptr)
../../libtock/build/cortex-m/libc.a(lib_a-memcpy-stub.o)
                              ../../libtock/build/cortex-m3/libtock.a(crt0.o) (memcpy)
../../libtock/build/cortex-m/libc.a(lib_a-memset.o)
                              ../../libtock/build/cortex-m3/libtock.a(crt0.o) (memset)
../../libtock/build/cortex-m/libc.a(lib_a-printf.o)
                              ../../libtock/build/cortex-m3/libtock.a(tock.o) (printf)
../../libtock/build/cortex-m/libc.a(lib_a-strlen.o)
                              ../../libtock/build/cortex-m3/libtock.a(hd44780.o) (strlen)
../../libtock/build/cortex-m/libc.a(lib_a-findfp.o)
                              ../../libtock/build/cortex-m/libc.a(lib_a-printf.o) (__sinit)
../../libtock/build/cortex-m/libc.a(lib_a-fwalk.o)
                              ../../libtock/build/cortex-m/libc.a(lib_a-findfp.o) (_fwalk)
../../libtock/build/cortex-m/libc.a(lib_a-nano-mallocr.o)
                              ../../libtock/build/cortex-m/libc.a(lib_a-findfp.o) (_malloc_r)
../../libtock/build/cortex-m/libc.a(lib_a-nano-vfprintf.o)
                              ../../libtock/build/cortex-m/libc.a(lib_a-printf.o) (_vfprintf_r)
../../libtock/build/cortex-m/libc.a(lib_a-sbrkr.o)
                              ../../libtock/build/cortex-m/libc.a(lib_a-nano-mallocr.o) (_sbrk_r)
../../libtock/build/cortex-m/libc.a(lib_a-stdio.o)
                              ../../libtock/build/cortex-m/libc.a(lib_a-findfp.o) (__sread)
../../libtock/build/cortex-m/libc.a(lib_a-wbuf.o)
                              ../../libtock/build/cortex-m/libc.a(lib_a-nano-vfprintf.o) (__swbuf_r)
../../libtock/build/cortex-m/libc.a(lib_a-writer.o)
                              ../../libtock/build/cortex-m/libc.a(lib_a-stdio.o) (_write_r)
../../libtock/build/cortex-m/libc.a(lib_a-wsetup.o)
                              ../../libtock/build/cortex-m/libc.a(lib_a-nano-vfprintf.o) (__swsetup_r)
../../libtock/build/cortex-m/libc.a(lib_a-closer.o)
                              ../../libtock/build/cortex-m/libc.a(lib_a-stdio.o) (_close_r)
../../libtock/build/cortex-m/libc.a(lib_a-fflush.o)
                              ../../libtock/build/cortex-m/libc.a(lib_a-findfp.o) (_fflush_r)
../../libtock/build/cortex-m/libc.a(lib_a-fvwrite.o)
                              ../../libtock/build/cortex-m/libc.a(lib_a-nano-vfprintf.o) (__sfvwrite_r)
../../libtock/build/cortex-m/libc.a(lib_a-lseekr.o)
                              ../../libtock/build/cortex-m/libc.a(lib_a-stdio.o) (_lseek_r)
../../libtock/build/cortex-m/libc.a(lib_a-makebuf.o)
                              ../../libtock/build/cortex-m/libc.a(lib_a-wsetup.o) (__smakebuf_r)
../../libtock/build/cortex-m/libc.a(lib_a-memchr-stub.o)
                              ../../libtock/build/cortex-m/libc.a(lib_a-nano-vfprintf.o) (memchr)
../../libtock/build/cortex-m/libc.a(lib_a-memmove.o)
                              ../../libtock/build/cortex-m/libc.a(lib_a-fvwrite.o) (memmove)
../../libtock/build/cortex-m/libc.a(lib_a-mlock.o)
                              ../../libtock/build/cortex-m/libc.a(lib_a-nano-mallocr.o) (__malloc_lock)
../../libtock/build/cortex-m/libc.a(lib_a-nano-freer.o)
                              ../../libtock/build/cortex-m/libc.a(lib_a-wsetup.o) (_free_r)
../../libtock/build/cortex-m/libc.a(lib_a-nano-reallocr.o)
                              ../../libtock/build/cortex-m/libc.a(lib_a-fvwrite.o) (_realloc_r)
../../libtock/build/cortex-m/libc.a(lib_a-nano-vfprintf_i.o)
                              ../../libtock/build/cortex-m/libc.a(lib_a-nano-vfprintf.o) (_printf_i)
../../libtock/build/cortex-m/libc.a(lib_a-readr.o)
                              ../../libtock/build/cortex-m/libc.a(lib_a-stdio.o) (_read_r)
../../libtock/build/cortex-m/libc.a(lib_a-reent.o)
                              ../../libtock/build/cortex-m/libc.a(lib_a-sbrkr.o) (errno)
../../libtock/build/cortex-m/libc.a(lib_a-fstatr.o)
                              ../../libtock/build/cortex-m/libc.a(lib_a-makebuf.o) (_fstat_r)
[...]
Memory Configuration

Name             Origin             Length             Attributes
FLASH            0x0000000080000000 0x0000000000040000 xr
SRAM             0x0000000000000000 0x0000000000010000 xrw
*default*        0x0000000000000000 0xffffffffffffffff

Linker script and memory map

                0x0000000000000800                STACK_SIZE = 0x800
                0x0000000000000400                APP_HEAP_SIZE = 0x400
                0x0000000000000400                KERNEL_HEAP_SIZE = 0x400
START GROUP
LOAD build/cortex-m0/main.o
LOAD build/cortex-m3/main.o
LOAD build/cortex-m4/main.o
LOAD ../../libtock-d/build/cortex-m3/libtock-d.a
LOAD ../../libtock/build/cortex-m3/libtock.a
LOAD ../../libtock/build/cortex-m/libc.a
LOAD ../../libtock/build/cortex-m/libgcc.a
                0x0000000000040000                PROG_LENGTH = 0x40000
                0x0000000000010000                RAM_LENGTH = 0x10000

.crt0_header    0x0000000080000000       0x28
                0x0000000080000000        0x4 LONG 0x1114 (LOADADDR (.got) - ORIGIN (FLASH))
                0x0000000080000004        0x4 LONG 0x800 (_got - ORIGIN (SRAM))
                0x0000000080000008        0x4 LONG 0x3c SIZEOF (.got)
                0x000000008000000c        0x4 LONG 0x1150 (LOADADDR (.data) - ORIGIN (FLASH))
                0x0000000080000010        0x4 LONG 0x83c (_data - ORIGIN (SRAM))
                0x0000000080000014        0x4 LONG 0x70 SIZEOF (.data)
                0x0000000080000018        0x4 LONG 0x8ac (_bss - ORIGIN (SRAM))
                0x000000008000001c        0x4 LONG 0x164 SIZEOF (.bss)
                0x0000000080000020        0x4 LONG 0x11c0 (LOADADDR (.endflash) - ORIGIN (FLASH))
                0x0000000080000024        0x4 LONG 0x800 STACK_SIZE

.wfr.app_state  0x0000000080000028        0x0
 *(.app_state)
                0x0000000080000028                . = ALIGN (0x4)

.text           0x0000000080000028     0x10ec
                0x0000000080000028                . = ALIGN (0x4)
                0x0000000080000028                _text = .
 *(.start)
 .start         0x0000000080000028       0x42 ../../libtock/build/cortex-m3/libtock.a(crt0.o)
                0x0000000080000028                _start
 *(.text*)
 *fill*         0x000000008000006a        0x2 ff
 .text.main     0x000000008000006c       0x6c build/cortex-m0/main.o
                0x000000008000006c                main
 .text._c_start_pic
                0x00000000800000d8       0x82 ../../libtock/build/cortex-m3/libtock.a(crt0.o)
                0x00000000800000d8                _c_start_pic
 *fill*         0x000000008000015a        0x2 ff
 .text.yield    0x000000008000015c       0x58 ../../libtock/build/cortex-m3/libtock.a(tock.o)
                0x000000008000015c                yield
 .text.command  0x00000000800001b4        0x4 ../../libtock/build/cortex-m3/libtock.a(tock.o)
                0x00000000800001b4                command
 .text.allow    0x00000000800001b8        0x4 ../../libtock/build/cortex-m3/libtock.a(tock.o)
                0x00000000800001b8                allow
 .text.hd44780_begin
                0x00000000800001bc       0x2c ../../libtock/build/cortex-m3/libtock.a(hd44780.o)
                0x00000000800001bc                hd44780_begin
 .text.hd44780_print_string
                0x00000000800001e8       0x58 ../../libtock/build/cortex-m3/libtock.a(hd44780.o)
                0x00000000800001e8                hd44780_print_string
 .text.hd44780_set_cursor
                0x0000000080000240       0x10 ../../libtock/build/cortex-m3/libtock.a(hd44780.o)
                0x0000000080000240                hd44780_set_cursor
 .text.memcpy   0x0000000080000250       0x12 ../../libtock/build/cortex-m/libc.a(lib_a-memcpy-stub.o)
                0x0000000080000250                memcpy
 .text.memset   0x0000000080000262       0x10 ../../libtock/build/cortex-m/libc.a(lib_a-memset.o)
                0x0000000080000262                memset
 .text          0x0000000080000272        0xe ../../libtock/build/cortex-m/libc.a(lib_a-strlen.o)
                0x0000000080000272                strlen
 .text.selfrel_offset31
                0x0000000080000280       0x16 ../../libtock/build/cortex-m/libgcc.a(unwind-arm.o)
 .text.search_EIT_table
                0x0000000080000296       0x6c ../../libtock/build/cortex-m/libgcc.a(unwind-arm.o)
 *fill*         0x0000000080000302        0x2 ff
 .text.__gnu_unwind_get_pr_addr
                0x0000000080000304       0x38 ../../libtock/build/cortex-m/libgcc.a(unwind-arm.o)
 .text.get_eit_entry
                0x000000008000033c       0xb8 ../../libtock/build/cortex-m/libgcc.a(unwind-arm.o)
 .text.restore_non_core_regs
                0x00000000800003f4       0x4a ../../libtock/build/cortex-m/libgcc.a(unwind-arm.o)
 .text._Unwind_decode_typeinfo_ptr.isra.0
                0x000000008000043e        0xc ../../libtock/build/cortex-m/libgcc.a(unwind-arm.o)
 .text.__gnu_unwind_24bit.isra.1
                0x000000008000044a        0x4 ../../libtock/build/cortex-m/libgcc.a(unwind-arm.o)
 .text._Unwind_DebugHook
                0x000000008000044e        0x2 ../../libtock/build/cortex-m/libgcc.a(unwind-arm.o)
 .text.unwind_phase2
                0x0000000080000450       0x3a ../../libtock/build/cortex-m/libgcc.a(unwind-arm.o)
 *fill*         0x000000008000048a        0x2 ff
 .text.unwind_phase2_forced
                0x000000008000048c       0xbc ../../libtock/build/cortex-m/libgcc.a(unwind-arm.o)
 .text.__gnu_Unwind_RaiseException
                0x0000000080000548       0x4e ../../libtock/build/cortex-m/libgcc.a(unwind-arm.o)
                0x0000000080000548                __gnu_Unwind_RaiseException
 .text.__gnu_Unwind_ForcedUnwind
                0x0000000080000596       0x14 ../../libtock/build/cortex-m/libgcc.a(unwind-arm.o)
                0x0000000080000596                __gnu_Unwind_ForcedUnwind
 .text.__gnu_Unwind_Resume
                0x00000000800005aa       0x42 ../../libtock/build/cortex-m/libgcc.a(unwind-arm.o)
                0x00000000800005aa                __gnu_Unwind_Resume
 .text.__gnu_Unwind_Resume_or_Rethrow
                0x00000000800005ec       0x1a ../../libtock/build/cortex-m/libgcc.a(unwind-arm.o)
                0x00000000800005ec                __gnu_Unwind_Resume_or_Rethrow
 .text._Unwind_VRS_Get
                0x0000000080000606       0x34 ../../libtock/build/cortex-m/libgcc.a(unwind-arm.o)
                0x0000000080000606                _Unwind_VRS_Get
 .text._Unwind_GetGR
                0x000000008000063a       0x18 ../../libtock/build/cortex-m/libgcc.a(unwind-arm.o)
 .text._Unwind_VRS_Set
                0x0000000080000652       0x34 ../../libtock/build/cortex-m/libgcc.a(unwind-arm.o)
                0x0000000080000652                _Unwind_VRS_Set
 .text._Unwind_SetGR
                0x0000000080000686       0x18 ../../libtock/build/cortex-m/libgcc.a(unwind-arm.o)
 *fill*         0x000000008000069e        0x2 ff
 .text.__gnu_Unwind_Backtrace
                0x00000000800006a0       0x6c ../../libtock/build/cortex-m/libgcc.a(unwind-arm.o)
                0x00000000800006a0                __gnu_Unwind_Backtrace
 .text.__gnu_unwind_pr_common
                0x000000008000070c      0x278 ../../libtock/build/cortex-m/libgcc.a(unwind-arm.o)
 .text.__aeabi_unwind_cpp_pr0
                0x0000000080000984        0xa ../../libtock/build/cortex-m/libgcc.a(unwind-arm.o)
                0x0000000080000984                __aeabi_unwind_cpp_pr0
 .text.__aeabi_unwind_cpp_pr1
                0x000000008000098e        0xa ../../libtock/build/cortex-m/libgcc.a(unwind-arm.o)
                0x000000008000098e                __aeabi_unwind_cpp_pr1
 .text.__aeabi_unwind_cpp_pr2
                0x0000000080000998        0xa ../../libtock/build/cortex-m/libgcc.a(unwind-arm.o)
                0x0000000080000998                __aeabi_unwind_cpp_pr2
 .text._Unwind_VRS_Pop
                0x00000000800009a2      0x238 ../../libtock/build/cortex-m/libgcc.a(unwind-arm.o)
                0x00000000800009a2                _Unwind_VRS_Pop
 *fill*         0x0000000080000bda        0x2 ff
 .text          0x0000000080000bdc      0x144 ../../libtock/build/cortex-m/libgcc.a(libunwind.o)
                0x0000000080000bdc                __restore_core_regs
                0x0000000080000bdc                restore_core_regs
                0x0000000080000c08                __gnu_Unwind_Restore_VFP
                0x0000000080000c0c                __gnu_Unwind_Save_VFP
                0x0000000080000c10                __gnu_Unwind_Restore_VFP_D
                0x0000000080000c14                __gnu_Unwind_Save_VFP_D
                0x0000000080000c18                __gnu_Unwind_Restore_VFP_D_16_to_31
                0x0000000080000c1c                __gnu_Unwind_Save_VFP_D_16_to_31
                0x0000000080000c20                __gnu_Unwind_Restore_WMMXD
                0x0000000080000c24                __gnu_Unwind_Save_WMMXD
                0x0000000080000c28                __gnu_Unwind_Restore_WMMXC
                0x0000000080000c2c                __gnu_Unwind_Save_WMMXC
                0x0000000080000c30                ___Unwind_RaiseException
                0x0000000080000c30                _Unwind_RaiseException
                0x0000000080000c60                ___Unwind_Resume
                0x0000000080000c60                _Unwind_Resume
                0x0000000080000c90                _Unwind_Resume_or_Rethrow
                0x0000000080000c90                ___Unwind_Resume_or_Rethrow
                0x0000000080000cc0                ___Unwind_ForcedUnwind
                0x0000000080000cc0                _Unwind_ForcedUnwind
                0x0000000080000cf0                _Unwind_Backtrace
                0x0000000080000cf0                ___Unwind_Backtrace
 .text.next_unwind_byte
                0x0000000080000d20       0x30 ../../libtock/build/cortex-m/libgcc.a(pr-support.o)
 .text.__gnu_unwind_execute
                0x0000000080000d50      0x274 ../../libtock/build/cortex-m/libgcc.a(pr-support.o)
                0x0000000080000d50                __gnu_unwind_execute
 .text          0x0000000080000fc4       0x14 ../../libtock/build/cortex-m/libgcc.a(_thumb1_case_uqi.o)
                0x0000000080000fc4                __gnu_thumb1_case_uqi
 .text._exit    0x0000000080000fd8        0x2 ../../libtock/build/cortex-m3/libtock.a(sys.o)
                0x0000000080000fd8                _exit
 .text._getpid  0x0000000080000fda        0x4 ../../libtock/build/cortex-m3/libtock.a(sys.o)
                0x0000000080000fda                _getpid
 .text._kill    0x0000000080000fde        0x6 ../../libtock/build/cortex-m3/libtock.a(sys.o)
                0x0000000080000fde                _kill
 .text.abort    0x0000000080000fe4        0xe ../../libtock/build/cortex-m/libc.a(lib_a-abort.o)
                0x0000000080000fe4                abort
 .text._raise_r
                0x0000000080000ff2       0x54 ../../libtock/build/cortex-m/libc.a(lib_a-signal.o)
                0x0000000080000ff2                _raise_r
 *fill*         0x0000000080001046        0x2 ff
 .text.raise    0x0000000080001048       0x1c ../../libtock/build/cortex-m/libc.a(lib_a-signal.o)
                0x0000000080001048                raise
 .text._kill_r  0x0000000080001064       0x30 ../../libtock/build/cortex-m/libc.a(lib_a-signalr.o)
                0x0000000080001064                _kill_r
 .text._getpid_r
                0x0000000080001094        0x8 ../../libtock/build/cortex-m/libc.a(lib_a-signalr.o)
                0x0000000080001094                _getpid_r
 *(.rodata*)
 .rodata.__sf_fake_stderr
                0x000000008000109c       0x20 ../../libtock/build/cortex-m/libc.a(lib_a-findfp.o)
                0x000000008000109c                __sf_fake_stderr
 .rodata.__sf_fake_stdin
                0x00000000800010bc       0x20 ../../libtock/build/cortex-m/libc.a(lib_a-findfp.o)
                0x00000000800010bc                __sf_fake_stdin
 .rodata.__sf_fake_stdout
                0x00000000800010dc       0x20 ../../libtock/build/cortex-m/libc.a(lib_a-findfp.o)
                0x00000000800010dc                __sf_fake_stdout
 *(.syscalls)
                0x00000000800010fc                _etext = .
 *(.ARM.extab*)
 .ARM.extab.text.get_eit_entry
                0x00000000800010fc        0xc ../../libtock/build/cortex-m/libgcc.a(unwind-arm.o)
 .ARM.extab.text.__gnu_unwind_pr_common
                0x0000000080001108        0xc ../../libtock/build/cortex-m/libgcc.a(unwind-arm.o)
                0x0000000080001114                . = ALIGN (0x4)

.glue_7         0x0000000080001114        0x0
 .glue_7        0x0000000080001114        0x0 linker stubs

.glue_7t        0x0000000080001114        0x0
 .glue_7t       0x0000000080001114        0x0 linker stubs

.vfp11_veneer   0x0000000080001114        0x0
 .vfp11_veneer  0x0000000080001114        0x0 linker stubs

.v4_bx          0x0000000080001114        0x0
 .v4_bx         0x0000000080001114        0x0 linker stubs

.iplt           0x0000000080001114        0x0
 .iplt          0x0000000080001114        0x0 build/cortex-m0/main.o

.stack          0x0000000000000000      0x800
                0x0000000000000000                . = ALIGN (0x10)
                0x0000000000000000                _stack = .
                0x0000000000000800                . = (_stack + STACK_SIZE)
 *fill*         0x0000000000000000      0x800 
                0x0000000000000800                . = ALIGN (0x10)

.got            0x0000000000000800       0x3c load address 0x0000000080001114
                0x0000000000000800                . = ALIGN (0x4)
                0x0000000000000800                _got = .
 *(.got*)
 .got           0x0000000000000800       0x30 build/cortex-m0/main.o
 .got.plt       0x0000000000000830        0xc build/cortex-m0/main.o
                0x0000000000000830                _GLOBAL_OFFSET_TABLE_
 *(.got.plt*)
                0x000000000000083c                . = ALIGN (0x4)

.data           0x000000000000083c       0x70 load address 0x0000000080001150
                0x000000000000083c                . = ALIGN (0x4)
                0x000000000000083c                _data = .
 *(.data*)
 .data          0x000000000000083c        0x0 ../../libtock/build/cortex-m3/libtock.a(crt0.o)
 .data          0x000000000000083c        0x0 ../../libtock/build/cortex-m3/libtock.a(tock.o)
 .data          0x000000000000083c        0x0 ../../libtock/build/cortex-m3/libtock.a(hd44780.o)
 .data          0x000000000000083c        0x0 ../../libtock/build/cortex-m3/libtock.a(alarm_timer.o)
 .data          0x000000000000083c        0x0 ../../libtock/build/cortex-m3/libtock.a(alarm_internal.o)
 .data          0x000000000000083c        0x0 ../../libtock/build/cortex-m/libc.a(lib_a-exit.o)
 .data          0x000000000000083c        0x0 ../../libtock/build/cortex-m/libc.a(lib_a-impure.o)
 .data.rel.impure_data
                0x000000000000083c       0x60 ../../libtock/build/cortex-m/libc.a(lib_a-impure.o)
 .data.rel.local._impure_ptr
                0x000000000000089c        0x4 ../../libtock/build/cortex-m/libc.a(lib_a-impure.o)
                0x000000000000089c                _impure_ptr
 .data.rel.ro.local._global_impure_ptr
                0x00000000000008a0        0x4 ../../libtock/build/cortex-m/libc.a(lib_a-impure.o)
                0x00000000000008a0                _global_impure_ptr
 .data          0x00000000000008a4        0x0 ../../libtock/build/cortex-m/libc.a(lib_a-memcpy-stub.o)
 .data          0x00000000000008a4        0x0 ../../libtock/build/cortex-m/libc.a(lib_a-memset.o)
 .data          0x00000000000008a4        0x0 ../../libtock/build/cortex-m/libc.a(lib_a-printf.o)
 .data          0x00000000000008a4        0x0 ../../libtock/build/cortex-m/libc.a(lib_a-strlen.o)
 .data          0x00000000000008a4        0x0 ../../libtock/build/cortex-m/libc.a(lib_a-findfp.o)
 .data          0x00000000000008a4        0x0 ../../libtock/build/cortex-m/libc.a(lib_a-fwalk.o)
 .data          0x00000000000008a4        0x0 ../../libtock/build/cortex-m/libc.a(lib_a-nano-mallocr.o)
 .data          0x00000000000008a4        0x0 ../../libtock/build/cortex-m/libc.a(lib_a-nano-vfprintf.o)
 .data          0x00000000000008a4        0x0 ../../libtock/build/cortex-m/libc.a(lib_a-sbrkr.o)
 .data          0x00000000000008a4        0x0 ../../libtock/build/cortex-m/libc.a(lib_a-stdio.o)
 .data          0x00000000000008a4        0x0 ../../libtock/build/cortex-m/libc.a(lib_a-wbuf.o)
 .data          0x00000000000008a4        0x0 ../../libtock/build/cortex-m/libc.a(lib_a-writer.o)
 .data          0x00000000000008a4        0x0 ../../libtock/build/cortex-m/libc.a(lib_a-wsetup.o)
 .data          0x00000000000008a4        0x0 ../../libtock/build/cortex-m/libc.a(lib_a-closer.o)
 .data          0x00000000000008a4        0x0 ../../libtock/build/cortex-m/libc.a(lib_a-fflush.o)
 .data          0x00000000000008a4        0x0 ../../libtock/build/cortex-m/libc.a(lib_a-fvwrite.o)
 .data          0x00000000000008a4        0x0 ../../libtock/build/cortex-m/libc.a(lib_a-lseekr.o)
 .data          0x00000000000008a4        0x0 ../../libtock/build/cortex-m/libc.a(lib_a-makebuf.o)
 .data          0x00000000000008a4        0x0 ../../libtock/build/cortex-m/libc.a(lib_a-memchr-stub.o)
 .data          0x00000000000008a4        0x0 ../../libtock/build/cortex-m/libc.a(lib_a-memmove.o)
 .data          0x00000000000008a4        0x0 ../../libtock/build/cortex-m/libc.a(lib_a-mlock.o)
 .data          0x00000000000008a4        0x0 ../../libtock/build/cortex-m/libc.a(lib_a-nano-freer.o)
 .data          0x00000000000008a4        0x0 ../../libtock/build/cortex-m/libc.a(lib_a-nano-reallocr.o)
 .data          0x00000000000008a4        0x0 ../../libtock/build/cortex-m/libc.a(lib_a-nano-vfprintf_i.o)
 .data          0x00000000000008a4        0x0 ../../libtock/build/cortex-m/libc.a(lib_a-readr.o)
 .data          0x00000000000008a4        0x0 ../../libtock/build/cortex-m/libc.a(lib_a-reent.o)
 .data          0x00000000000008a4        0x0 ../../libtock/build/cortex-m/libc.a(lib_a-fstatr.o)
 .data          0x00000000000008a4        0x0 ../../libtock/build/cortex-m/libc.a(lib_a-isattyr.o)
 .data          0x00000000000008a4        0x0 ../../libtock/build/cortex-m/libc.a(lib_a-nano-msizer.o)
 .data          0x00000000000008a4        0x0 ../../libtock/build/cortex-m/libgcc.a(_udivsi3.o)
 .data          0x00000000000008a4        0x0 ../../libtock/build/cortex-m/libgcc.a(_divsi3.o)
 .data          0x00000000000008a4        0x0 ../../libtock/build/cortex-m/libgcc.a(_dvmd_tls.o)
 .data          0x00000000000008a4        0x0 ../../libtock/build/cortex-m/libgcc.a(unwind-arm.o)
 .data          0x00000000000008a4        0x0 ../../libtock/build/cortex-m/libgcc.a(libunwind.o)
 .data          0x00000000000008a4        0x0 ../../libtock/build/cortex-m/libgcc.a(pr-support.o)
 .data          0x00000000000008a4        0x0 ../../libtock/build/cortex-m/libgcc.a(_thumb1_case_uqi.o)
 .data          0x00000000000008a4        0x0 ../../libtock/build/cortex-m3/libtock.a(sys.o)
 .data          0x00000000000008a4        0x0 ../../libtock/build/cortex-m3/libtock.a(console.o)
 .data.getnstr_data
                0x00000000000008a4        0x8 ../../libtock/build/cortex-m3/libtock.a(console.o)
 .data          0x00000000000008ac        0x0 ../../libtock/build/cortex-m/libc.a(lib_a-abort.o)
 .data          0x00000000000008ac        0x0 ../../libtock/build/cortex-m/libc.a(lib_a-errno.o)
 .data          0x00000000000008ac        0x0 ../../libtock/build/cortex-m/libc.a(lib_a-malloc.o)
 .data          0x00000000000008ac        0x0 ../../libtock/build/cortex-m/libc.a(lib_a-signal.o)
 .data          0x00000000000008ac        0x0 ../../libtock/build/cortex-m/libc.a(lib_a-signalr.o)
 .data          0x00000000000008ac        0x0 ../../libtock/build/cortex-m/libc.a(lib_a-strncpy.o)
 *(.sdata*)
                0x00000000000008ac                . = ALIGN (0x4)

.igot.plt       0x00000000000008ac        0x0 load address 0x00000000800011c0
 .igot.plt      0x00000000000008ac        0x0 build/cortex-m0/main.o

.bss            0x00000000000008ac      0x164 load address 0x00000000800011c0
                0x00000000000008ac                . = ALIGN (0x4)
                0x00000000000008ac                _bss = .
 *(.bss*)
 .bss           0x00000000000008ac        0x0 ../../libtock/build/cortex-m3/libtock.a(crt0.o)
 .bss           0x00000000000008ac        0x0 ../../libtock/build/cortex-m3/libtock.a(tock.o)
 .bss.task_cur  0x00000000000008ac        0x4 ../../libtock/build/cortex-m3/libtock.a(tock.o)
 .bss.task_last
                0x00000000000008b0        0x4 ../../libtock/build/cortex-m3/libtock.a(tock.o)
 .bss.task_queue
                0x00000000000008b4      0x140 ../../libtock/build/cortex-m3/libtock.a(tock.o)
 .bss           0x00000000000009f4        0x0 ../../libtock/build/cortex-m3/libtock.a(hd44780.o)
 .bss           0x00000000000009f4        0x0 ../../libtock/build/cortex-m3/libtock.a(alarm_timer.o)
 .bss.root      0x00000000000009f4        0x4 ../../libtock/build/cortex-m3/libtock.a(alarm_timer.o)
 .bss           0x00000000000009f8        0x0 ../../libtock/build/cortex-m3/libtock.a(alarm_internal.o)
 .bss           0x00000000000009f8        0x0 ../../libtock/build/cortex-m/libc.a(lib_a-exit.o)
 .bss           0x00000000000009f8        0x0 ../../libtock/build/cortex-m/libc.a(lib_a-impure.o)
 .bss           0x00000000000009f8        0x0 ../../libtock/build/cortex-m/libc.a(lib_a-memcpy-stub.o)
 .bss           0x00000000000009f8        0x0 ../../libtock/build/cortex-m/libc.a(lib_a-memset.o)
 .bss           0x00000000000009f8        0x0 ../../libtock/build/cortex-m/libc.a(lib_a-printf.o)
 .bss           0x00000000000009f8        0x0 ../../libtock/build/cortex-m/libc.a(lib_a-strlen.o)
 .bss           0x00000000000009f8        0x0 ../../libtock/build/cortex-m/libc.a(lib_a-findfp.o)
 .bss           0x00000000000009f8        0x0 ../../libtock/build/cortex-m/libc.a(lib_a-fwalk.o)
 .bss           0x00000000000009f8        0x0 ../../libtock/build/cortex-m/libc.a(lib_a-nano-mallocr.o)
 .bss.__malloc_free_list
                0x00000000000009f8        0x4 ../../libtock/build/cortex-m/libc.a(lib_a-nano-mallocr.o)
                0x00000000000009f8                __malloc_free_list
 .bss.__malloc_sbrk_start
                0x00000000000009fc        0x4 ../../libtock/build/cortex-m/libc.a(lib_a-nano-mallocr.o)
                0x00000000000009fc                __malloc_sbrk_start
 .bss           0x0000000000000a00        0x0 ../../libtock/build/cortex-m/libc.a(lib_a-nano-vfprintf.o)
 .bss           0x0000000000000a00        0x0 ../../libtock/build/cortex-m/libc.a(lib_a-sbrkr.o)
 .bss           0x0000000000000a00        0x0 ../../libtock/build/cortex-m/libc.a(lib_a-stdio.o)
 .bss           0x0000000000000a00        0x0 ../../libtock/build/cortex-m/libc.a(lib_a-wbuf.o)
 .bss           0x0000000000000a00        0x0 ../../libtock/build/cortex-m/libc.a(lib_a-writer.o)
 .bss           0x0000000000000a00        0x0 ../../libtock/build/cortex-m/libc.a(lib_a-wsetup.o)
 .bss           0x0000000000000a00        0x0 ../../libtock/build/cortex-m/libc.a(lib_a-closer.o)
 .bss           0x0000000000000a00        0x0 ../../libtock/build/cortex-m/libc.a(lib_a-fflush.o)
 .bss           0x0000000000000a00        0x0 ../../libtock/build/cortex-m/libc.a(lib_a-fvwrite.o)
 .bss           0x0000000000000a00        0x0 ../../libtock/build/cortex-m/libc.a(lib_a-lseekr.o)
 .bss           0x0000000000000a00        0x0 ../../libtock/build/cortex-m/libc.a(lib_a-makebuf.o)
 .bss           0x0000000000000a00        0x0 ../../libtock/build/cortex-m/libc.a(lib_a-memchr-stub.o)
 .bss           0x0000000000000a00        0x0 ../../libtock/build/cortex-m/libc.a(lib_a-memmove.o)
 .bss           0x0000000000000a00        0x0 ../../libtock/build/cortex-m/libc.a(lib_a-mlock.o)
 .bss           0x0000000000000a00        0x0 ../../libtock/build/cortex-m/libc.a(lib_a-nano-freer.o)
 .bss           0x0000000000000a00        0x0 ../../libtock/build/cortex-m/libc.a(lib_a-nano-reallocr.o)
 .bss           0x0000000000000a00        0x0 ../../libtock/build/cortex-m/libc.a(lib_a-nano-vfprintf_i.o)
 .bss           0x0000000000000a00        0x0 ../../libtock/build/cortex-m/libc.a(lib_a-readr.o)
 .bss           0x0000000000000a00        0x0 ../../libtock/build/cortex-m/libc.a(lib_a-reent.o)
 .bss           0x0000000000000a00        0x0 ../../libtock/build/cortex-m/libc.a(lib_a-fstatr.o)
 .bss           0x0000000000000a00        0x0 ../../libtock/build/cortex-m/libc.a(lib_a-isattyr.o)
 .bss           0x0000000000000a00        0x0 ../../libtock/build/cortex-m/libc.a(lib_a-nano-msizer.o)
 .bss           0x0000000000000a00        0x0 ../../libtock/build/cortex-m/libgcc.a(_udivsi3.o)
 .bss           0x0000000000000a00        0x0 ../../libtock/build/cortex-m/libgcc.a(_divsi3.o)
 .bss           0x0000000000000a00        0x0 ../../libtock/build/cortex-m/libgcc.a(_dvmd_tls.o)
 .bss           0x0000000000000a00        0x0 ../../libtock/build/cortex-m/libgcc.a(unwind-arm.o)
 .bss           0x0000000000000a00        0x0 ../../libtock/build/cortex-m/libgcc.a(libunwind.o)
 .bss           0x0000000000000a00        0x0 ../../libtock/build/cortex-m/libgcc.a(pr-support.o)
 .bss           0x0000000000000a00        0x0 ../../libtock/build/cortex-m/libgcc.a(_thumb1_case_uqi.o)
 .bss           0x0000000000000a00        0x0 ../../libtock/build/cortex-m3/libtock.a(sys.o)
 .bss.__dso_handle
                0x0000000000000a00        0x4 ../../libtock/build/cortex-m3/libtock.a(sys.o)
                0x0000000000000a00                __dso_handle
 .bss           0x0000000000000a04        0x0 ../../libtock/build/cortex-m3/libtock.a(console.o)
 .bss.putstr_head
                0x0000000000000a04        0x4 ../../libtock/build/cortex-m3/libtock.a(console.o)
 .bss.putstr_tail
                0x0000000000000a08        0x4 ../../libtock/build/cortex-m3/libtock.a(console.o)
 .bss           0x0000000000000a0c        0x0 ../../libtock/build/cortex-m/libc.a(lib_a-abort.o)
 .bss           0x0000000000000a0c        0x0 ../../libtock/build/cortex-m/libc.a(lib_a-errno.o)
 .bss           0x0000000000000a0c        0x0 ../../libtock/build/cortex-m/libc.a(lib_a-malloc.o)
 .bss           0x0000000000000a0c        0x0 ../../libtock/build/cortex-m/libc.a(lib_a-signal.o)
 .bss           0x0000000000000a0c        0x0 ../../libtock/build/cortex-m/libc.a(lib_a-signalr.o)
 .bss           0x0000000000000a0c        0x0 ../../libtock/build/cortex-m/libc.a(lib_a-strncpy.o)
 *(COMMON)
 COMMON         0x0000000000000a0c        0x4 ../../libtock/build/cortex-m/libc.a(lib_a-reent.o)
                0x0000000000000a0c                errno
                0x0000000000000a10                . = ALIGN (0x4)

.endflash       0x00000000800011c0        0x0
                0x00000000800011c0                PROVIDE (__exidx_start, .)

.ARM.exidx      0x00000000800011c0       0x98
 *(.ARM.exidx* .gnu.linkonce.armexidx.*)
 .ARM.exidx.text.main
                0x00000000800011c0       0x10 build/cortex-m0/main.o
                                          0x8 (size before relaxing)
 .ARM.exidx.text.selfrel_offset31
                0x00000000800011d0        0x0 ../../libtock/build/cortex-m/libgcc.a(unwind-arm.o)
                                          0x8 (size before relaxing)
 .ARM.exidx.text.search_EIT_table
                0x00000000800011d0        0x0 ../../libtock/build/cortex-m/libgcc.a(unwind-arm.o)
                                          0x8 (size before relaxing)
 .ARM.exidx.text.__gnu_unwind_get_pr_addr
                0x00000000800011d0        0x0 ../../libtock/build/cortex-m/libgcc.a(unwind-arm.o)
                                          0x8 (size before relaxing)
 .ARM.exidx.text.get_eit_entry
                0x00000000800011d0        0x8 ../../libtock/build/cortex-m/libgcc.a(unwind-arm.o)
 .ARM.exidx.text.restore_non_core_regs
                0x00000000800011d8        0x8 ../../libtock/build/cortex-m/libgcc.a(unwind-arm.o)
 .ARM.exidx.text._Unwind_decode_typeinfo_ptr.isra.0
                0x00000000800011e0        0x8 ../../libtock/build/cortex-m/libgcc.a(unwind-arm.o)
 .ARM.exidx.text.__gnu_unwind_24bit.isra.1
                0x00000000800011e8        0x0 ../../libtock/build/cortex-m/libgcc.a(unwind-arm.o)
                                          0x8 (size before relaxing)
 .ARM.exidx.text._Unwind_DebugHook
                0x00000000800011e8        0x0 ../../libtock/build/cortex-m/libgcc.a(unwind-arm.o)
                                          0x8 (size before relaxing)
 .ARM.exidx.text.unwind_phase2
                0x00000000800011e8        0x8 ../../libtock/build/cortex-m/libgcc.a(unwind-arm.o)
 .ARM.exidx.text.unwind_phase2_forced
                0x00000000800011f0        0x8 ../../libtock/build/cortex-m/libgcc.a(unwind-arm.o)
 .ARM.exidx.text.__gnu_Unwind_RaiseException
                0x00000000800011f8        0x8 ../../libtock/build/cortex-m/libgcc.a(unwind-arm.o)
 .ARM.exidx.text.__gnu_Unwind_ForcedUnwind
                0x0000000080001200        0x8 ../../libtock/build/cortex-m/libgcc.a(unwind-arm.o)
 .ARM.exidx.text.__gnu_Unwind_Resume
                0x0000000080001208        0x8 ../../libtock/build/cortex-m/libgcc.a(unwind-arm.o)
 .ARM.exidx.text.__gnu_Unwind_Resume_or_Rethrow
                0x0000000080001210        0x8 ../../libtock/build/cortex-m/libgcc.a(unwind-arm.o)
 .ARM.exidx.text._Unwind_VRS_Get
                0x0000000080001218        0x8 ../../libtock/build/cortex-m/libgcc.a(unwind-arm.o)
 .ARM.exidx.text._Unwind_GetGR
                0x0000000080001220        0x0 ../../libtock/build/cortex-m/libgcc.a(unwind-arm.o)
                                          0x8 (size before relaxing)
 .ARM.exidx.text._Unwind_VRS_Set
                0x0000000080001220        0x0 ../../libtock/build/cortex-m/libgcc.a(unwind-arm.o)
                                          0x8 (size before relaxing)
 .ARM.exidx.text._Unwind_SetGR
                0x0000000080001220        0x0 ../../libtock/build/cortex-m/libgcc.a(unwind-arm.o)
                                          0x8 (size before relaxing)
 .ARM.exidx.text.__gnu_Unwind_Backtrace
                0x0000000080001220        0x8 ../../libtock/build/cortex-m/libgcc.a(unwind-arm.o)
 .ARM.exidx.text.__gnu_unwind_pr_common
                0x0000000080001228        0x8 ../../libtock/build/cortex-m/libgcc.a(unwind-arm.o)
 .ARM.exidx.text.__aeabi_unwind_cpp_pr0
                0x0000000080001230        0x8 ../../libtock/build/cortex-m/libgcc.a(unwind-arm.o)
 .ARM.exidx.text.__aeabi_unwind_cpp_pr1
                0x0000000080001238        0x0 ../../libtock/build/cortex-m/libgcc.a(unwind-arm.o)
                                          0x8 (size before relaxing)
 .ARM.exidx.text.__aeabi_unwind_cpp_pr2
                0x0000000080001238        0x0 ../../libtock/build/cortex-m/libgcc.a(unwind-arm.o)
                                          0x8 (size before relaxing)
 .ARM.exidx.text._Unwind_VRS_Pop
                0x0000000080001238       0x10 ../../libtock/build/cortex-m/libgcc.a(unwind-arm.o)
                                          0x8 (size before relaxing)
 .ARM.exidx.text.next_unwind_byte
                0x0000000080001248        0x0 ../../libtock/build/cortex-m/libgcc.a(pr-support.o)
                                          0x8 (size before relaxing)
 .ARM.exidx.text.__gnu_unwind_execute
                0x0000000080001248       0x10 ../../libtock/build/cortex-m/libgcc.a(pr-support.o)
                                          0x8 (size before relaxing)
                0x0000000080001258                PROVIDE (__exidx_end, .)
                0x0000000000000001                ASSERT ((_got <= _bss), 
The GOT section must be before the BSS section for crt0 setup to be correct.)
                0x0000000000000001                ASSERT ((_data <= _bss), 
The data section must be before the BSS section for crt0 setup to be correct.)

.rel.dyn        0x0000000080001258        0x0
 .rel.iplt      0x0000000080001258        0x0 build/cortex-m0/main.o
 .rel.got       0x0000000080001258        0x0 build/cortex-m0/main.o

.comment        0x0000000000000000       0x7b
 .comment       0x0000000000000000       0x13 build/cortex-m0/main.o
                                         0x14 (size before relaxing)
 .comment       0x0000000000000013       0x31 ../../libtock/build/cortex-m3/libtock.a(crt0.o)
                                         0x32 (size before relaxing)
 .comment       0x0000000000000044       0x32 ../../libtock/build/cortex-m3/libtock.a(tock.o)
 .comment       0x0000000000000044       0x32 ../../libtock/build/cortex-m3/libtock.a(hd44780.o)
 .comment       0x0000000000000044       0x32 ../../libtock/build/cortex-m3/libtock.a(alarm_timer.o)
 .comment       0x0000000000000044       0x32 ../../libtock/build/cortex-m3/libtock.a(alarm_internal.o)
 .comment       0x0000000000000044       0x26 ../../libtock/build/cortex-m/libc.a(lib_a-exit.o)
                                         0x27 (size before relaxing)
 .comment       0x000000000000006a       0x27 ../../libtock/build/cortex-m/libc.a(lib_a-impure.o)
 .comment       0x000000000000006a       0x27 ../../libtock/build/cortex-m/libc.a(lib_a-memcpy-stub.o)
 .comment       0x000000000000006a       0x27 ../../libtock/build/cortex-m/libc.a(lib_a-memset.o)
 .comment       0x000000000000006a       0x27 ../../libtock/build/cortex-m/libc.a(lib_a-printf.o)
 .comment       0x000000000000006a       0x27 ../../libtock/build/cortex-m/libc.a(lib_a-findfp.o)
 .comment       0x000000000000006a       0x27 ../../libtock/build/cortex-m/libc.a(lib_a-fwalk.o)
 .comment       0x000000000000006a       0x27 ../../libtock/build/cortex-m/libc.a(lib_a-nano-mallocr.o)
 .comment       0x000000000000006a       0x27 ../../libtock/build/cortex-m/libc.a(lib_a-nano-vfprintf.o)
 .comment       0x000000000000006a       0x27 ../../libtock/build/cortex-m/libc.a(lib_a-sbrkr.o)
 .comment       0x000000000000006a       0x27 ../../libtock/build/cortex-m/libc.a(lib_a-stdio.o)
 .comment       0x000000000000006a       0x27 ../../libtock/build/cortex-m/libc.a(lib_a-wbuf.o)
 .comment       0x000000000000006a       0x27 ../../libtock/build/cortex-m/libc.a(lib_a-writer.o)
 .comment       0x000000000000006a       0x27 ../../libtock/build/cortex-m/libc.a(lib_a-wsetup.o)
 .comment       0x000000000000006a       0x27 ../../libtock/build/cortex-m/libc.a(lib_a-closer.o)
 .comment       0x000000000000006a       0x27 ../../libtock/build/cortex-m/libc.a(lib_a-fflush.o)
 .comment       0x000000000000006a       0x27 ../../libtock/build/cortex-m/libc.a(lib_a-fvwrite.o)
 .comment       0x000000000000006a       0x27 ../../libtock/build/cortex-m/libc.a(lib_a-lseekr.o)
 .comment       0x000000000000006a       0x27 ../../libtock/build/cortex-m/libc.a(lib_a-makebuf.o)
 .comment       0x000000000000006a       0x27 ../../libtock/build/cortex-m/libc.a(lib_a-memchr-stub.o)
 .comment       0x000000000000006a       0x27 ../../libtock/build/cortex-m/libc.a(lib_a-memmove.o)
 .comment       0x000000000000006a       0x27 ../../libtock/build/cortex-m/libc.a(lib_a-mlock.o)
 .comment       0x000000000000006a       0x27 ../../libtock/build/cortex-m/libc.a(lib_a-nano-freer.o)
 .comment       0x000000000000006a       0x27 ../../libtock/build/cortex-m/libc.a(lib_a-nano-reallocr.o)
 .comment       0x000000000000006a       0x27 ../../libtock/build/cortex-m/libc.a(lib_a-nano-vfprintf_i.o)
 .comment       0x000000000000006a       0x27 ../../libtock/build/cortex-m/libc.a(lib_a-readr.o)
 .comment       0x000000000000006a       0x27 ../../libtock/build/cortex-m/libc.a(lib_a-reent.o)
 .comment       0x000000000000006a       0x27 ../../libtock/build/cortex-m/libc.a(lib_a-fstatr.o)
 .comment       0x000000000000006a       0x27 ../../libtock/build/cortex-m/libc.a(lib_a-isattyr.o)
 .comment       0x000000000000006a       0x27 ../../libtock/build/cortex-m/libc.a(lib_a-nano-msizer.o)
 .comment       0x000000000000006a       0x11 ../../libtock/build/cortex-m/libgcc.a(unwind-arm.o)
                                         0x12 (size before relaxing)
 .comment       0x000000000000007b       0x12 ../../libtock/build/cortex-m/libgcc.a(pr-support.o)
 .comment       0x000000000000007b       0x32 ../../libtock/build/cortex-m3/libtock.a(sys.o)
 .comment       0x000000000000007b       0x32 ../../libtock/build/cortex-m3/libtock.a(console.o)
 .comment       0x000000000000007b       0x27 ../../libtock/build/cortex-m/libc.a(lib_a-abort.o)
 .comment       0x000000000000007b       0x27 ../../libtock/build/cortex-m/libc.a(lib_a-errno.o)
 .comment       0x000000000000007b       0x27 ../../libtock/build/cortex-m/libc.a(lib_a-malloc.o)
 .comment       0x000000000000007b       0x27 ../../libtock/build/cortex-m/libc.a(lib_a-signal.o)
 .comment       0x000000000000007b       0x27 ../../libtock/build/cortex-m/libc.a(lib_a-signalr.o)
 .comment       0x000000000000007b       0x27 ../../libtock/build/cortex-m/libc.a(lib_a-strncpy.o)

.note.GNU-stack
                0x0000000000000000        0x0
 .note.GNU-stack
                0x0000000000000000        0x0 build/cortex-m0/main.o

.ARM.attributes
                0x0000000000000000       0x3b
 .ARM.attributes
                0x0000000000000000       0x41 build/cortex-m0/main.o
 .ARM.attributes
                0x0000000000000041       0x33 ../../libtock/build/cortex-m3/libtock.a(crt0.o)
 .ARM.attributes
                0x0000000000000074       0x33 ../../libtock/build/cortex-m3/libtock.a(tock.o)
 .ARM.attributes
                0x00000000000000a7       0x33 ../../libtock/build/cortex-m3/libtock.a(hd44780.o)
 .ARM.attributes
                0x00000000000000da       0x33 ../../libtock/build/cortex-m3/libtock.a(alarm_timer.o)
 .ARM.attributes
                0x000000000000010d       0x33 ../../libtock/build/cortex-m3/libtock.a(alarm_internal.o)
 .ARM.attributes
                0x0000000000000140       0x2c ../../libtock/build/cortex-m/libc.a(lib_a-exit.o)
 .ARM.attributes
                0x000000000000016c       0x2c ../../libtock/build/cortex-m/libc.a(lib_a-impure.o)
 .ARM.attributes
                0x0000000000000198       0x2c ../../libtock/build/cortex-m/libc.a(lib_a-memcpy-stub.o)
 .ARM.attributes
                0x00000000000001c4       0x2c ../../libtock/build/cortex-m/libc.a(lib_a-memset.o)
 .ARM.attributes
                0x00000000000001f0       0x2c ../../libtock/build/cortex-m/libc.a(lib_a-printf.o)
 .ARM.attributes
                0x000000000000021c       0x1c ../../libtock/build/cortex-m/libc.a(lib_a-strlen.o)
 .ARM.attributes
                0x0000000000000238       0x2c ../../libtock/build/cortex-m/libc.a(lib_a-findfp.o)
 .ARM.attributes
                0x0000000000000264       0x2c ../../libtock/build/cortex-m/libc.a(lib_a-fwalk.o)
 .ARM.attributes
                0x0000000000000290       0x2c ../../libtock/build/cortex-m/libc.a(lib_a-nano-mallocr.o)
 .ARM.attributes
                0x00000000000002bc       0x2c ../../libtock/build/cortex-m/libc.a(lib_a-nano-vfprintf.o)
 .ARM.attributes
                0x00000000000002e8       0x2c ../../libtock/build/cortex-m/libc.a(lib_a-sbrkr.o)
 .ARM.attributes
                0x0000000000000314       0x2c ../../libtock/build/cortex-m/libc.a(lib_a-stdio.o)
 .ARM.attributes
                0x0000000000000340       0x2c ../../libtock/build/cortex-m/libc.a(lib_a-wbuf.o)
 .ARM.attributes
                0x000000000000036c       0x2c ../../libtock/build/cortex-m/libc.a(lib_a-writer.o)
 .ARM.attributes
                0x0000000000000398       0x2c ../../libtock/build/cortex-m/libc.a(lib_a-wsetup.o)
 .ARM.attributes
                0x00000000000003c4       0x2c ../../libtock/build/cortex-m/libc.a(lib_a-closer.o)
 .ARM.attributes
                0x00000000000003f0       0x2c ../../libtock/build/cortex-m/libc.a(lib_a-fflush.o)
 .ARM.attributes
                0x000000000000041c       0x2c ../../libtock/build/cortex-m/libc.a(lib_a-fvwrite.o)
 .ARM.attributes
                0x0000000000000448       0x2c ../../libtock/build/cortex-m/libc.a(lib_a-lseekr.o)
 .ARM.attributes
                0x0000000000000474       0x2c ../../libtock/build/cortex-m/libc.a(lib_a-makebuf.o)
 .ARM.attributes
                0x00000000000004a0       0x2c ../../libtock/build/cortex-m/libc.a(lib_a-memchr-stub.o)
 .ARM.attributes
                0x00000000000004cc       0x2c ../../libtock/build/cortex-m/libc.a(lib_a-memmove.o)
 .ARM.attributes
                0x00000000000004f8       0x2c ../../libtock/build/cortex-m/libc.a(lib_a-mlock.o)
 .ARM.attributes
                0x0000000000000524       0x2c ../../libtock/build/cortex-m/libc.a(lib_a-nano-freer.o)
 .ARM.attributes
                0x0000000000000550       0x2c ../../libtock/build/cortex-m/libc.a(lib_a-nano-reallocr.o)
 .ARM.attributes
                0x000000000000057c       0x2c ../../libtock/build/cortex-m/libc.a(lib_a-nano-vfprintf_i.o)
 .ARM.attributes
                0x00000000000005a8       0x2c ../../libtock/build/cortex-m/libc.a(lib_a-readr.o)
 .ARM.attributes
                0x00000000000005d4       0x2c ../../libtock/build/cortex-m/libc.a(lib_a-reent.o)
 .ARM.attributes
                0x0000000000000600       0x2c ../../libtock/build/cortex-m/libc.a(lib_a-fstatr.o)
 .ARM.attributes
                0x000000000000062c       0x2c ../../libtock/build/cortex-m/libc.a(lib_a-isattyr.o)
 .ARM.attributes
                0x0000000000000658       0x2c ../../libtock/build/cortex-m/libc.a(lib_a-nano-msizer.o)
 .ARM.attributes
                0x0000000000000684       0x23 ../../libtock/build/cortex-m/libgcc.a(_udivsi3.o)
 .ARM.attributes
                0x00000000000006a7       0x23 ../../libtock/build/cortex-m/libgcc.a(_divsi3.o)
 .ARM.attributes
                0x00000000000006ca       0x23 ../../libtock/build/cortex-m/libgcc.a(_dvmd_tls.o)
 .ARM.attributes
                0x00000000000006ed       0x31 ../../libtock/build/cortex-m/libgcc.a(unwind-arm.o)
 .ARM.attributes
                0x000000000000071e       0x23 ../../libtock/build/cortex-m/libgcc.a(libunwind.o)
 .ARM.attributes
                0x0000000000000741       0x31 ../../libtock/build/cortex-m/libgcc.a(pr-support.o)
 .ARM.attributes
                0x0000000000000772       0x23 ../../libtock/build/cortex-m/libgcc.a(_thumb1_case_uqi.o)
 .ARM.attributes
                0x0000000000000795       0x33 ../../libtock/build/cortex-m3/libtock.a(sys.o)
 .ARM.attributes
                0x00000000000007c8       0x33 ../../libtock/build/cortex-m3/libtock.a(console.o)
 .ARM.attributes
                0x00000000000007fb       0x2c ../../libtock/build/cortex-m/libc.a(lib_a-abort.o)
 .ARM.attributes
                0x0000000000000827       0x2c ../../libtock/build/cortex-m/libc.a(lib_a-errno.o)
 .ARM.attributes
                0x0000000000000853       0x2c ../../libtock/build/cortex-m/libc.a(lib_a-malloc.o)
 .ARM.attributes
                0x000000000000087f       0x2c ../../libtock/build/cortex-m/libc.a(lib_a-signal.o)
 .ARM.attributes
                0x00000000000008ab       0x2c ../../libtock/build/cortex-m/libc.a(lib_a-signalr.o)
 .ARM.attributes
                0x00000000000008d7       0x2c ../../libtock/build/cortex-m/libc.a(lib_a-strncpy.o)

.GCC.command.line
                0x0000000000000000      0x629
 .GCC.command.line
                0x0000000000000000      0x40e ../../libtock/build/cortex-m3/libtock.a(crt0.o)
 .GCC.command.line
                0x000000000000040e       0x51 ../../libtock/build/cortex-m3/libtock.a(tock.o)
                                        0x40e (size before relaxing)
 .GCC.command.line
                0x000000000000045f       0x57 ../../libtock/build/cortex-m3/libtock.a(hd44780.o)
                                        0x414 (size before relaxing)
 .GCC.command.line
                0x00000000000004b6       0x5f ../../libtock/build/cortex-m3/libtock.a(alarm_timer.o)
                                        0x41c (size before relaxing)
 .GCC.command.line
                0x0000000000000515       0x6e ../../libtock/build/cortex-m3/libtock.a(alarm_internal.o)
                                        0x42b (size before relaxing)
 .GCC.command.line
                0x0000000000000583       0x4f ../../libtock/build/cortex-m3/libtock.a(sys.o)
                                        0x40c (size before relaxing)
 .GCC.command.line
                0x00000000000005d2       0x57 ../../libtock/build/cortex-m3/libtock.a(console.o)
                                        0x414 (size before relaxing)
END GROUP
OUTPUT(build/cortex-m3/cortex-m3.elf elf32-littlearm)

.debug_info     0x0000000000000000    0x23883
 .debug_info    0x0000000000000000      0xd05 ../../libtock/build/cortex-m3/libtock.a(crt0.o)
 .debug_info    0x0000000000000d05     0x10e4 ../../libtock/build/cortex-m3/libtock.a(tock.o)
 .debug_info    0x0000000000001de9     0x1021 ../../libtock/build/cortex-m3/libtock.a(hd44780.o)
 .debug_info    0x0000000000002e0a     0x1302 ../../libtock/build/cortex-m3/libtock.a(alarm_timer.o)
 .debug_info    0x000000000000410c      0xb3e ../../libtock/build/cortex-m3/libtock.a(alarm_internal.o)
 .debug_info    0x0000000000004c4a      0x959 ../../libtock/build/cortex-m/libc.a(lib_a-exit.o)
 .debug_info    0x00000000000055a3      0x8ab ../../libtock/build/cortex-m/libc.a(lib_a-impure.o)
 .debug_info    0x0000000000005e4e      0x916 ../../libtock/build/cortex-m/libc.a(lib_a-memcpy-stub.o)
 .debug_info    0x0000000000006764      0xde0 ../../libtock/build/cortex-m/libc.a(lib_a-memset.o)
 .debug_info    0x0000000000007544      0xbbb ../../libtock/build/cortex-m/libc.a(lib_a-printf.o)
 .debug_info    0x00000000000080ff       0xf6 ../../libtock/build/cortex-m/libc.a(lib_a-strlen.o)
 .debug_info    0x00000000000081f5      0xf6d ../../libtock/build/cortex-m/libc.a(lib_a-findfp.o)
 .debug_info    0x0000000000009162      0xbd6 ../../libtock/build/cortex-m/libc.a(lib_a-fwalk.o)
 .debug_info    0x0000000000009d38      0xbb2 ../../libtock/build/cortex-m/libc.a(lib_a-nano-mallocr.o)
 .debug_info    0x000000000000a8ea     0x15cc ../../libtock/build/cortex-m/libc.a(lib_a-nano-vfprintf.o)
 .debug_info    0x000000000000beb6      0x960 ../../libtock/build/cortex-m/libc.a(lib_a-sbrkr.o)
 .debug_info    0x000000000000c816      0xd5b ../../libtock/build/cortex-m/libc.a(lib_a-stdio.o)
 .debug_info    0x000000000000d571      0xbdb ../../libtock/build/cortex-m/libc.a(lib_a-wbuf.o)
 .debug_info    0x000000000000e14c      0x9a3 ../../libtock/build/cortex-m/libc.a(lib_a-writer.o)
 .debug_info    0x000000000000eaef      0xb53 ../../libtock/build/cortex-m/libc.a(lib_a-wsetup.o)
 .debug_info    0x000000000000f642      0x956 ../../libtock/build/cortex-m/libc.a(lib_a-closer.o)
 .debug_info    0x000000000000ff98      0xc9b ../../libtock/build/cortex-m/libc.a(lib_a-fflush.o)
 .debug_info    0x0000000000010c33      0xe14 ../../libtock/build/cortex-m/libc.a(lib_a-fvwrite.o)
 .debug_info    0x0000000000011a47      0x986 ../../libtock/build/cortex-m/libc.a(lib_a-lseekr.o)
 .debug_info    0x00000000000123cd      0xe3f ../../libtock/build/cortex-m/libc.a(lib_a-makebuf.o)
 .debug_info    0x000000000001320c      0x908 ../../libtock/build/cortex-m/libc.a(lib_a-memchr-stub.o)
 .debug_info    0x0000000000013b14      0xdfe ../../libtock/build/cortex-m/libc.a(lib_a-memmove.o)
 .debug_info    0x0000000000014912      0x8de ../../libtock/build/cortex-m/libc.a(lib_a-mlock.o)
 .debug_info    0x00000000000151f0      0xb0c ../../libtock/build/cortex-m/libc.a(lib_a-nano-freer.o)
 .debug_info    0x0000000000015cfc      0xabe ../../libtock/build/cortex-m/libc.a(lib_a-nano-reallocr.o)
 .debug_info    0x00000000000167ba     0x1447 ../../libtock/build/cortex-m/libc.a(lib_a-nano-vfprintf_i.o)
 .debug_info    0x0000000000017c01      0x99c ../../libtock/build/cortex-m/libc.a(lib_a-readr.o)
 .debug_info    0x000000000001859d      0xa67 ../../libtock/build/cortex-m/libc.a(lib_a-reent.o)
 .debug_info    0x0000000000019004      0xb68 ../../libtock/build/cortex-m/libc.a(lib_a-fstatr.o)
 .debug_info    0x0000000000019b6c      0x956 ../../libtock/build/cortex-m/libc.a(lib_a-isattyr.o)
 .debug_info    0x000000000001a4c2      0xa02 ../../libtock/build/cortex-m/libc.a(lib_a-nano-msizer.o)
 .debug_info    0x000000000001aec4       0xae ../../libtock/build/cortex-m/libgcc.a(_udivsi3.o)
 .debug_info    0x000000000001af72       0xae ../../libtock/build/cortex-m/libgcc.a(_divsi3.o)
 .debug_info    0x000000000001b020       0xae ../../libtock/build/cortex-m/libgcc.a(_dvmd_tls.o)
 .debug_info    0x000000000001b0ce     0x242d ../../libtock/build/cortex-m/libgcc.a(unwind-arm.o)
 .debug_info    0x000000000001d4fb       0xae ../../libtock/build/cortex-m/libgcc.a(libunwind.o)
 .debug_info    0x000000000001d5a9      0x84c ../../libtock/build/cortex-m/libgcc.a(pr-support.o)
 .debug_info    0x000000000001ddf5       0xae ../../libtock/build/cortex-m/libgcc.a(_thumb1_case_uqi.o)
 .debug_info    0x000000000001dea3      0xf3e ../../libtock/build/cortex-m3/libtock.a(sys.o)
 .debug_info    0x000000000001ede1     0x10d9 ../../libtock/build/cortex-m3/libtock.a(console.o)
 .debug_info    0x000000000001feba      0x92d ../../libtock/build/cortex-m/libc.a(lib_a-abort.o)
 .debug_info    0x00000000000207e7      0x8d2 ../../libtock/build/cortex-m/libc.a(lib_a-errno.o)
 .debug_info    0x00000000000210b9      0x928 ../../libtock/build/cortex-m/libc.a(lib_a-malloc.o)
 .debug_info    0x00000000000219e1      0xbda ../../libtock/build/cortex-m/libc.a(lib_a-signal.o)
 .debug_info    0x00000000000225bb      0x9c8 ../../libtock/build/cortex-m/libc.a(lib_a-signalr.o)
 .debug_info    0x0000000000022f83      0x900 ../../libtock/build/cortex-m/libc.a(lib_a-strncpy.o)

.debug_abbrev   0x0000000000000000     0x63c6
 .debug_abbrev  0x0000000000000000      0x2a8 ../../libtock/build/cortex-m3/libtock.a(crt0.o)
 .debug_abbrev  0x00000000000002a8      0x302 ../../libtock/build/cortex-m3/libtock.a(tock.o)
 .debug_abbrev  0x00000000000005aa      0x255 ../../libtock/build/cortex-m3/libtock.a(hd44780.o)
 .debug_abbrev  0x00000000000007ff      0x3d0 ../../libtock/build/cortex-m3/libtock.a(alarm_timer.o)
 .debug_abbrev  0x0000000000000bcf      0x1d0 ../../libtock/build/cortex-m3/libtock.a(alarm_internal.o)
 .debug_abbrev  0x0000000000000d9f      0x1cd ../../libtock/build/cortex-m/libc.a(lib_a-exit.o)
 .debug_abbrev  0x0000000000000f6c      0x15c ../../libtock/build/cortex-m/libc.a(lib_a-impure.o)
 .debug_abbrev  0x00000000000010c8      0x1ac ../../libtock/build/cortex-m/libc.a(lib_a-memcpy-stub.o)
 .debug_abbrev  0x0000000000001274      0x197 ../../libtock/build/cortex-m/libc.a(lib_a-memset.o)
 .debug_abbrev  0x000000000000140b      0x24d ../../libtock/build/cortex-m/libc.a(lib_a-printf.o)
 .debug_abbrev  0x0000000000001658       0x14 ../../libtock/build/cortex-m/libc.a(lib_a-strlen.o)
 .debug_abbrev  0x000000000000166c      0x32c ../../libtock/build/cortex-m/libc.a(lib_a-findfp.o)
 .debug_abbrev  0x0000000000001998      0x1ef ../../libtock/build/cortex-m/libc.a(lib_a-fwalk.o)
 .debug_abbrev  0x0000000000001b87      0x2c7 ../../libtock/build/cortex-m/libc.a(lib_a-nano-mallocr.o)
 .debug_abbrev  0x0000000000001e4e      0x2c2 ../../libtock/build/cortex-m/libc.a(lib_a-nano-vfprintf.o)
 .debug_abbrev  0x0000000000002110      0x1df ../../libtock/build/cortex-m/libc.a(lib_a-sbrkr.o)
 .debug_abbrev  0x00000000000022ef      0x225 ../../libtock/build/cortex-m/libc.a(lib_a-stdio.o)
 .debug_abbrev  0x0000000000002514      0x233 ../../libtock/build/cortex-m/libc.a(lib_a-wbuf.o)
 .debug_abbrev  0x0000000000002747      0x1e1 ../../libtock/build/cortex-m/libc.a(lib_a-writer.o)
 .debug_abbrev  0x0000000000002928      0x208 ../../libtock/build/cortex-m/libc.a(lib_a-wsetup.o)
 .debug_abbrev  0x0000000000002b30      0x1da ../../libtock/build/cortex-m/libc.a(lib_a-closer.o)
 .debug_abbrev  0x0000000000002d0a      0x29d ../../libtock/build/cortex-m/libc.a(lib_a-fflush.o)
 .debug_abbrev  0x0000000000002fa7      0x237 ../../libtock/build/cortex-m/libc.a(lib_a-fvwrite.o)
 .debug_abbrev  0x00000000000031de      0x1eb ../../libtock/build/cortex-m/libc.a(lib_a-lseekr.o)
 .debug_abbrev  0x00000000000033c9      0x2a3 ../../libtock/build/cortex-m/libc.a(lib_a-makebuf.o)
 .debug_abbrev  0x000000000000366c      0x1a5 ../../libtock/build/cortex-m/libc.a(lib_a-memchr-stub.o)
 .debug_abbrev  0x0000000000003811      0x19c ../../libtock/build/cortex-m/libc.a(lib_a-memmove.o)
 .debug_abbrev  0x00000000000039ad      0x19d ../../libtock/build/cortex-m/libc.a(lib_a-mlock.o)
 .debug_abbrev  0x0000000000003b4a      0x275 ../../libtock/build/cortex-m/libc.a(lib_a-nano-freer.o)
 .debug_abbrev  0x0000000000003dbf      0x1f4 ../../libtock/build/cortex-m/libc.a(lib_a-nano-reallocr.o)
 .debug_abbrev  0x0000000000003fb3      0x2aa ../../libtock/build/cortex-m/libc.a(lib_a-nano-vfprintf_i.o)
 .debug_abbrev  0x000000000000425d      0x1dc ../../libtock/build/cortex-m/libc.a(lib_a-readr.o)
 .debug_abbrev  0x0000000000004439      0x221 ../../libtock/build/cortex-m/libc.a(lib_a-reent.o)
 .debug_abbrev  0x000000000000465a      0x1e9 ../../libtock/build/cortex-m/libc.a(lib_a-fstatr.o)
 .debug_abbrev  0x0000000000004843      0x1da ../../libtock/build/cortex-m/libc.a(lib_a-isattyr.o)
 .debug_abbrev  0x0000000000004a1d      0x1b4 ../../libtock/build/cortex-m/libc.a(lib_a-nano-msizer.o)
 .debug_abbrev  0x0000000000004bd1       0x14 ../../libtock/build/cortex-m/libgcc.a(_udivsi3.o)
 .debug_abbrev  0x0000000000004be5       0x14 ../../libtock/build/cortex-m/libgcc.a(_divsi3.o)
 .debug_abbrev  0x0000000000004bf9       0x14 ../../libtock/build/cortex-m/libgcc.a(_dvmd_tls.o)
 .debug_abbrev  0x0000000000004c0d      0x482 ../../libtock/build/cortex-m/libgcc.a(unwind-arm.o)
 .debug_abbrev  0x000000000000508f       0x14 ../../libtock/build/cortex-m/libgcc.a(libunwind.o)
 .debug_abbrev  0x00000000000050a3      0x276 ../../libtock/build/cortex-m/libgcc.a(pr-support.o)
 .debug_abbrev  0x0000000000005319       0x14 ../../libtock/build/cortex-m/libgcc.a(_thumb1_case_uqi.o)
 .debug_abbrev  0x000000000000532d      0x285 ../../libtock/build/cortex-m3/libtock.a(sys.o)
 .debug_abbrev  0x00000000000055b2      0x329 ../../libtock/build/cortex-m3/libtock.a(console.o)
 .debug_abbrev  0x00000000000058db      0x1ab ../../libtock/build/cortex-m/libc.a(lib_a-abort.o)
 .debug_abbrev  0x0000000000005a86      0x178 ../../libtock/build/cortex-m/libc.a(lib_a-errno.o)
 .debug_abbrev  0x0000000000005bfe      0x1c6 ../../libtock/build/cortex-m/libc.a(lib_a-malloc.o)
 .debug_abbrev  0x0000000000005dc4      0x287 ../../libtock/build/cortex-m/libc.a(lib_a-signal.o)
 .debug_abbrev  0x000000000000604b      0x1e5 ../../libtock/build/cortex-m/libc.a(lib_a-signalr.o)
 .debug_abbrev  0x0000000000006230      0x196 ../../libtock/build/cortex-m/libc.a(lib_a-strncpy.o)

.debug_loc      0x0000000000000000     0x676a
 .debug_loc     0x0000000000000000      0x23a ../../libtock/build/cortex-m3/libtock.a(crt0.o)
 .debug_loc     0x000000000000023a      0x3e6 ../../libtock/build/cortex-m3/libtock.a(tock.o)
 .debug_loc     0x0000000000000620      0x1dd ../../libtock/build/cortex-m3/libtock.a(hd44780.o)
 .debug_loc     0x00000000000007fd      0x990 ../../libtock/build/cortex-m3/libtock.a(alarm_timer.o)
 .debug_loc     0x000000000000118d       0x84 ../../libtock/build/cortex-m3/libtock.a(alarm_internal.o)
 .debug_loc     0x0000000000001211       0x1e ../../libtock/build/cortex-m/libc.a(lib_a-exit.o)
 .debug_loc     0x000000000000122f       0xbe ../../libtock/build/cortex-m/libc.a(lib_a-memcpy-stub.o)
 .debug_loc     0x00000000000012ed       0x72 ../../libtock/build/cortex-m/libc.a(lib_a-memset.o)
 .debug_loc     0x000000000000135f       0x3f ../../libtock/build/cortex-m/libc.a(lib_a-printf.o)
 .debug_loc     0x000000000000139e      0x211 ../../libtock/build/cortex-m/libc.a(lib_a-findfp.o)
 .debug_loc     0x00000000000015af      0x199 ../../libtock/build/cortex-m/libc.a(lib_a-fwalk.o)
 .debug_loc     0x0000000000001748      0x222 ../../libtock/build/cortex-m/libc.a(lib_a-nano-mallocr.o)
 .debug_loc     0x000000000000196a      0x556 ../../libtock/build/cortex-m/libc.a(lib_a-nano-vfprintf.o)
 .debug_loc     0x0000000000001ec0       0x4d ../../libtock/build/cortex-m/libc.a(lib_a-sbrkr.o)
 .debug_loc     0x0000000000001f0d      0x302 ../../libtock/build/cortex-m/libc.a(lib_a-stdio.o)
 .debug_loc     0x000000000000220f      0x128 ../../libtock/build/cortex-m/libc.a(lib_a-wbuf.o)
 .debug_loc     0x0000000000002337       0xa5 ../../libtock/build/cortex-m/libc.a(lib_a-writer.o)
 .debug_loc     0x00000000000023dc       0x7e ../../libtock/build/cortex-m/libc.a(lib_a-wsetup.o)
 .debug_loc     0x000000000000245a       0x4d ../../libtock/build/cortex-m/libc.a(lib_a-closer.o)
 .debug_loc     0x00000000000024a7      0x2ab ../../libtock/build/cortex-m/libc.a(lib_a-fflush.o)
 .debug_loc     0x0000000000002752      0x5f2 ../../libtock/build/cortex-m/libc.a(lib_a-fvwrite.o)
 .debug_loc     0x0000000000002d44       0xa5 ../../libtock/build/cortex-m/libc.a(lib_a-lseekr.o)
 .debug_loc     0x0000000000002de9      0x213 ../../libtock/build/cortex-m/libc.a(lib_a-makebuf.o)
 .debug_loc     0x0000000000002ffc       0xb4 ../../libtock/build/cortex-m/libc.a(lib_a-memchr-stub.o)
 .debug_loc     0x00000000000030b0       0xe7 ../../libtock/build/cortex-m/libc.a(lib_a-memmove.o)
 .debug_loc     0x0000000000003197       0xe8 ../../libtock/build/cortex-m/libc.a(lib_a-nano-freer.o)
 .debug_loc     0x000000000000327f      0x13c ../../libtock/build/cortex-m/libc.a(lib_a-nano-reallocr.o)
 .debug_loc     0x00000000000033bb      0x5bb ../../libtock/build/cortex-m/libc.a(lib_a-nano-vfprintf_i.o)
 .debug_loc     0x0000000000003976       0xa5 ../../libtock/build/cortex-m/libc.a(lib_a-readr.o)
 .debug_loc     0x0000000000003a1b       0xcb ../../libtock/build/cortex-m/libc.a(lib_a-reent.o)
 .debug_loc     0x0000000000003ae6       0x79 ../../libtock/build/cortex-m/libc.a(lib_a-fstatr.o)
 .debug_loc     0x0000000000003b5f       0x4d ../../libtock/build/cortex-m/libc.a(lib_a-isattyr.o)
 .debug_loc     0x0000000000003bac       0x7d ../../libtock/build/cortex-m/libc.a(lib_a-nano-msizer.o)
 .debug_loc     0x0000000000003c29     0x1705 ../../libtock/build/cortex-m/libgcc.a(unwind-arm.o)
 .debug_loc     0x000000000000532e      0x52b ../../libtock/build/cortex-m/libgcc.a(pr-support.o)
 .debug_loc     0x0000000000005859      0x21e ../../libtock/build/cortex-m3/libtock.a(sys.o)
 .debug_loc     0x0000000000005a77      0x6de ../../libtock/build/cortex-m3/libtock.a(console.o)
 .debug_loc     0x0000000000006155       0x58 ../../libtock/build/cortex-m/libc.a(lib_a-malloc.o)
 .debug_loc     0x00000000000061ad      0x414 ../../libtock/build/cortex-m/libc.a(lib_a-signal.o)
 .debug_loc     0x00000000000065c1       0x9a ../../libtock/build/cortex-m/libc.a(lib_a-signalr.o)
 .debug_loc     0x000000000000665b      0x10f ../../libtock/build/cortex-m/libc.a(lib_a-strncpy.o)

.debug_aranges  0x0000000000000000      0xa88
 .debug_aranges
                0x0000000000000000       0x30 ../../libtock/build/cortex-m3/libtock.a(crt0.o)
 .debug_aranges
                0x0000000000000030       0xa8 ../../libtock/build/cortex-m3/libtock.a(tock.o)
 .debug_aranges
                0x00000000000000d8       0xa8 ../../libtock/build/cortex-m3/libtock.a(hd44780.o)
 .debug_aranges
                0x0000000000000180       0x70 ../../libtock/build/cortex-m3/libtock.a(alarm_timer.o)
 .debug_aranges
                0x00000000000001f0       0x38 ../../libtock/build/cortex-m3/libtock.a(alarm_internal.o)
 .debug_aranges
                0x0000000000000228       0x20 ../../libtock/build/cortex-m/libc.a(lib_a-exit.o)
 .debug_aranges
                0x0000000000000248       0x18 ../../libtock/build/cortex-m/libc.a(lib_a-impure.o)
 .debug_aranges
                0x0000000000000260       0x20 ../../libtock/build/cortex-m/libc.a(lib_a-memcpy-stub.o)
 .debug_aranges
                0x0000000000000280       0x20 ../../libtock/build/cortex-m/libc.a(lib_a-memset.o)
 .debug_aranges
                0x00000000000002a0       0x28 ../../libtock/build/cortex-m/libc.a(lib_a-printf.o)
 .debug_aranges
                0x00000000000002c8       0x20 ../../libtock/build/cortex-m/libc.a(lib_a-strlen.o)
 .debug_aranges
                0x00000000000002e8       0x68 ../../libtock/build/cortex-m/libc.a(lib_a-findfp.o)
 .debug_aranges
                0x0000000000000350       0x28 ../../libtock/build/cortex-m/libc.a(lib_a-fwalk.o)
 .debug_aranges
                0x0000000000000378       0x20 ../../libtock/build/cortex-m/libc.a(lib_a-nano-mallocr.o)
 .debug_aranges
                0x0000000000000398       0x40 ../../libtock/build/cortex-m/libc.a(lib_a-nano-vfprintf.o)
 .debug_aranges
                0x00000000000003d8       0x20 ../../libtock/build/cortex-m/libc.a(lib_a-sbrkr.o)
 .debug_aranges
                0x00000000000003f8       0x40 ../../libtock/build/cortex-m/libc.a(lib_a-stdio.o)
 .debug_aranges
                0x0000000000000438       0x28 ../../libtock/build/cortex-m/libc.a(lib_a-wbuf.o)
 .debug_aranges
                0x0000000000000460       0x20 ../../libtock/build/cortex-m/libc.a(lib_a-writer.o)
 .debug_aranges
                0x0000000000000480       0x20 ../../libtock/build/cortex-m/libc.a(lib_a-wsetup.o)
 .debug_aranges
                0x00000000000004a0       0x20 ../../libtock/build/cortex-m/libc.a(lib_a-closer.o)
 .debug_aranges
                0x00000000000004c0       0x30 ../../libtock/build/cortex-m/libc.a(lib_a-fflush.o)
 .debug_aranges
                0x00000000000004f0       0x20 ../../libtock/build/cortex-m/libc.a(lib_a-fvwrite.o)
 .debug_aranges
                0x0000000000000510       0x20 ../../libtock/build/cortex-m/libc.a(lib_a-lseekr.o)
 .debug_aranges
                0x0000000000000530       0x28 ../../libtock/build/cortex-m/libc.a(lib_a-makebuf.o)
 .debug_aranges
                0x0000000000000558       0x20 ../../libtock/build/cortex-m/libc.a(lib_a-memchr-stub.o)
 .debug_aranges
                0x0000000000000578       0x20 ../../libtock/build/cortex-m/libc.a(lib_a-memmove.o)
 .debug_aranges
                0x0000000000000598       0x20 ../../libtock/build/cortex-m/libc.a(lib_a-mlock.o)
 .debug_aranges
                0x00000000000005b8       0x20 ../../libtock/build/cortex-m/libc.a(lib_a-nano-freer.o)
 .debug_aranges
                0x00000000000005d8       0x20 ../../libtock/build/cortex-m/libc.a(lib_a-nano-reallocr.o)
 .debug_aranges
                0x00000000000005f8       0x28 ../../libtock/build/cortex-m/libc.a(lib_a-nano-vfprintf_i.o)
 .debug_aranges
                0x0000000000000620       0x20 ../../libtock/build/cortex-m/libc.a(lib_a-readr.o)
 .debug_aranges
                0x0000000000000640       0x28 ../../libtock/build/cortex-m/libc.a(lib_a-reent.o)
 .debug_aranges
                0x0000000000000668       0x20 ../../libtock/build/cortex-m/libc.a(lib_a-fstatr.o)
 .debug_aranges
                0x0000000000000688       0x20 ../../libtock/build/cortex-m/libc.a(lib_a-isattyr.o)
 .debug_aranges
                0x00000000000006a8       0x20 ../../libtock/build/cortex-m/libc.a(lib_a-nano-msizer.o)
 .debug_aranges
                0x00000000000006c8       0x20 ../../libtock/build/cortex-m/libgcc.a(_udivsi3.o)
 .debug_aranges
                0x00000000000006e8       0x20 ../../libtock/build/cortex-m/libgcc.a(_divsi3.o)
 .debug_aranges
                0x0000000000000708       0x20 ../../libtock/build/cortex-m/libgcc.a(_dvmd_tls.o)
 .debug_aranges
                0x0000000000000728       0xf0 ../../libtock/build/cortex-m/libgcc.a(unwind-arm.o)
 .debug_aranges
                0x0000000000000818       0x20 ../../libtock/build/cortex-m/libgcc.a(libunwind.o)
 .debug_aranges
                0x0000000000000838       0x58 ../../libtock/build/cortex-m/libgcc.a(pr-support.o)
 .debug_aranges
                0x0000000000000890       0x20 ../../libtock/build/cortex-m/libgcc.a(_thumb1_case_uqi.o)
 .debug_aranges
                0x00000000000008b0       0x78 ../../libtock/build/cortex-m3/libtock.a(sys.o)
 .debug_aranges
                0x0000000000000928       0x58 ../../libtock/build/cortex-m3/libtock.a(console.o)
 .debug_aranges
                0x0000000000000980       0x20 ../../libtock/build/cortex-m/libc.a(lib_a-abort.o)
 .debug_aranges
                0x00000000000009a0       0x20 ../../libtock/build/cortex-m/libc.a(lib_a-errno.o)
 .debug_aranges
                0x00000000000009c0       0x28 ../../libtock/build/cortex-m/libc.a(lib_a-malloc.o)
 .debug_aranges
                0x00000000000009e8       0x58 ../../libtock/build/cortex-m/libc.a(lib_a-signal.o)
 .debug_aranges
                0x0000000000000a40       0x28 ../../libtock/build/cortex-m/libc.a(lib_a-signalr.o)
 .debug_aranges
                0x0000000000000a68       0x20 ../../libtock/build/cortex-m/libc.a(lib_a-strncpy.o)

.debug_ranges   0x0000000000000000      0xb78
 .debug_ranges  0x0000000000000000       0x70 ../../libtock/build/cortex-m3/libtock.a(crt0.o)
 .debug_ranges  0x0000000000000070       0xb0 ../../libtock/build/cortex-m3/libtock.a(tock.o)
 .debug_ranges  0x0000000000000120       0xc8 ../../libtock/build/cortex-m3/libtock.a(hd44780.o)
 .debug_ranges  0x00000000000001e8       0xd0 ../../libtock/build/cortex-m3/libtock.a(alarm_timer.o)
 .debug_ranges  0x00000000000002b8       0x28 ../../libtock/build/cortex-m3/libtock.a(alarm_internal.o)
 .debug_ranges  0x00000000000002e0       0x10 ../../libtock/build/cortex-m/libc.a(lib_a-exit.o)
 .debug_ranges  0x00000000000002f0       0x10 ../../libtock/build/cortex-m/libc.a(lib_a-memcpy-stub.o)
 .debug_ranges  0x0000000000000300       0x10 ../../libtock/build/cortex-m/libc.a(lib_a-memset.o)
 .debug_ranges  0x0000000000000310       0x18 ../../libtock/build/cortex-m/libc.a(lib_a-printf.o)
 .debug_ranges  0x0000000000000328       0x58 ../../libtock/build/cortex-m/libc.a(lib_a-findfp.o)
 .debug_ranges  0x0000000000000380       0x18 ../../libtock/build/cortex-m/libc.a(lib_a-fwalk.o)
 .debug_ranges  0x0000000000000398       0x60 ../../libtock/build/cortex-m/libc.a(lib_a-nano-mallocr.o)
 .debug_ranges  0x00000000000003f8       0x48 ../../libtock/build/cortex-m/libc.a(lib_a-nano-vfprintf.o)
 .debug_ranges  0x0000000000000440       0x10 ../../libtock/build/cortex-m/libc.a(lib_a-sbrkr.o)
 .debug_ranges  0x0000000000000450       0x30 ../../libtock/build/cortex-m/libc.a(lib_a-stdio.o)
 .debug_ranges  0x0000000000000480       0x30 ../../libtock/build/cortex-m/libc.a(lib_a-wbuf.o)
 .debug_ranges  0x00000000000004b0       0x10 ../../libtock/build/cortex-m/libc.a(lib_a-writer.o)
 .debug_ranges  0x00000000000004c0       0x40 ../../libtock/build/cortex-m/libc.a(lib_a-wsetup.o)
 .debug_ranges  0x0000000000000500       0x28 ../../libtock/build/cortex-m/libc.a(lib_a-closer.o)
 .debug_ranges  0x0000000000000528       0x68 ../../libtock/build/cortex-m/libc.a(lib_a-fflush.o)
 .debug_ranges  0x0000000000000590       0x30 ../../libtock/build/cortex-m/libc.a(lib_a-fvwrite.o)
 .debug_ranges  0x00000000000005c0       0x10 ../../libtock/build/cortex-m/libc.a(lib_a-lseekr.o)
 .debug_ranges  0x00000000000005d0       0x30 ../../libtock/build/cortex-m/libc.a(lib_a-makebuf.o)
 .debug_ranges  0x0000000000000600       0x10 ../../libtock/build/cortex-m/libc.a(lib_a-memchr-stub.o)
 .debug_ranges  0x0000000000000610       0x10 ../../libtock/build/cortex-m/libc.a(lib_a-memmove.o)
 .debug_ranges  0x0000000000000620       0x10 ../../libtock/build/cortex-m/libc.a(lib_a-mlock.o)
 .debug_ranges  0x0000000000000630       0x28 ../../libtock/build/cortex-m/libc.a(lib_a-nano-freer.o)
 .debug_ranges  0x0000000000000658       0x10 ../../libtock/build/cortex-m/libc.a(lib_a-nano-reallocr.o)
 .debug_ranges  0x0000000000000668       0x88 ../../libtock/build/cortex-m/libc.a(lib_a-nano-vfprintf_i.o)
 .debug_ranges  0x00000000000006f0       0x10 ../../libtock/build/cortex-m/libc.a(lib_a-readr.o)
 .debug_ranges  0x0000000000000700       0x48 ../../libtock/build/cortex-m/libc.a(lib_a-reent.o)
 .debug_ranges  0x0000000000000748       0x28 ../../libtock/build/cortex-m/libc.a(lib_a-fstatr.o)
 .debug_ranges  0x0000000000000770       0x28 ../../libtock/build/cortex-m/libc.a(lib_a-isattyr.o)
 .debug_ranges  0x0000000000000798       0x10 ../../libtock/build/cortex-m/libc.a(lib_a-nano-msizer.o)
 .debug_ranges  0x00000000000007a8      0x1b8 ../../libtock/build/cortex-m/libgcc.a(unwind-arm.o)
 .debug_ranges  0x0000000000000960       0x78 ../../libtock/build/cortex-m/libgcc.a(pr-support.o)
 .debug_ranges  0x00000000000009d8       0x68 ../../libtock/build/cortex-m3/libtock.a(sys.o)
 .debug_ranges  0x0000000000000a40       0x78 ../../libtock/build/cortex-m3/libtock.a(console.o)
 .debug_ranges  0x0000000000000ab8       0x10 ../../libtock/build/cortex-m/libc.a(lib_a-abort.o)
 .debug_ranges  0x0000000000000ac8       0x10 ../../libtock/build/cortex-m/libc.a(lib_a-errno.o)
 .debug_ranges  0x0000000000000ad8       0x18 ../../libtock/build/cortex-m/libc.a(lib_a-malloc.o)
 .debug_ranges  0x0000000000000af0       0x48 ../../libtock/build/cortex-m/libc.a(lib_a-signal.o)
 .debug_ranges  0x0000000000000b38       0x30 ../../libtock/build/cortex-m/libc.a(lib_a-signalr.o)
 .debug_ranges  0x0000000000000b68       0x10 ../../libtock/build/cortex-m/libc.a(lib_a-strncpy.o)

.debug_line     0x0000000000000000     0x63ca
 .debug_line    0x0000000000000000      0x17f ../../libtock/build/cortex-m3/libtock.a(crt0.o)
 .debug_line    0x000000000000017f      0x29d ../../libtock/build/cortex-m3/libtock.a(tock.o)
 .debug_line    0x000000000000041c      0x285 ../../libtock/build/cortex-m3/libtock.a(hd44780.o)
 .debug_line    0x00000000000006a1      0x2b5 ../../libtock/build/cortex-m3/libtock.a(alarm_timer.o)
 .debug_line    0x0000000000000956      0x15b ../../libtock/build/cortex-m3/libtock.a(alarm_internal.o)
 .debug_line    0x0000000000000ab1      0x1a4 ../../libtock/build/cortex-m/libc.a(lib_a-exit.o)
 .debug_line    0x0000000000000c55      0x119 ../../libtock/build/cortex-m/libc.a(lib_a-impure.o)
 .debug_line    0x0000000000000d6e      0x1b1 ../../libtock/build/cortex-m/libc.a(lib_a-memcpy-stub.o)
 .debug_line    0x0000000000000f1f      0x216 ../../libtock/build/cortex-m/libc.a(lib_a-memset.o)
 .debug_line    0x0000000000001135      0x205 ../../libtock/build/cortex-m/libc.a(lib_a-printf.o)
 .debug_line    0x000000000000133a       0x8b ../../libtock/build/cortex-m/libc.a(lib_a-strlen.o)
 .debug_line    0x00000000000013c5      0x303 ../../libtock/build/cortex-m/libc.a(lib_a-findfp.o)
 .debug_line    0x00000000000016c8      0x22b ../../libtock/build/cortex-m/libc.a(lib_a-fwalk.o)
 .debug_line    0x00000000000018f3      0x1f3 ../../libtock/build/cortex-m/libc.a(lib_a-nano-mallocr.o)
 .debug_line    0x0000000000001ae6      0x443 ../../libtock/build/cortex-m/libc.a(lib_a-nano-vfprintf.o)
 .debug_line    0x0000000000001f29      0x1ab ../../libtock/build/cortex-m/libc.a(lib_a-sbrkr.o)
 .debug_line    0x00000000000020d4      0x235 ../../libtock/build/cortex-m/libc.a(lib_a-stdio.o)
 .debug_line    0x0000000000002309      0x241 ../../libtock/build/cortex-m/libc.a(lib_a-wbuf.o)
 .debug_line    0x000000000000254a      0x1a8 ../../libtock/build/cortex-m/libc.a(lib_a-writer.o)
 .debug_line    0x00000000000026f2      0x234 ../../libtock/build/cortex-m/libc.a(lib_a-wsetup.o)
 .debug_line    0x0000000000002926      0x1ac ../../libtock/build/cortex-m/libc.a(lib_a-closer.o)
 .debug_line    0x0000000000002ad2      0x2b2 ../../libtock/build/cortex-m/libc.a(lib_a-fflush.o)
 .debug_line    0x0000000000002d84      0x2c3 ../../libtock/build/cortex-m/libc.a(lib_a-fvwrite.o)
 .debug_line    0x0000000000003047      0x1a8 ../../libtock/build/cortex-m/libc.a(lib_a-lseekr.o)
 .debug_line    0x00000000000031ef      0x2be ../../libtock/build/cortex-m/libc.a(lib_a-makebuf.o)
 .debug_line    0x00000000000034ad      0x1b1 ../../libtock/build/cortex-m/libc.a(lib_a-memchr-stub.o)
 .debug_line    0x000000000000365e      0x226 ../../libtock/build/cortex-m/libc.a(lib_a-memmove.o)
 .debug_line    0x0000000000003884      0x129 ../../libtock/build/cortex-m/libc.a(lib_a-mlock.o)
 .debug_line    0x00000000000039ad      0x17a ../../libtock/build/cortex-m/libc.a(lib_a-nano-freer.o)
 .debug_line    0x0000000000003b27      0x1b9 ../../libtock/build/cortex-m/libc.a(lib_a-nano-reallocr.o)
 .debug_line    0x0000000000003ce0      0x439 ../../libtock/build/cortex-m/libc.a(lib_a-nano-vfprintf_i.o)
 .debug_line    0x0000000000004119      0x1a7 ../../libtock/build/cortex-m/libc.a(lib_a-readr.o)
 .debug_line    0x00000000000042c0      0x1d5 ../../libtock/build/cortex-m/libc.a(lib_a-reent.o)
 .debug_line    0x0000000000004495      0x24f ../../libtock/build/cortex-m/libc.a(lib_a-fstatr.o)
 .debug_line    0x00000000000046e4      0x1ad ../../libtock/build/cortex-m/libc.a(lib_a-isattyr.o)
 .debug_line    0x0000000000004891      0x13f ../../libtock/build/cortex-m/libc.a(lib_a-nano-msizer.o)
 .debug_line    0x00000000000049d0       0x78 ../../libtock/build/cortex-m/libgcc.a(_udivsi3.o)
 .debug_line    0x0000000000004a48       0x86 ../../libtock/build/cortex-m/libgcc.a(_divsi3.o)
 .debug_line    0x0000000000004ace       0x61 ../../libtock/build/cortex-m/libgcc.a(_dvmd_tls.o)
 .debug_line    0x0000000000004b2f      0x727 ../../libtock/build/cortex-m/libgcc.a(unwind-arm.o)
 .debug_line    0x0000000000005256       0x8b ../../libtock/build/cortex-m/libgcc.a(libunwind.o)
 .debug_line    0x00000000000052e1      0x1f9 ../../libtock/build/cortex-m/libgcc.a(pr-support.o)
 .debug_line    0x00000000000054da       0x69 ../../libtock/build/cortex-m/libgcc.a(_thumb1_case_uqi.o)
 .debug_line    0x0000000000005543      0x220 ../../libtock/build/cortex-m3/libtock.a(sys.o)
 .debug_line    0x0000000000005763      0x1cd ../../libtock/build/cortex-m3/libtock.a(console.o)
 .debug_line    0x0000000000005930      0x1aa ../../libtock/build/cortex-m/libc.a(lib_a-abort.o)
 .debug_line    0x0000000000005ada      0x136 ../../libtock/build/cortex-m/libc.a(lib_a-errno.o)
 .debug_line    0x0000000000005c10      0x1be ../../libtock/build/cortex-m/libc.a(lib_a-malloc.o)
 .debug_line    0x0000000000005dce      0x29e ../../libtock/build/cortex-m/libc.a(lib_a-signal.o)
 .debug_line    0x000000000000606c      0x1bd ../../libtock/build/cortex-m/libc.a(lib_a-signalr.o)
 .debug_line    0x0000000000006229      0x1a1 ../../libtock/build/cortex-m/libc.a(lib_a-strncpy.o)

.debug_str      0x0000000000000000     0x3215
 .debug_str     0x0000000000000000      0x5c7 ../../libtock/build/cortex-m3/libtock.a(crt0.o)
                                        0x6d0 (size before relaxing)
 .debug_str     0x00000000000005c7      0x20b ../../libtock/build/cortex-m3/libtock.a(tock.o)
                                        0x809 (size before relaxing)
 .debug_str     0x00000000000007d2      0x1a0 ../../libtock/build/cortex-m3/libtock.a(hd44780.o)
                                        0x772 (size before relaxing)
 .debug_str     0x0000000000000972      0x192 ../../libtock/build/cortex-m3/libtock.a(alarm_timer.o)
                                        0x7c1 (size before relaxing)
 .debug_str     0x0000000000000b04       0x45 ../../libtock/build/cortex-m3/libtock.a(alarm_internal.o)
                                        0x674 (size before relaxing)
 .debug_str     0x0000000000000b49      0x221 ../../libtock/build/cortex-m/libc.a(lib_a-exit.o)
                                        0x67f (size before relaxing)
 .debug_str     0x0000000000000d6a       0xc3 ../../libtock/build/cortex-m/libc.a(lib_a-impure.o)
                                        0x633 (size before relaxing)
 .debug_str     0x0000000000000e2d       0xdf ../../libtock/build/cortex-m/libc.a(lib_a-memcpy-stub.o)
                                        0x65d (size before relaxing)
 .debug_str     0x0000000000000f0c      0x324 ../../libtock/build/cortex-m/libc.a(lib_a-memset.o)
                                        0x94c (size before relaxing)
 .debug_str     0x0000000000001230      0x1ed ../../libtock/build/cortex-m/libc.a(lib_a-printf.o)
                                        0x7ad (size before relaxing)
 .debug_str     0x000000000000141d      0x186 ../../libtock/build/cortex-m/libc.a(lib_a-findfp.o)
                                        0x8d7 (size before relaxing)
 .debug_str     0x00000000000015a3       0x51 ../../libtock/build/cortex-m/libc.a(lib_a-fwalk.o)
                                        0x7a9 (size before relaxing)
 .debug_str     0x00000000000015f4      0x13e ../../libtock/build/cortex-m/libc.a(lib_a-nano-mallocr.o)
                                        0x77a (size before relaxing)
 .debug_str     0x0000000000001732      0x1d3 ../../libtock/build/cortex-m/libc.a(lib_a-nano-vfprintf.o)
                                        0xc94 (size before relaxing)
 .debug_str     0x0000000000001905       0x57 ../../libtock/build/cortex-m/libc.a(lib_a-sbrkr.o)
                                        0x676 (size before relaxing)
 .debug_str     0x000000000000195c       0xa2 ../../libtock/build/cortex-m/libc.a(lib_a-stdio.o)
                                        0x7fd (size before relaxing)
 .debug_str     0x00000000000019fe       0x53 ../../libtock/build/cortex-m/libc.a(lib_a-wbuf.o)
                                        0x7bc (size before relaxing)
 .debug_str     0x0000000000001a51       0x43 ../../libtock/build/cortex-m/libc.a(lib_a-writer.o)
                                        0x673 (size before relaxing)
 .debug_str     0x0000000000001a94       0x58 ../../libtock/build/cortex-m/libc.a(lib_a-wsetup.o)
                                        0x7b7 (size before relaxing)
 .debug_str     0x0000000000001aec       0x43 ../../libtock/build/cortex-m/libc.a(lib_a-closer.o)
                                        0x663 (size before relaxing)
 .debug_str     0x0000000000001b2f       0x66 ../../libtock/build/cortex-m/libc.a(lib_a-fflush.o)
                                        0x7e5 (size before relaxing)
 .debug_str     0x0000000000001b95       0x75 ../../libtock/build/cortex-m/libc.a(lib_a-fvwrite.o)
                                        0x836 (size before relaxing)
 .debug_str     0x0000000000001c0a       0x4a ../../libtock/build/cortex-m/libc.a(lib_a-lseekr.o)
                                        0x671 (size before relaxing)
 .debug_str     0x0000000000001c54      0x16a ../../libtock/build/cortex-m/libc.a(lib_a-makebuf.o)
                                        0x923 (size before relaxing)
 .debug_str     0x0000000000001dbe       0x61 ../../libtock/build/cortex-m/libc.a(lib_a-memchr-stub.o)
                                        0x659 (size before relaxing)
 .debug_str     0x0000000000001e1f       0x4e ../../libtock/build/cortex-m/libc.a(lib_a-memmove.o)
                                        0x967 (size before relaxing)
 .debug_str     0x0000000000001e6d       0x5c ../../libtock/build/cortex-m/libc.a(lib_a-mlock.o)
                                        0x65f (size before relaxing)
 .debug_str     0x0000000000001ec9       0x24 ../../libtock/build/cortex-m/libc.a(lib_a-nano-freer.o)
                                        0x763 (size before relaxing)
 .debug_str     0x0000000000001eed       0x23 ../../libtock/build/cortex-m/libc.a(lib_a-nano-reallocr.o)
                                        0x760 (size before relaxing)
 .debug_str     0x0000000000001f10       0xa4 ../../libtock/build/cortex-m/libc.a(lib_a-nano-vfprintf_i.o)
                                        0xc1a (size before relaxing)
 .debug_str     0x0000000000001fb4       0x42 ../../libtock/build/cortex-m/libc.a(lib_a-readr.o)
                                        0x671 (size before relaxing)
 .debug_str     0x0000000000001ff6       0x6e ../../libtock/build/cortex-m/libc.a(lib_a-reent.o)
                                        0x66f (size before relaxing)
 .debug_str     0x0000000000002064       0x50 ../../libtock/build/cortex-m/libc.a(lib_a-fstatr.o)
                                        0x7ca (size before relaxing)
 .debug_str     0x00000000000020b4       0x4c ../../libtock/build/cortex-m/libc.a(lib_a-isattyr.o)
                                        0x66d (size before relaxing)
 .debug_str     0x0000000000002100        0xf ../../libtock/build/cortex-m/libc.a(lib_a-nano-msizer.o)
                                        0x73e (size before relaxing)
 .debug_str     0x000000000000210f      0xbbb ../../libtock/build/cortex-m/libgcc.a(unwind-arm.o)
                                       0x1126 (size before relaxing)
 .debug_str     0x0000000000002cca       0xe0 ../../libtock/build/cortex-m/libgcc.a(pr-support.o)
                                        0x5a2 (size before relaxing)
 .debug_str     0x0000000000002daa       0x78 ../../libtock/build/cortex-m3/libtock.a(sys.o)
                                        0x7ed (size before relaxing)
 .debug_str     0x0000000000002e22       0xf0 ../../libtock/build/cortex-m3/libtock.a(console.o)
                                        0x712 (size before relaxing)
 .debug_str     0x0000000000002f12       0x49 ../../libtock/build/cortex-m/libc.a(lib_a-abort.o)
                                        0x671 (size before relaxing)
 .debug_str     0x0000000000002f5b       0xb6 ../../libtock/build/cortex-m/libc.a(lib_a-errno.o)
                                        0x645 (size before relaxing)
 .debug_str     0x0000000000003011       0x50 ../../libtock/build/cortex-m/libc.a(lib_a-malloc.o)
                                        0x664 (size before relaxing)
 .debug_str     0x0000000000003061      0x11f ../../libtock/build/cortex-m/libc.a(lib_a-signal.o)
                                        0x6d6 (size before relaxing)
 .debug_str     0x0000000000003180       0x44 ../../libtock/build/cortex-m/libc.a(lib_a-signalr.o)
                                        0x67b (size before relaxing)
 .debug_str     0x00000000000031c4       0x51 ../../libtock/build/cortex-m/libc.a(lib_a-strncpy.o)
                                        0x655 (size before relaxing)

.debug_frame    0x0000000000000000     0x1558
 .debug_frame   0x0000000000000000       0x50 ../../libtock/build/cortex-m3/libtock.a(crt0.o)
 .debug_frame   0x0000000000000050      0x174 ../../libtock/build/cortex-m3/libtock.a(tock.o)
 .debug_frame   0x00000000000001c4      0x178 ../../libtock/build/cortex-m3/libtock.a(hd44780.o)
 .debug_frame   0x000000000000033c      0x194 ../../libtock/build/cortex-m3/libtock.a(alarm_timer.o)
 .debug_frame   0x00000000000004d0       0x50 ../../libtock/build/cortex-m3/libtock.a(alarm_internal.o)
 .debug_frame   0x0000000000000520       0x34 ../../libtock/build/cortex-m/libc.a(lib_a-exit.o)
 .debug_frame   0x0000000000000554       0x28 ../../libtock/build/cortex-m/libc.a(lib_a-memcpy-stub.o)
 .debug_frame   0x000000000000057c       0x20 ../../libtock/build/cortex-m/libc.a(lib_a-memset.o)
 .debug_frame   0x000000000000059c       0x54 ../../libtock/build/cortex-m/libc.a(lib_a-printf.o)
 .debug_frame   0x00000000000005f0      0x168 ../../libtock/build/cortex-m/libc.a(lib_a-findfp.o)
 .debug_frame   0x0000000000000758       0x50 ../../libtock/build/cortex-m/libc.a(lib_a-fwalk.o)
 .debug_frame   0x00000000000007a8       0x34 ../../libtock/build/cortex-m/libc.a(lib_a-nano-mallocr.o)
 .debug_frame   0x00000000000007dc       0xa8 ../../libtock/build/cortex-m/libc.a(lib_a-nano-vfprintf.o)
 .debug_frame   0x0000000000000884       0x30 ../../libtock/build/cortex-m/libc.a(lib_a-sbrkr.o)
 .debug_frame   0x00000000000008b4       0x90 ../../libtock/build/cortex-m/libc.a(lib_a-stdio.o)
 .debug_frame   0x0000000000000944       0x50 ../../libtock/build/cortex-m/libc.a(lib_a-wbuf.o)
 .debug_frame   0x0000000000000994       0x30 ../../libtock/build/cortex-m/libc.a(lib_a-writer.o)
 .debug_frame   0x00000000000009c4       0x38 ../../libtock/build/cortex-m/libc.a(lib_a-wsetup.o)
 .debug_frame   0x00000000000009fc       0x30 ../../libtock/build/cortex-m/libc.a(lib_a-closer.o)
 .debug_frame   0x0000000000000a2c       0x70 ../../libtock/build/cortex-m/libc.a(lib_a-fflush.o)
 .debug_frame   0x0000000000000a9c       0x30 ../../libtock/build/cortex-m/libc.a(lib_a-fvwrite.o)
 .debug_frame   0x0000000000000acc       0x30 ../../libtock/build/cortex-m/libc.a(lib_a-lseekr.o)
 .debug_frame   0x0000000000000afc       0x58 ../../libtock/build/cortex-m/libc.a(lib_a-makebuf.o)
 .debug_frame   0x0000000000000b54       0x20 ../../libtock/build/cortex-m/libc.a(lib_a-memchr-stub.o)
 .debug_frame   0x0000000000000b74       0x28 ../../libtock/build/cortex-m/libc.a(lib_a-memmove.o)
 .debug_frame   0x0000000000000b9c       0x30 ../../libtock/build/cortex-m/libc.a(lib_a-mlock.o)
 .debug_frame   0x0000000000000bcc       0x30 ../../libtock/build/cortex-m/libc.a(lib_a-nano-freer.o)
 .debug_frame   0x0000000000000bfc       0x30 ../../libtock/build/cortex-m/libc.a(lib_a-nano-reallocr.o)
 .debug_frame   0x0000000000000c2c       0x58 ../../libtock/build/cortex-m/libc.a(lib_a-nano-vfprintf_i.o)
 .debug_frame   0x0000000000000c84       0x30 ../../libtock/build/cortex-m/libc.a(lib_a-readr.o)
 .debug_frame   0x0000000000000cb4       0x50 ../../libtock/build/cortex-m/libc.a(lib_a-reent.o)
 .debug_frame   0x0000000000000d04       0x30 ../../libtock/build/cortex-m/libc.a(lib_a-fstatr.o)
 .debug_frame   0x0000000000000d34       0x30 ../../libtock/build/cortex-m/libc.a(lib_a-isattyr.o)
 .debug_frame   0x0000000000000d64       0x20 ../../libtock/build/cortex-m/libc.a(lib_a-nano-msizer.o)
 .debug_frame   0x0000000000000d84       0x20 ../../libtock/build/cortex-m/libgcc.a(_udivsi3.o)
 .debug_frame   0x0000000000000da4       0x20 ../../libtock/build/cortex-m/libgcc.a(_divsi3.o)
 .debug_frame   0x0000000000000dc4      0x2c8 ../../libtock/build/cortex-m/libgcc.a(unwind-arm.o)
 .debug_frame   0x000000000000108c       0xe8 ../../libtock/build/cortex-m/libgcc.a(pr-support.o)
 .debug_frame   0x0000000000001174       0xf0 ../../libtock/build/cortex-m3/libtock.a(sys.o)
 .debug_frame   0x0000000000001264      0x104 ../../libtock/build/cortex-m3/libtock.a(console.o)
 .debug_frame   0x0000000000001368       0x28 ../../libtock/build/cortex-m/libc.a(lib_a-abort.o)
 .debug_frame   0x0000000000001390       0x2c ../../libtock/build/cortex-m/libc.a(lib_a-errno.o)
 .debug_frame   0x00000000000013bc       0x40 ../../libtock/build/cortex-m/libc.a(lib_a-malloc.o)
 .debug_frame   0x00000000000013fc       0xe8 ../../libtock/build/cortex-m/libc.a(lib_a-signal.o)
 .debug_frame   0x00000000000014e4       0x48 ../../libtock/build/cortex-m/libc.a(lib_a-signalr.o)
 .debug_frame   0x000000000000152c       0x2c ../../libtock/build/cortex-m/libc.a(lib_a-strncpy.o)
